Microchip MPLAB XC8 Compiler V2.46

Linker command line:

--edf=/Applications/microchip/xc8/v2.46/pic/dat/20240104201356_en.msgs \
  -pivt0x8=08h -cn \
  -h+.ca/dist/PRO_Comparison/production/BulletLogger_V9_Q43.X.production.sym \
  --cmf=.ca/dist/PRO_Comparison/production/BulletLogger_V9_Q43.X.production.cmf \
  -z -Q18F57Q43 -o/tmp/xcnYM8ERw/driver_tmp_3.o --defsym=__MPLAB_BUILD=1 \
  --fixupoverflow=error \
  -M.ca/dist/PRO_Comparison/production/BulletLogger_V9_Q43.X.production.map \
  --md=/tmp/xcnYM8ERw/driver_tmp_0.dat -E1 -ver=XC8 Compiler --acfsm=1493 \
  -ACODE=00h-01FFFFh -ACONST=00h-01FFFFh -ASMALLCONST=02500h-025FFhx475 \
  -AMEDIUMCONST=02500h-0FFFFh,012500h-01FFFFh -ACOMRAM=0501h-055Fh \
  -AABS1=0500h-024FFh -ABIGRAM=0501h-024FFh \
  -ARAM=0560h-05FFh,0600h-06FFhx31 -ABANK5=0560h-05FFh -ABANK6=0600h-06FFh \
  -ABANK7=0700h-07FFh -ABANK8=0800h-08FFh -ABANK9=0900h-09FFh \
  -ABANK10=0A00h-0AFFh -ABANK11=0B00h-0BFFh -ABANK12=0C00h-0CFFh \
  -ABANK13=0D00h-0DFFh -ABANK14=0E00h-0EFFh -ABANK15=0F00h-0FFFh \
  -ABANK16=01000h-010FFh -ABANK17=01100h-011FFh -ABANK18=01200h-012FFh \
  -ABANK19=01300h-013FFh -ABANK20=01400h-014FFh -ABANK21=01500h-015FFh \
  -ABANK22=01600h-016FFh -ABANK23=01700h-017FFh -ABANK24=01800h-018FFh \
  -ABANK25=01900h-019FFh -ABANK26=01A00h-01AFFh -ABANK27=01B00h-01BFFh \
  -ABANK28=01C00h-01CFFh -ABANK29=01D00h-01DFFh -ABANK30=01E00h-01EFFh \
  -ABANK31=01F00h-01FFFh -ABANK32=02000h-020FFh -ABANK33=02100h-021FFh \
  -ABANK34=02200h-022FFh -ABANK35=02300h-023FFh -ABANK36=02400h-024FFh \
  -ASFR=00h-0FFhx4,0400h-045Fh,0460h-04FFh,02500h-025FFh \
  -ABIGSFR=00h-04FFh,02500h-025FFh -ACONFIG=0300000h-0300011h \
  -AIDLOC=0200000h-020003Fh -AEEDATA=0380000h-03803FFh -peeprom_data=EEDATA \
  -preset_vec=00h -ppowerup=CODE,init -pramtop=02500h \
  -psmallconst=SMALLCONST -pmediumconst=MEDIUMCONST -pconst=CONST \
  -AFARRAM=00h-00h \
  -prdata=COMRAM,nvrram=COMRAM,nvbit=COMRAM,rbss=COMRAM,rbit=COMRAM \
  -pfarbss=FARRAM,fardata=FARRAM,nvFARRAM=FARRAM \
  -pintsave_regs=BIGRAM,bigbss=BIGRAM,bigdata=BIGRAM -pbss=RAM \
  -pidata=CODE,irdata=CODE,ibigdata=CODE,ifardata=CODE -prparam=COMRAM \
  /tmp/xcnYM8ERw/driver_tmp_15.o \
  .ca/dist/PRO_Comparison/production/BulletLogger_V9_Q43.X.production.o 

Object code version is 3.11

Machine type is 18F57Q43



                Name                               Link     Load   Length Selector   Space Scale
/tmp/xcnYM8ERw/driver_tmp_15.o
                idloc                            200000   200000       40        0       5
                config                           300000   300000        A        0       4
                init                                 1A       1A        4        4       0
                reset_vec                             0        0        4        0       0
.ca/dist/PRO_Comparison/production/BulletLogger_V9_Q43.X.production.o
                eeprom_data                      380000   380000       18   380000       0
                idloc                            200000   200000       40        0       5
                config                           300000   300000        A        0       4
                mediumconst                        EB94     EB94     146C     75CA       0
                ivt0x8                                8        8       12        4       0
                text397                            D49E     D49E       36        4       0
                text396                            E0BA     E0BA        8     6FEC       0
                text395                            E0B2     E0B2        8     6FEC       0
                text394                            E0AA     E0AA        8     6FEC       0
                text393                            E0A2     E0A2        8     6FEC       0
                text392                            E09A     E09A        8     6FEC       0
                text391                            E092     E092        8     6FEC       0
                text390                            E08A     E08A        8     6FEC       0
                text389                            E082     E082        8     6FEC       0
                text388                            E14A     E14A        2     6FEC       0
                text387                            D468     D468       36        4       0
                text386                            C35A     C35A       5C        4       0
                text385                            E148     E148        2     6FEC       0
                text384                            D432     D432       36        4       0
                text383                            DDEC     DDEC       10        4       0
                text382                            E146     E146        2     6FEC       0
                text381                            D3FC     D3FC       36        4       0
                text380                            D11C     D11C       3E        4       0
                text379                            E07A     E07A        8     6FEC       0
                text378                            E072     E072        8     6FEC       0
                text377                            E06A     E06A        8     6FEC       0
                text376                            E062     E062        8     6FEC       0
                text375                            E05A     E05A        8     6FEC       0
                text374                            E144     E144        2     6FEC       0
                text373                            D0DC     D0DC       40        4       0
                text372                            E052     E052        8     6FEC       0
                text371                            E142     E142        2     6FEC       0
                text370                            D6A8     D6A8       34        4       0
                text369                            E04A     E04A        8     6FEC       0
                text368                            E140     E140        2     6FEC       0
                text367                            D9DC     D9DC       2A        4       0
                text366                            D09C     D09C       40        4       0
                text365                            E042     E042        8     6FEC       0
                text364                            E13E     E13E        2     6FEC       0
                text363                            D674     D674       34        4       0
                text362                            E03A     E03A        8     6FEC       0
                text361                            E13C     E13C        2     6FEC       0
                text360                            D9B2     D9B2       2A        4       0
                text359                            D05C     D05C       40        4       0
                text358                            D8B4     D8B4       2C        4       0
                text357                            E122     E122        6     6FEC       0
                text356                            E13A     E13A        2     6FEC       0
                text355                            E138     E138        2     6FEC       0
                text354                            A9AC     A9AC       C8        4       0
                text353                            CD80     CD80       46        4       0
                text352                            D888     D888       2C        4       0
                text351                            E11C     E11C        6     6FEC       0
                text350                            E136     E136        2     6FEC       0
                text349                            E134     E134        2     6FEC       0
                text348                            A8E4     A8E4       C8        4       0
                text347                            CD3A     CD3A       46        4       0
                text346                            3E22     3E22      272        4       0
                text345                            CE4E     CE4E       44        4       0
                text344                            CCF4     CCF4       46        4       0
                text343                            CCAC     CCAC       48        4       0
                text342                            CF9A     CF9A       42        4       0
                text341                            CC64     CC64       48        4       0
                text340                            CF58     CF58       42        4       0
                text339                            CF16     CF16       42        4       0
                text338                            CB40     CB40       4C        4       0
                text337                            BD64     BD64       70        4       0
                text336                            62C2     62C2      1C2        4       0
                text335                            D7D0     D7D0       30        4       0
                text334                            C622     C622       58        4       0
                text333                            E000     E000        A     6FEC       0
                text332                            A81A     A81A       CA        4       0
                text331                            A74E     A74E       CC        4       0
                text330                            ABFE     ABFE       C4        4       0
                text329                            AEF4     AEF4       B0        4       0
                text328                            D640     D640       34        4       0
                text327                            CE0A     CE0A       44        4       0
                text326                            B4DC     B4DC       A2        4       0
                text325                            69AE     69AE      1B8        4       0
                text324                             F96      F96      39A        4       0
                text323                            B1A4     B1A4       AA        4       0
                text322                            94CC     94CC      104        4       0
                text321                           1F7EE    1F7EE      42A     8000       0
                text320                            D358     D358       38        4       0
                text319                           1D8BC    1D8BC      4C0     8000       0
                text318                            CC1C     CC1C       48        4       0
                text317                            93C4     93C4      108        4       0
                text316                            98D0     98D0       FE        4       0
                text315                            4BBA     4BBA      216        4       0
                text314                            C828     C828       56        4       0
                text313                            C970     C970       50        4       0
                text312                            D15A     D15A       3C        4       0
                text311                           152D2    152D2      A6C     8000       0
                text310                            DA7C     DA7C       26        4       0
                text309                            A4E8     A4E8       CE        4       0
                text308                            7074     7074      1A2        4       0
                text307                            8B9E     8B9E      146        4       0
                text306                           197C4    197C4      63E     8000       0
                text305                            C7D2     C7D2       56        4       0
                text304                            DA2E     DA2E       28        4       0
                text303                            A41A     A41A       CE        4       0
                text302                            DFB6     DFB6        C        4       0
                text301                            DBE4     DBE4       1C        4       0
                text300                            DBC8     DBC8       1C        4       0
                text299                            DF84     DF84        E        4       0
                text298                            CDC6     CDC6       44        4       0
                text297                            E116     E116        6     6FEC       0
                text296                            DC1A     DC1A       1A        4       0
                text295                            9F24     9F24       DA        4       0
                text294                            DD3C     DD3C       18        4       0
                text293                            DD94     DD94       14        4       0
                text292                            DDDC     DDDC       10        4       0
                text291                            C184     C184       60        4       0
                text290                            DFF6     DFF6        A     6FEC       0
                text289                            D196     D196       3A        4       0
                text288                            9E4A     9E4A       DA        4       0
                text287                            5F32     5F32      1CA        4       0
                text286                            3BAC     3BAC      276        4       0
                text285                            DD24     DD24       18        4       0
                text284                            19FE     19FE      330        4       0
                text283                            C920     C920       50        4       0
                text282                            A34C     A34C       CE        4       0
                text281                            CED4     CED4       42        4       0
                text280                            ACC2     ACC2       C2        4       0
                text279                            DB4E     DB4E       20        4       0
                text278                            DFAA     DFAA        C        4       0
                text277                            DDCC     DDCC       10        4       0
                text276                            DFEC     DFEC        A     6FEC       0
                text275                            DF9E     DF9E        C        4       0
                text274                            AB3A     AB3A       C4        4       0
                text273                            DF76     DF76        E        4       0
                text272                            51F2     51F2      1FE        4       0
                text271                            6D1C     6D1C      1B4        4       0
                text270                            D60C     D60C       34        4       0
                text269                             820      820      3CA        4       0
                text268                            476C     476C      232        4       0
                text267                           1C534    1C534      50E     8000       0
                text266                            2056     2056      328        4       0
                text265                            DF68     DF68        E        4       0
                text264                            DD0C     DD0C       18        4       0
                text263                            DCF4     DCF4       18        4       0
                text262                            C410     C410       5A        4       0
                text261                            B43A     B43A       A2        4       0
                text260                            3936     3936      276        4       0
                text259                            CE92     CE92       42        4       0
                text258                            292C     292C      2C0        4       0
                text257                            8A56     8A56      148        4       0
                text256                            1D2E     1D2E      328        4       0
                text255                            CAF4     CAF4       4C        4       0
                text254                            DBAA     DBAA       1E        4       0
                text253                            D5D8     D5D8       34        4       0
                text252                            D7A0     D7A0       30        4       0
                text251                            AFA4     AFA4       AC        4       0
                text250                            CA0E     CA0E       4E        4       0
                text249                            67F6     67F6      1B8        4       0
                text248                            9ABE     9ABE       EE        4       0
                text247                            C87E     C87E       52        4       0
                text246                            60FC     60FC      1C6        4       0
                text245                           14850    14850      A82     8000       0
                text244                            95D0     95D0      102        4       0
                text243                            C2FE     C2FE       5C        4       0
                text242                            D320     D320       38        4       0
                text241                            D2E8     D2E8       38        4       0
                text240                            D2B0     D2B0       38        4       0
                text239                            D278     D278       38        4       0
                text238                            D5A4     D5A4       34        4       0
                text237                            D570     D570       34        4       0
                text236                            D53C     D53C       34        4       0
                text235                            CAA8     CAA8       4C        4       0
                text234                            E032     E032        8     6FEC       0
                text233                            DB2C     DB2C       22        4       0
                text232                            E130     E130        4     6FEC       0
                text231                            D988     D988       2A        4       0
                text230                            DF5A     DF5A        E        4       0
                text229                            890E     890E      148        4       0
                text228                            DAA2     DAA2       24        4       0
                text227                            DF4C     DF4C        E        4       0
                text226                            DF3E     DF3E        E        4       0
                text225                            DF30     DF30        E        4       0
                text224                            BB94     BB94       7A        4       0
                text223                            DCDC     DCDC       18        4       0
                text222                            DA56     DA56       26        4       0
                text221                            DC00     DC00       1A        4       0
                text220                            DF22     DF22        E        4       0
                text219                            DF14     DF14        E        4       0
                text218                            D240     D240       38        4       0
                text217                            DF06     DF06        E        4       0
                text216                            DEF8     DEF8        E        4       0
                text215                            C2A0     C2A0       5E        4       0
                text214                            DB8C     DB8C       1E        4       0
                text213                            DEEA     DEEA        E        4       0
                text212                            DEDC     DEDC        E        4       0
                text211                            C242     C242       5E        4       0
                text210                            DECE     DECE        E        4       0
                text209                            DEC0     DEC0        E        4       0
                text208                            DEB2     DEB2        E        4       0
                text207                            DEA4     DEA4        E        4       0
                text206                            DE96     DE96        E        4       0
                text205                            B0FA     B0FA       AA        4       0
                text204                            DE88     DE88        E        4       0
                text203                            DE7A     DE7A        E        4       0
                text202                            DE6C     DE6C        E        4       0
                text201                            DE5E     DE5E        E        4       0
                text200                            DE50     DE50        E        4       0
                text199                            B050     B050       AA        4       0
                text198                            BF82     BF82       6A        4       0
                text197                            BCF4     BCF4       70        4       0
                text196                            CBD4     CBD4       48        4       0
                text195                            BF18     BF18       6A        4       0
                text194                           1EF90    1EF90      430     8000       0
                text193                            B396     B396       A4        4       0
                text192                           183E6    183E6      6D2     8000       0
                text191                            4094     4094      262        4       0
                text190                           1D3FA    1D3FA      4C2     8000       0
                text189                            DD6A     DD6A       16        4       0
                text188                            DD54     DD54       16        4       0
                text187                            DE42     DE42        E        4       0
                text186                            2660     2660      2CC        4       0
                text185                            36AC     36AC      28A        4       0
                text184                            DCC4     DCC4       18        4       0
                text183                            DCAC     DCAC       18        4       0
                text182                            663E     663E      1B8        4       0
                text181                            D508     D508       34        4       0
                text180                            7B62     7B62      17C        4       0
                text179                            79E2     79E2      180        4       0
                text178                            57C6     57C6      1E2        4       0
                text177                            87C2     87C2      14C        4       0
                text176                           1F3C0    1F3C0      42E     8000       0
                text175                           1FC18    1FC18      3E4     8000       0
                text174                           1BA8C    1BA8C      56A     8000       0
                text173                            B756     B756       92        4       0
                text172                            C77C     C77C       56        4       0
                text171                            DC94     DC94       18        4       0
                text170                            C726     C726       56        4       0
                text169                            DC7C     DC7C       18        4       0
                text168                            8112     8112      164        4       0
                text167                            D4D4     D4D4       34        4       0
                text166                            7CDE     7CDE      16A        4       0
                text165                            C5CA     C5CA       58        4       0
                text164                            DC64     DC64       18        4       0
                text163                            DC4C     DC4C       18        4       0
                text162                            AA74     AA74       C6        4       0
                text161                            D70E     D70E       32        4       0
                text160                            99CE     99CE       F0        4       0
                text159                           1A9A6    1A9A6      5C4     8000       0
                text158                            59A8     59A8      1DC        4       0
                text157                            E110     E110        6     6FEC       0
                text156                            7E48     7E48      166        4       0
                text155                            96D2     96D2      100        4       0
                text154                            B61E     B61E       9E        4       0
                text153                           1E6D0    1E6D0      48A     8000       0
                text152                            C572     C572       58        4       0
                text151                            D208     D208       38        4       0
                text150                           1EB5A    1EB5A      436     8000       0
                text149                            E02A     E02A        8     6FEC       0
                text148                            E022     E022        8     6FEC       0
                text147                            E01A     E01A        8     6FEC       0
                text146                            E012     E012        8     6FEC       0
                text145                            E00A     E00A        8     6FEC       0
                text144                            8F46     8F46      130        4       0
                text143                            C124     C124       60        4       0
                text142                           19142    19142      682     8000       0
                text141                            8E16     8E16      130        4       0
                text140                            C0BC     C0BC       68        4       0
                text139                            7216     7216      19E        4       0
                text138                            A682     A682       CC        4       0
                text137                            DA06     DA06       28        4       0
                text136                            CA5C     CA5C       4C        4       0
                text135                            DB6E     DB6E       1E        4       0
                text134                            D6DC     D6DC       32        4       0
                text133                            BE42     BE42       6C        4       0
                text132                            4FE4     4FE4      20E        4       0
                text131                            DC34     DC34       18        4       0
                text130                            E12C     E12C        4     6FEC       0
                text129                            E128     E128        4     6FEC       0
                text128                            C054     C054       68        4       0
                text127                            97D2     97D2       FE        4       0
                text126                            4DD0     4DD0      214        4       0
                text125                            C6D0     C6D0       56        4       0
                text124                            D1D0     D1D0       38        4       0
                text123                            B98E     B98E       88        4       0
                text122                            8276     8276      15E        4       0
                text121                            C1E4     C1E4       5E        4       0
                text120                           17C96    17C96      750     8000       0
                text119                            CB8C     CB8C       48        4       0
                text118                            6ED0     6ED0      1A4        4       0
                text117                            AE3C     AE3C       B8        4       0
                text116                           123C4    123C4      C78     8000       0
                text115                            A0D6     A0D6       D4        4       0
                text114                            D95E     D95E       2A        4       0
                text113                            D770     D770       30        4       0
                text112                            D01C     D01C       40        4       0
                text111                             434      434      3EC        4       0
                text110                           1CA42    1CA42      4EC     8000       0
                text109                           1AF6A    1AF6A      5B0     8000       0
                text108                            A5B6     A5B6       CC        4       0
                text107                            8524     8524      150        4       0
                text106                              1E       1E      416        4       0
                text105                            1330     1330      38A        4       0
                text104                            8674     8674      14E        4       0
                text103                            C51A     C51A       58        4       0
                text102                            9BAC     9BAC       E2        4       0
                text101                            BEAE     BEAE       6A        4       0
                text100                            DFE2     DFE2        A     6FEC       0
                text99                             DFD8     DFD8        A     6FEC       0
                text98                            1CF2E    1CF2E      4CC     8000       0
                text97                             785E     785E      184        4       0
                text96                             BA96     BA96       80        4       0
                text95                             237E     237E      2E2        4       0
                text94                             453A     453A      232        4       0
                text93                            16D64    16D64      7B6     8000       0
                text92                             9FFE     9FFE       D8        4       0
                text91                            15D3E    15D3E      86C     8000       0
                text90                             D3C6     D3C6       36        4       0
                text89                             D390     D390       36        4       0
                text88                             B7E8     B7E8       90        4       0
                text87                             83D4     83D4      150        4       0
                text86                             BB16     BB16       7E        4       0
                text85                             B878     B878       8E        4       0
                text84                            1303C    1303C      C50     8000       0
                text83                            13C8C    13C8C      BC4     8000       0
                text82                            1DD7C    1DD7C      4BA     8000       0
                text81                             BC0E     BC0E       74        4       0
                text80                            1FFFC    1FFFC        4     8000       0
                text79                             E10A     E10A        6     6FEC       0
                text78                             E104     E104        6     6FEC       0
                text77                             DE34     DE34        E        4       0
                text76                             E0FE     E0FE        6     6FEC       0
                text75                             D934     D934       2A        4       0
                text74                             DE26     DE26        E        4       0
                text73                             E0F8     E0F8        6     6FEC       0
                text72                             E0F2     E0F2        6     6FEC       0
                text71                             E0EC     E0EC        6     6FEC       0
                text70                             D90A     D90A       2A        4       0
                text69                             DE18     DE18        E        4       0
                text68                             E0E6     E0E6        6     6FEC       0
                text67                             E0E0     E0E0        6     6FEC       0
                text66                             D82E     D82E       2E        4       0
                text65                             C9C0     C9C0       4E        4       0
                text64                             C4C2     C4C2       58        4       0
                text63                             D740     D740       30        4       0
                text62                             B2F2     B2F2       A4        4       0
                text61                             6B66     6B66      1B6        4       0
                text60                             E0DA     E0DA        6     6FEC       0
                text59                             5D5C     5D5C      1D6        4       0
                text58                            18AB8    18AB8      68A     8000       0
                text57                             76D8     76D8      186        4       0
                text56                             9D6E     9D6E       DC        4       0
                text55                             92B8     92B8      10C        4       0
                text54                             CFDC     CFDC       40        4       0
                text53                             DDBA     DDBA       12        4       0
                text52                             2BEC     2BEC      2BE        4       0
                text51                              BEA      BEA      3AC        4       0
                text50                             E0D4     E0D4        6     6FEC       0
                text49                             DB0A     DB0A       22        4       0
                text48                             DAE8     DAE8       22        4       0
                text47                             E0CE     E0CE        6     6FEC       0
                text46                            1751A    1751A      77C     8000       0
                text45                             16BA     16BA      344        4       0
                text44                            1BFF6    1BFF6      53E     8000       0
                text43                             5B84     5B84      1D8        4       0
                text42                            1E236    1E236      49A     8000       0
                text41                            1A3DC    1A3DC      5CA     8000       0
                text40                             53F0     53F0      1F4        4       0
                text39                             8CE4     8CE4      132        4       0
                text38                             DF92     DF92        C        4       0
                text37                             DE0A     DE0A        E        4       0
                text36                             919A     919A      11E        4       0
                text35                             AD84     AD84       B8        4       0
                text34                             42F6     42F6      244        4       0
                text33                             BC82     BC82       72        4       0
                text32                             D85C     D85C       2C        4       0
                text31                             C67A     C67A       56        4       0
                text30                             DAC6     DAC6       22        4       0
                text29                             D800     D800       2E        4       0
                text28                            1131C    1131C     10A8     8000       0
                text27                            19E02    19E02      5DA     8000       0
                text26                             A1AA     A1AA       D2        4       0
                text25                            165AA    165AA      7BA     8000       0
                text24                             9C8E     9C8E       E0        4       0
                text23                             C8D0     C8D0       50        4       0
                text22                             B906     B906       88        4       0
                text21                             3166     3166      2AE        4       0
                text20                             D8E0     D8E0       2A        4       0
                text19                             DD80     DD80       14        4       0
                text18                             3414     3414      298        4       0
                text17                             B6BC     B6BC       9A        4       0
                text16                             B57E     B57E       A0        4       0
                text15                             BDD4     BDD4       6E        4       0
                text14                            1B51A    1B51A      572     8000       0
                text13                             E0C8     E0C8        6     6FEC       0
                text12                             C3B6     C3B6       5A        4       0
                text11                             73B4     73B4      194        4       0
                text10                             BA16     BA16       80        4       0
                text9                              9076     9076      124        4       0
                text8                              55E4     55E4      1E2        4       0
                text7                              499E     499E      21C        4       0
                text6                              7548     7548      190        4       0
                text5                              7FAE     7FAE      164        4       0
                text4                              E0C2     E0C2        6     6FEC       0
                text3                             10000    10000     131C     8000       0
                text2                              DDFC     DDFC        E        4       0
                text1                              B24E     B24E       A4        4       0
                text0                              2EAA     2EAA      2BC        4       0
                cstackCOMRAM                        501      501       57      501       1
                cstackBANK5                         560      560       A0      560       1
                cstackBANK6                         600      600       BD      600       1
                cstackBANK7                         700      700       C3      700       1
                cstackBANK8                         800      800       78      800       1
                cstackBANK10                        AD2      AD2        2      A00       1
                bssBIGRAM                          15D0     15D0      EC8     15D0       1
                dataBANK21                         1500     1500       D0     1500       1
                bssBANK20                          1400     1400       A2     1400       1
                dataBANK19                         1300     1300       68     1300       1
                bssBANK18                          1200     1200       A2     1200       1
                bssBANK17                          1100     1100       A2     1100       1
                bssBANK16                          1000     1000      100     1000       1
                bssBANK15                           F00      F00       F0      F00       1
                bssBANK14                           E00      E00       C9      E00       1
                bssBANK13                           D00      D00       F7      D00       1
                bssBANK12                           C00      C00       F6      C00       1
                bssBANK11                           B00      B00      100      B00       1
                dataBANK10                          A7A      A7A       58      A00       1
                bssBANK10                           A00      A00       7A      A00       1
                dataBANK9                           9EC      9EC        A      900       1
                bssBANK9                            900      900       EC      900       1
                dataBANK8                           8EE      8EE       12      800       1
                bssBANK8                            878      878       76      800       1
                dataBANK7                           7FE      7FE        1      700       1
                bssBANK7                            7C3      7C3       3B      700       1
                dataBANK6                           6F5      6F5        B      600       1
                bssBANK6                            6BD      6BD       38      600       1
                bssCOMRAM                           558      558        4      501       1
                cinit                              6484     6484      1BA        4       0
                nvBANK9                             9F6      9F6        9      900       1
                idataBANK21                        A27C     A27C       D0        4       0
                idataBANK19                        BFEC     BFEC       68        4       0
                idataBANK10                        C46A     C46A       58        4       0
                idataBANK9                         DFCD     DFCD        A        4       0
                idataBANK8                         DDA8     DDA8       12        4       0
                idataBANK7                         E14C     E14C        1     6FEC       0
                idataBANK6                         DFC2     DFC2        B        4       0

TOTAL           Name                               Link     Load   Length     Space
        CLASS   CODE           
                init                                 1A       1A        4         0
                reset_vec                             0        0        4         0
                ivt0x8                                8        8       12         0
                text397                            D49E     D49E       36         0
                text396                            E0BA     E0BA        8         0
                text395                            E0B2     E0B2        8         0
                text394                            E0AA     E0AA        8         0
                text393                            E0A2     E0A2        8         0
                text392                            E09A     E09A        8         0
                text391                            E092     E092        8         0
                text390                            E08A     E08A        8         0
                text389                            E082     E082        8         0
                text388                            E14A     E14A        2         0
                text387                            D468     D468       36         0
                text386                            C35A     C35A       5C         0
                text385                            E148     E148        2         0
                text384                            D432     D432       36         0
                text383                            DDEC     DDEC       10         0
                text382                            E146     E146        2         0
                text381                            D3FC     D3FC       36         0
                text380                            D11C     D11C       3E         0
                text379                            E07A     E07A        8         0
                text378                            E072     E072        8         0
                text377                            E06A     E06A        8         0
                text376                            E062     E062        8         0
                text375                            E05A     E05A        8         0
                text374                            E144     E144        2         0
                text373                            D0DC     D0DC       40         0
                text372                            E052     E052        8         0
                text371                            E142     E142        2         0
                text370                            D6A8     D6A8       34         0
                text369                            E04A     E04A        8         0
                text368                            E140     E140        2         0
                text367                            D9DC     D9DC       2A         0
                text366                            D09C     D09C       40         0
                text365                            E042     E042        8         0
                text364                            E13E     E13E        2         0
                text363                            D674     D674       34         0
                text362                            E03A     E03A        8         0
                text361                            E13C     E13C        2         0
                text360                            D9B2     D9B2       2A         0
                text359                            D05C     D05C       40         0
                text358                            D8B4     D8B4       2C         0
                text357                            E122     E122        6         0
                text356                            E13A     E13A        2         0
                text355                            E138     E138        2         0
                text354                            A9AC     A9AC       C8         0
                text353                            CD80     CD80       46         0
                text352                            D888     D888       2C         0
                text351                            E11C     E11C        6         0
                text350                            E136     E136        2         0
                text349                            E134     E134        2         0
                text348                            A8E4     A8E4       C8         0
                text347                            CD3A     CD3A       46         0
                text346                            3E22     3E22      272         0
                text345                            CE4E     CE4E       44         0
                text344                            CCF4     CCF4       46         0
                text343                            CCAC     CCAC       48         0
                text342                            CF9A     CF9A       42         0
                text341                            CC64     CC64       48         0
                text340                            CF58     CF58       42         0
                text339                            CF16     CF16       42         0
                text338                            CB40     CB40       4C         0
                text337                            BD64     BD64       70         0
                text336                            62C2     62C2      1C2         0
                text335                            D7D0     D7D0       30         0
                text334                            C622     C622       58         0
                text333                            E000     E000        A         0
                text332                            A81A     A81A       CA         0
                text331                            A74E     A74E       CC         0
                text330                            ABFE     ABFE       C4         0
                text329                            AEF4     AEF4       B0         0
                text328                            D640     D640       34         0
                text327                            CE0A     CE0A       44         0
                text326                            B4DC     B4DC       A2         0
                text325                            69AE     69AE      1B8         0
                text324                             F96      F96      39A         0
                text323                            B1A4     B1A4       AA         0
                text322                            94CC     94CC      104         0
                text321                           1F7EE    1F7EE      42A         0
                text320                            D358     D358       38         0
                text319                           1D8BC    1D8BC      4C0         0
                text318                            CC1C     CC1C       48         0
                text317                            93C4     93C4      108         0
                text316                            98D0     98D0       FE         0
                text315                            4BBA     4BBA      216         0
                text314                            C828     C828       56         0
                text313                            C970     C970       50         0
                text312                            D15A     D15A       3C         0
                text311                           152D2    152D2      A6C         0
                text310                            DA7C     DA7C       26         0
                text309                            A4E8     A4E8       CE         0
                text308                            7074     7074      1A2         0
                text307                            8B9E     8B9E      146         0
                text306                           197C4    197C4      63E         0
                text305                            C7D2     C7D2       56         0
                text304                            DA2E     DA2E       28         0
                text303                            A41A     A41A       CE         0
                text302                            DFB6     DFB6        C         0
                text301                            DBE4     DBE4       1C         0
                text300                            DBC8     DBC8       1C         0
                text299                            DF84     DF84        E         0
                text298                            CDC6     CDC6       44         0
                text297                            E116     E116        6         0
                text296                            DC1A     DC1A       1A         0
                text295                            9F24     9F24       DA         0
                text294                            DD3C     DD3C       18         0
                text293                            DD94     DD94       14         0
                text292                            DDDC     DDDC       10         0
                text291                            C184     C184       60         0
                text290                            DFF6     DFF6        A         0
                text289                            D196     D196       3A         0
                text288                            9E4A     9E4A       DA         0
                text287                            5F32     5F32      1CA         0
                text286                            3BAC     3BAC      276         0
                text285                            DD24     DD24       18         0
                text284                            19FE     19FE      330         0
                text283                            C920     C920       50         0
                text282                            A34C     A34C       CE         0
                text281                            CED4     CED4       42         0
                text280                            ACC2     ACC2       C2         0
                text279                            DB4E     DB4E       20         0
                text278                            DFAA     DFAA        C         0
                text277                            DDCC     DDCC       10         0
                text276                            DFEC     DFEC        A         0
                text275                            DF9E     DF9E        C         0
                text274                            AB3A     AB3A       C4         0
                text273                            DF76     DF76        E         0
                text272                            51F2     51F2      1FE         0
                text271                            6D1C     6D1C      1B4         0
                text270                            D60C     D60C       34         0
                text269                             820      820      3CA         0
                text268                            476C     476C      232         0
                text267                           1C534    1C534      50E         0
                text266                            2056     2056      328         0
                text265                            DF68     DF68        E         0
                text264                            DD0C     DD0C       18         0
                text263                            DCF4     DCF4       18         0
                text262                            C410     C410       5A         0
                text261                            B43A     B43A       A2         0
                text260                            3936     3936      276         0
                text259                            CE92     CE92       42         0
                text258                            292C     292C      2C0         0
                text257                            8A56     8A56      148         0
                text256                            1D2E     1D2E      328         0
                text255                            CAF4     CAF4       4C         0
                text254                            DBAA     DBAA       1E         0
                text253                            D5D8     D5D8       34         0
                text252                            D7A0     D7A0       30         0
                text251                            AFA4     AFA4       AC         0
                text250                            CA0E     CA0E       4E         0
                text249                            67F6     67F6      1B8         0
                text248                            9ABE     9ABE       EE         0
                text247                            C87E     C87E       52         0
                text246                            60FC     60FC      1C6         0
                text245                           14850    14850      A82         0
                text244                            95D0     95D0      102         0
                text243                            C2FE     C2FE       5C         0
                text242                            D320     D320       38         0
                text241                            D2E8     D2E8       38         0
                text240                            D2B0     D2B0       38         0
                text239                            D278     D278       38         0
                text238                            D5A4     D5A4       34         0
                text237                            D570     D570       34         0
                text236                            D53C     D53C       34         0
                text235                            CAA8     CAA8       4C         0
                text234                            E032     E032        8         0
                text233                            DB2C     DB2C       22         0
                text232                            E130     E130        4         0
                text231                            D988     D988       2A         0
                text230                            DF5A     DF5A        E         0
                text229                            890E     890E      148         0
                text228                            DAA2     DAA2       24         0
                text227                            DF4C     DF4C        E         0
                text226                            DF3E     DF3E        E         0
                text225                            DF30     DF30        E         0
                text224                            BB94     BB94       7A         0
                text223                            DCDC     DCDC       18         0
                text222                            DA56     DA56       26         0
                text221                            DC00     DC00       1A         0
                text220                            DF22     DF22        E         0
                text219                            DF14     DF14        E         0
                text218                            D240     D240       38         0
                text217                            DF06     DF06        E         0
                text216                            DEF8     DEF8        E         0
                text215                            C2A0     C2A0       5E         0
                text214                            DB8C     DB8C       1E         0
                text213                            DEEA     DEEA        E         0
                text212                            DEDC     DEDC        E         0
                text211                            C242     C242       5E         0
                text210                            DECE     DECE        E         0
                text209                            DEC0     DEC0        E         0
                text208                            DEB2     DEB2        E         0
                text207                            DEA4     DEA4        E         0
                text206                            DE96     DE96        E         0
                text205                            B0FA     B0FA       AA         0
                text204                            DE88     DE88        E         0
                text203                            DE7A     DE7A        E         0
                text202                            DE6C     DE6C        E         0
                text201                            DE5E     DE5E        E         0
                text200                            DE50     DE50        E         0
                text199                            B050     B050       AA         0
                text198                            BF82     BF82       6A         0
                text197                            BCF4     BCF4       70         0
                text196                            CBD4     CBD4       48         0
                text195                            BF18     BF18       6A         0
                text194                           1EF90    1EF90      430         0
                text193                            B396     B396       A4         0
                text192                           183E6    183E6      6D2         0
                text191                            4094     4094      262         0
                text190                           1D3FA    1D3FA      4C2         0
                text189                            DD6A     DD6A       16         0
                text188                            DD54     DD54       16         0
                text187                            DE42     DE42        E         0
                text186                            2660     2660      2CC         0
                text185                            36AC     36AC      28A         0
                text184                            DCC4     DCC4       18         0
                text183                            DCAC     DCAC       18         0
                text182                            663E     663E      1B8         0
                text181                            D508     D508       34         0
                text180                            7B62     7B62      17C         0
                text179                            79E2     79E2      180         0
                text178                            57C6     57C6      1E2         0
                text177                            87C2     87C2      14C         0
                text176                           1F3C0    1F3C0      42E         0
                text175                           1FC18    1FC18      3E4         0
                text174                           1BA8C    1BA8C      56A         0
                text173                            B756     B756       92         0
                text172                            C77C     C77C       56         0
                text171                            DC94     DC94       18         0
                text170                            C726     C726       56         0
                text169                            DC7C     DC7C       18         0
                text168                            8112     8112      164         0
                text167                            D4D4     D4D4       34         0
                text166                            7CDE     7CDE      16A         0
                text165                            C5CA     C5CA       58         0
                text164                            DC64     DC64       18         0
                text163                            DC4C     DC4C       18         0
                text162                            AA74     AA74       C6         0
                text161                            D70E     D70E       32         0
                text160                            99CE     99CE       F0         0
                text159                           1A9A6    1A9A6      5C4         0
                text158                            59A8     59A8      1DC         0
                text157                            E110     E110        6         0
                text156                            7E48     7E48      166         0
                text155                            96D2     96D2      100         0
                text154                            B61E     B61E       9E         0
                text153                           1E6D0    1E6D0      48A         0
                text152                            C572     C572       58         0
                text151                            D208     D208       38         0
                text150                           1EB5A    1EB5A      436         0
                text149                            E02A     E02A        8         0
                text148                            E022     E022        8         0
                text147                            E01A     E01A        8         0
                text146                            E012     E012        8         0
                text145                            E00A     E00A        8         0
                text144                            8F46     8F46      130         0
                text143                            C124     C124       60         0
                text142                           19142    19142      682         0
                text141                            8E16     8E16      130         0
                text140                            C0BC     C0BC       68         0
                text139                            7216     7216      19E         0
                text138                            A682     A682       CC         0
                text137                            DA06     DA06       28         0
                text136                            CA5C     CA5C       4C         0
                text135                            DB6E     DB6E       1E         0
                text134                            D6DC     D6DC       32         0
                text133                            BE42     BE42       6C         0
                text132                            4FE4     4FE4      20E         0
                text131                            DC34     DC34       18         0
                text130                            E12C     E12C        4         0
                text129                            E128     E128        4         0
                text128                            C054     C054       68         0
                text127                            97D2     97D2       FE         0
                text126                            4DD0     4DD0      214         0
                text125                            C6D0     C6D0       56         0
                text124                            D1D0     D1D0       38         0
                text123                            B98E     B98E       88         0
                text122                            8276     8276      15E         0
                text121                            C1E4     C1E4       5E         0
                text120                           17C96    17C96      750         0
                text119                            CB8C     CB8C       48         0
                text118                            6ED0     6ED0      1A4         0
                text117                            AE3C     AE3C       B8         0
                text116                           123C4    123C4      C78         0
                text115                            A0D6     A0D6       D4         0
                text114                            D95E     D95E       2A         0
                text113                            D770     D770       30         0
                text112                            D01C     D01C       40         0
                text111                             434      434      3EC         0
                text110                           1CA42    1CA42      4EC         0
                text109                           1AF6A    1AF6A      5B0         0
                text108                            A5B6     A5B6       CC         0
                text107                            8524     8524      150         0
                text106                              1E       1E      416         0
                text105                            1330     1330      38A         0
                text104                            8674     8674      14E         0
                text103                            C51A     C51A       58         0
                text102                            9BAC     9BAC       E2         0
                text101                            BEAE     BEAE       6A         0
                text100                            DFE2     DFE2        A         0
                text99                             DFD8     DFD8        A         0
                text98                            1CF2E    1CF2E      4CC         0
                text97                             785E     785E      184         0
                text96                             BA96     BA96       80         0
                text95                             237E     237E      2E2         0
                text94                             453A     453A      232         0
                text93                            16D64    16D64      7B6         0
                text92                             9FFE     9FFE       D8         0
                text91                            15D3E    15D3E      86C         0
                text90                             D3C6     D3C6       36         0
                text89                             D390     D390       36         0
                text88                             B7E8     B7E8       90         0
                text87                             83D4     83D4      150         0
                text86                             BB16     BB16       7E         0
                text85                             B878     B878       8E         0
                text84                            1303C    1303C      C50         0
                text83                            13C8C    13C8C      BC4         0
                text82                            1DD7C    1DD7C      4BA         0
                text81                             BC0E     BC0E       74         0
                text80                            1FFFC    1FFFC        4         0
                text79                             E10A     E10A        6         0
                text78                             E104     E104        6         0
                text77                             DE34     DE34        E         0
                text76                             E0FE     E0FE        6         0
                text75                             D934     D934       2A         0
                text74                             DE26     DE26        E         0
                text73                             E0F8     E0F8        6         0
                text72                             E0F2     E0F2        6         0
                text71                             E0EC     E0EC        6         0
                text70                             D90A     D90A       2A         0
                text69                             DE18     DE18        E         0
                text68                             E0E6     E0E6        6         0
                text67                             E0E0     E0E0        6         0
                text66                             D82E     D82E       2E         0
                text65                             C9C0     C9C0       4E         0
                text64                             C4C2     C4C2       58         0
                text63                             D740     D740       30         0
                text62                             B2F2     B2F2       A4         0
                text61                             6B66     6B66      1B6         0
                text60                             E0DA     E0DA        6         0
                text59                             5D5C     5D5C      1D6         0
                text58                            18AB8    18AB8      68A         0
                text57                             76D8     76D8      186         0
                text56                             9D6E     9D6E       DC         0
                text55                             92B8     92B8      10C         0
                text54                             CFDC     CFDC       40         0
                text53                             DDBA     DDBA       12         0
                text52                             2BEC     2BEC      2BE         0
                text51                              BEA      BEA      3AC         0
                text50                             E0D4     E0D4        6         0
                text49                             DB0A     DB0A       22         0
                text48                             DAE8     DAE8       22         0
                text47                             E0CE     E0CE        6         0
                text46                            1751A    1751A      77C         0
                text45                             16BA     16BA      344         0
                text44                            1BFF6    1BFF6      53E         0
                text43                             5B84     5B84      1D8         0
                text42                            1E236    1E236      49A         0
                text41                            1A3DC    1A3DC      5CA         0
                text40                             53F0     53F0      1F4         0
                text39                             8CE4     8CE4      132         0
                text38                             DF92     DF92        C         0
                text37                             DE0A     DE0A        E         0
                text36                             919A     919A      11E         0
                text35                             AD84     AD84       B8         0
                text34                             42F6     42F6      244         0
                text33                             BC82     BC82       72         0
                text32                             D85C     D85C       2C         0
                text31                             C67A     C67A       56         0
                text30                             DAC6     DAC6       22         0
                text29                             D800     D800       2E         0
                text28                            1131C    1131C     10A8         0
                text27                            19E02    19E02      5DA         0
                text26                             A1AA     A1AA       D2         0
                text25                            165AA    165AA      7BA         0
                text24                             9C8E     9C8E       E0         0
                text23                             C8D0     C8D0       50         0
                text22                             B906     B906       88         0
                text21                             3166     3166      2AE         0
                text20                             D8E0     D8E0       2A         0
                text19                             DD80     DD80       14         0
                text18                             3414     3414      298         0
                text17                             B6BC     B6BC       9A         0
                text16                             B57E     B57E       A0         0
                text15                             BDD4     BDD4       6E         0
                text14                            1B51A    1B51A      572         0
                text13                             E0C8     E0C8        6         0
                text12                             C3B6     C3B6       5A         0
                text11                             73B4     73B4      194         0
                text10                             BA16     BA16       80         0
                text9                              9076     9076      124         0
                text8                              55E4     55E4      1E2         0
                text7                              499E     499E      21C         0
                text6                              7548     7548      190         0
                text5                              7FAE     7FAE      164         0
                text4                              E0C2     E0C2        6         0
                text3                             10000    10000     131C         0
                text2                              DDFC     DDFC        E         0
                text1                              B24E     B24E       A4         0
                text0                              2EAA     2EAA      2BC         0
                cinit                              6484     6484      1BA         0
                idataBANK21                        A27C     A27C       D0         0
                idataBANK19                        BFEC     BFEC       68         0
                idataBANK10                        C46A     C46A       58         0
                idataBANK9                         DFCD     DFCD        A         0
                idataBANK8                         DDA8     DDA8       12         0
                idataBANK7                         E14C     E14C        1         0
                idataBANK6                         DFC2     DFC2        B         0

        CLASS   CONST          

        CLASS   SMALLCONST     

        CLASS   MEDIUMCONST    
                mediumconst                        EB94     EB94     146C         0

        CLASS   COMRAM         
                cstackCOMRAM                        501      501       57         1
                bssCOMRAM                           558      558        4         1

        CLASS   ABS1           

        CLASS   BIGRAM         
                bssBIGRAM                          15D0     15D0      EC8         1

        CLASS   RAM            

        CLASS   BANK5          
                cstackBANK5                         560      560       A0         1

        CLASS   BANK6          
                cstackBANK6                         600      600       BD         1
                dataBANK6                           6F5      6F5        B         1
                bssBANK6                            6BD      6BD       38         1

        CLASS   BANK7          
                cstackBANK7                         700      700       C3         1
                dataBANK7                           7FE      7FE        1         1
                bssBANK7                            7C3      7C3       3B         1

        CLASS   BANK8          
                cstackBANK8                         800      800       78         1
                dataBANK8                           8EE      8EE       12         1
                bssBANK8                            878      878       76         1

        CLASS   BANK9          
                dataBANK9                           9EC      9EC        A         1
                bssBANK9                            900      900       EC         1
                nvBANK9                             9F6      9F6        9         1

        CLASS   BANK10         
                cstackBANK10                        AD2      AD2        2         1
                dataBANK10                          A7A      A7A       58         1
                bssBANK10                           A00      A00       7A         1

        CLASS   BANK11         
                bssBANK11                           B00      B00      100         1

        CLASS   BANK12         
                bssBANK12                           C00      C00       F6         1

        CLASS   BANK13         
                bssBANK13                           D00      D00       F7         1

        CLASS   BANK14         
[...]

/Applications/microchip/xc8/v2.46/pic/sources/c99/common/isdigit.c estimated size: 44

/Applications/microchip/xc8/v2.46/pic/sources/c99/common/abs.c
		_abs           		CODE           	D640	0000	52

/Applications/microchip/xc8/v2.46/pic/sources/c99/common/abs.c estimated size: 52

/Applications/microchip/xc8/v2.46/pic/sources/c99/common/sprcadd.c
		___flsub       		CODE           	CC1C	0000	72
		___fladd       		CODE           	1D8BC	0000	1216

/Applications/microchip/xc8/v2.46/pic/sources/c99/common/sprcadd.c estimated size: 1288

mcc_generated_files/clc2.c
		_CLC2_ISR      		CODE           	E0AA	0000	8
		_CLC2_Initialize		CODE           	D2E8	0000	56

mcc_generated_files/clc2.c estimated size: 64

/Applications/microchip/xc8/v2.46/pic/sources/c99/common/awmod.c
		___awmod       		CODE           	AEF4	0000	176

/Applications/microchip/xc8/v2.46/pic/sources/c99/common/awmod.c estimated size: 176

/Applications/microchip/xc8/v2.46/pic/sources/c99/common/doprnt.c
		_read_prec_or_width		CODE           	A4E8	0000	206
		_vfpfcnvrt     		CODE           	197C4	0000	1598
		_efgtoa        		CODE           	152D2	0000	2668
		_pad           		CODE           	B4DC	0000	162
		_ctoa          		CODE           	A74E	0000	204
		_dtoa          		CODE           	69AE	0000	440
		_vfprintf      		CODE           	C7D2	0000	86
		_stoa          		CODE           	7074	0000	418
		_xtoa          		CODE           	8B9E	0000	326

/Applications/microchip/xc8/v2.46/pic/sources/c99/common/doprnt.c estimated size: 6108

mcc_generated_files/dma1.c
		_DMA1_Initialize		CODE           	CAA8	0000	76
		_DMA1_StartTransferWithTrigger		CODE           	DFF6	0000	10
		_DMA1_SetSourceAddress		CODE           	DD94	0000	20
		_DMA1_SetSourceSize		CODE           	DDDC	0000	16
		_DMA1_StopTransfer		CODE           	DFB6	0000	12

mcc_generated_files/dma1.c estimated size: 134

mcc_generated_files/fatfs/diskio.c
		_disk_initialize		CODE           	CB8C	0000	72
		_disk_write    		CODE           	C0BC	0000	104
		_disk_status   		CODE           	C054	0000	104
		_disk_ioctl    		CODE           	DB6E	0000	30
		_disk_read     		CODE           	C124	0000	96

mcc_generated_files/fatfs/diskio.c estimated size: 406

mcc_generated_files/fatfs/ff_time.c
		_decimalToFatTime		CODE           	96D2	0000	256
		_get_fattime   		CODE           	B61E	0000	158

mcc_generated_files/fatfs/ff_time.c estimated size: 414

/Applications/microchip/xc8/v2.46/pic/sources/c99/common/isxdigit.c
		_isxdigit      		CODE           	C67A	0000	86

/Applications/microchip/xc8/v2.46/pic/sources/c99/common/isxdigit.c estimated size: 86

/Applications/microchip/xc8/v2.46/pic/sources/c99/common/__rem_pio2f.c
		___rem_pio2f   		CODE           	0820	0000	970

/Applications/microchip/xc8/v2.46/pic/sources/c99/common/__rem_pio2f.c estimated size: 970

/Applications/microchip/xc8/v2.46/pic/sources/c99/common/strtof.c
		_strtof        		CODE           	1131C	0000	4264

/Applications/microchip/xc8/v2.46/pic/sources/c99/common/strtof.c estimated size: 4264

mcc_generated_files/pwm1_16bit.c
		_PWM1_16BIT_Disable		CODE           	1FFFC	0000	4
		_PWM1_16BIT_Period_SetInterruptHandler		CODE           	DF4C	0000	14
		_PWM1_16BIT_Slice1Output1_SetInterruptHandler		CODE           	DF3E	0000	14
		_PWM1_16BIT_Slice1Output2_SetInterruptHandler		CODE           	DF30	0000	14
		_PWM1_16BIT_Initialize		CODE           	BB94	0000	122

mcc_generated_files/pwm1_16bit.c estimated size: 168

/Applications/microchip/xc8/v2.46/pic/sources/c99/common/nf_getc.c
		_fgetc         		CODE           	919A	0000	286
		_ungetc        		CODE           	AD84	0000	184

/Applications/microchip/xc8/v2.46/pic/sources/c99/common/nf_getc.c estimated size: 470

motion.c
		_motion_data_read		CODE           	B6BC	0000	154
		_motion_initialize		CODE           	CFDC	0000	64
		_motion_print_gyro		CODE           	1A3DC	0000	1482
		_motion_data_interrupt		CODE           	C35A	0000	92
		_motion_print_accel		CODE           	16BA	0000	836
		_angle_level_disp_average_v2		CODE           	53F0	0000	500
		_angle_level_tilt_disp_init		CODE           	BCF4	0000	112
		_angle_level_disp		CODE           	DF92	0000	12
		_motion_print_error		CODE           	BDD4	0000	110
		_motion_data_remain_check		CODE           	B57E	0000	160
		_angle_level_tilt_print		CODE           	1BFF6	0000	1342
		_motion_save   		CODE           	E0C8	0000	6
		_angle_level_tiltLED		CODE           	8CE4	0000	306
		_motion_clear  		CODE           	C9C0	0000	78

motion.c estimated size: 5254

colorLCD.c
		_LCD_spi_open  		CODE           	DFEC	0000	10
		_LCD_spi_sendByte		CODE           	DF9E	0000	12
		_LCD_DrawBox   		CODE           	B43A	0000	162
		_LCD_spi_close 		CODE           	DDCC	0000	16
		_LCD_DrawLine  		CODE           	5B84	0000	472
		_LCD_ClearScreen		CODE           	ACC2	0000	194
		_LCD_PutCHR    		CODE           	3BAC	0000	630
		_LCD_SetPixel  		CODE           	C410	0000	90
		_LCD_SetColor  		CODE           	DD24	0000	24
		_LCD_DrawCircle		CODE           	57C6	0000	482
		_LCD_Title_Clear		CODE           	CED4	0000	66
		_LCD_FontData_Generate		CODE           	5F32	0000	458
		_LCD_DrawFillCircle		CODE           	87C2	0000	332
		_LCD_Printf    		CODE           	19FE	0000	816
		_LCD_DrawFillBox		CODE           	9E4A	0000	218
		_LCD_Title     		CODE           	A34C	0000	206
		_LCD_spi_sendCommand		CODE           	DFAA	0000	12
		_LCD_initialize		CODE           	AB3A	0000	196

colorLCD.c estimated size: 4396

/Applications/microchip/xc8/v2.46/pic/sources/c99/common/sinf.c
		_sinf          		CODE           	1C534	0000	1294

/Applications/microchip/xc8/v2.46/pic/sources/c99/common/sinf.c estimated size: 1294

/Applications/microchip/xc8/v2.46/pic/sources/c99/common/labs.c
		_labs          		CODE           	C828	0000	86

/Applications/microchip/xc8/v2.46/pic/sources/c99/common/labs.c estimated size: 86

mcc_generated_files/drivers/spi_master.c
		_LCDDMA_open   		CODE           	E022	0000	8
		_SDSLOW_open   		CODE           	E00A	0000	8
		_LCD_open      		CODE           	E012	0000	8
		_TOUCH_open    		CODE           	E02A	0000	8
		_SDFAST_open   		CODE           	E01A	0000	8

mcc_generated_files/drivers/spi_master.c estimated size: 40

shared
		_S1            		MEDIUMCONST    	0000	0000	0
		_aT1           		MEDIUMCONST    	0000	0000	0
		_S2            		MEDIUMCONST    	0000	0000	0
		_S3            		MEDIUMCONST    	0000	0000	0
		_aT2           		MEDIUMCONST    	0000	0000	0
		_S4            		MEDIUMCONST    	0000	0000	0
		_clear_shot_data		MEDIUMCONST    	EED7	0000	51
		_aT3           		MEDIUMCONST    	0000	0000	0
		RTC8900_time_set@F18971		MEDIUMCONST    	EDE6	0000	104
		_aT4           		MEDIUMCONST    	0000	0000	0
		_title         		MEDIUMCONST    	F5C8	0000	17
		_version       		MEDIUMCONST    	F5FA	0000	5
		_atanhi        		MEDIUMCONST    	EF38	0000	16
		_str_com_target_id		MEDIUMCONST    	F5D9	0000	10
		i2_TMR3_WriteTimer		CODE           	D9B2	0000	42
		_str_com_aimpoint		MEDIUMCONST    	F5E3	0000	9
		_bu_text_setup 		MEDIUMCONST    	F4BE	0000	154
		_str_com_bright		MEDIUMCONST    	F5EC	0000	7
		_str_com_offset		MEDIUMCONST    	F5F3	0000	7
		_ExCvt         		MEDIUMCONST    	ECEE	0000	128
		_target_mode_mes		MEDIUMCONST    	F369	0000	176
		_font5x7       		MEDIUMCONST    	EFA9	0000	960
		_s1pio2        		MEDIUMCONST    	0000	0000	0
		__initialization		CODE           	6484	0000	436
		_s2pio2        		MEDIUMCONST    	0000	0000	0
		_s3pio2        		MEDIUMCONST    	0000	0000	0
		target_menu@F19035		MEDIUMCONST    	ED6E	0000	120
		_s4pio2        		MEDIUMCONST    	0000	0000	0
		i2_TMR1_WriteTimer		CODE           	D9DC	0000	42
		target_menu@F19039		MEDIUMCONST    	EB95	0000	195
		_pio2_1t       		MEDIUMCONST    	0000	0000	0
		_sdmmc_cmdtable		MEDIUMCONST    	EE4E	0000	80
		_clear_status  		MEDIUMCONST    	EF48	0000	13
		_i2c1_fsmStateTable		MEDIUMCONST    	EE9E	0000	57
		_half          		MEDIUMCONST    	0000	0000	0
		_pio2_1        		MEDIUMCONST    	0000	0000	0
		_C0            		MEDIUMCONST    	0000	0000	0
		_C1            		MEDIUMCONST    	0000	0000	0
		_C2            		MEDIUMCONST    	0000	0000	0
		_C3            		MEDIUMCONST    	0000	0000	0
		_spiMaster     		MEDIUMCONST    	EC58	0000	150
		_invpio2       		MEDIUMCONST    	0000	0000	0
		_spi1_configuration		MEDIUMCONST    	EF0A	0000	30
		_button_setup  		MEDIUMCONST    	F558	0000	112
		_aT0           		MEDIUMCONST    	0000	0000	0
		_vmeasure_err_mes		MEDIUMCONST    	F419	0000	165
		_atanlo        		MEDIUMCONST    	EF28	0000	16

shared estimated size: 3102

mcc_generated_files/smt1.c
		_SMT1_SetPeriod		CODE           	DDFC	0000	14
		_SMT1_Initialize		CODE           	DA56	0000	38
		_SMT1_PR_ACQ_ISR		CODE           	E062	0000	8
		_SMT1_DataAcquisitionEnable		CODE           	E104	0000	6
		_SMT1_DataAcquisitionDisable		CODE           	E10A	0000	6
		_SMT1_Overflow_ISR		CODE           	E072	0000	8

mcc_generated_files/smt1.c estimated size: 80

mcc_generated_files/mcc.c
		_SystemArbiter_Initialize		CODE           	DF22	0000	14
		_PMD_Initialize		CODE           	DAA2	0000	36
		_OSCILLATOR_Initialize		CODE           	D988	0000	42
		_SYSTEM_Initialize		CODE           	BF82	0000	106

mcc_generated_files/mcc.c estimated size: 198

spiDMA.c
		_LCD_spi_Txonly_open		CODE           	DD3C	0000	24
		_LCD_spi_Txonly_close		CODE           	DC1A	0000	26
		_LCD_spi_Txonly_sendCommand		CODE           	DBE4	0000	28
		_LCD_spi_dma_onceagain		CODE           	D196	0000	58
		_LCD_spi_Txonly_sendWord		CODE           	DF84	0000	14
		_LCD_spi_Txonly_address_set		CODE           	CDC6	0000	68
		_LCD_spi_Txonly_sendByte		CODE           	DBC8	0000	28
		_LCD_spi_dma   		CODE           	C184	0000	96

spiDMA.c estimated size: 342

mcc_generated_files/tmr3.c
		_TMR3_ISR      		CODE           	D05C	0000	64
		_TMR3_GATE_ISR 		CODE           	D674	0000	52
		_TMR3_DefaultGateInterruptHandler		CODE           	E13E	0000	2
		_TMR3_Initialize		CODE           	C242	0000	94
		_TMR3_StartSinglePulseAcquisition		CODE           	E0CE	0000	6
		_TMR3_SetInterruptHandler		CODE           	DEDC	0000	14
		_TMR3_StopTimer		CODE           	E0E0	0000	6
		_TMR3_Reload   		CODE           	DE18	0000	14
		_TMR3_DefaultInterruptHandler		CODE           	E13C	0000	2
		_TMR3_WriteTimer		CODE           	D90A	0000	42
		_TMR3_StartTimer		CODE           	E0E6	0000	6
		_TMR3_ReadTimer		CODE           	DAE8	0000	34
		_TMR3_SetGateInterruptHandler		CODE           	DEEA	0000	14

mcc_generated_files/tmr3.c estimated size: 350

SDcard.c
		_motion_log_sd_write		CODE           	1B51A	0000	1394
		_generate_filename_date		CODE           	663E	0000	440
		_SDcard_open   		CODE           	9FFE	0000	216
		_shot_log_sd_write		CODE           	7FAE	0000	356
		_SDcard_false  		CODE           	D770	0000	48
		_SDcard_close  		CODE           	D95E	0000	42
		_SDcard_write  		CODE           	D390	0000	54
		_shotheader_sd_write		CODE           	B7E8	0000	144
		_SDcard_false_erase		CODE           	D01C	0000	64

SDcard.c estimated size: 2758

mcc_generated_files/pwm3.c
		_PWM3_Initialize		CODE           	DCDC	0000	24
		_PWM3_LoadDutyValue		CODE           	D7A0	0000	48

mcc_generated_files/pwm3.c estimated size: 72

/Applications/microchip/xc8/v2.46/pic/sources/c99/common/memcpy.c
		_memcpy        		CODE           	C970	0000	80

/Applications/microchip/xc8/v2.46/pic/sources/c99/common/memcpy.c estimated size: 80

mcc_generated_files/tmr1.c
		_TMR1_Initialize		CODE           	C2A0	0000	94
		_TMR1_StartSinglePulseAcquisition		CODE           	E0F8	0000	6
		_TMR1_SetInterruptHandler		CODE           	DEF8	0000	14
		_TMR1_StopTimer		CODE           	E0EC	0000	6
		_TMR1_Reload   		CODE           	DE26	0000	14
		_TMR1_DefaultInterruptHandler		CODE           	E140	0000	2
		_TMR1_WriteTimer		CODE           	D934	0000	42
		_TMR1_StartTimer		CODE           	E0F2	0000	6
		_TMR1_ReadTimer		CODE           	DB0A	0000	34
		_TMR1_SetGateInterruptHandler		CODE           	DF06	0000	14
		_TMR1_ISR      		CODE           	D09C	0000	64
		_TMR1_GATE_ISR 		CODE           	D6A8	0000	52
		_TMR1_DefaultGateInterruptHandler		CODE           	E142	0000	2

mcc_generated_files/tmr1.c estimated size: 350

/Applications/microchip/xc8/v2.46/pic/sources/c99/common/flge.c
		___flge        		CODE           	94CC	0000	260

/Applications/microchip/xc8/v2.46/pic/sources/c99/common/flge.c estimated size: 260

menu.c
		_target_id_read		CODE           	E110	0000	6
		_menu_clear_screen		CODE           	D5D8	0000	52
		_target_set_up_command		CODE           	99CE	0000	240
		_target_offset_h		CODE           	E0C2	0000	6
		_target_num_send		CODE           	B878	0000	142
		_write_rom_setup		CODE           	9ABE	0000	238
		_read_rom_setup		CODE           	2BEC	0000	702
		_setup_menu    		CODE           	1DD7C	0000	1210
		_touch_menu    		CODE           	13C8C	0000	3012
		_target_menu   		CODE           	1303C	0000	3152
		_set_setup     		CODE           	67F6	0000	440

menu.c estimated size: 9200

/Applications/microchip/xc8/v2.46/pic/sources/c99/common/doscan.c
		_atoaefg       		CODE           	19E02	0000	1498
		_is_inf_nan    		CODE           	42F6	0000	580
		_vfsfcnvrt     		CODE           	165AA	0000	1978
		_vfscanf       		CODE           	9C8E	0000	224
		_skipws        		CODE           	BC82	0000	114

/Applications/microchip/xc8/v2.46/pic/sources/c99/common/doscan.c estimated size: 4394

/Applications/microchip/xc8/v2.46/pic/sources/c99/common/lwdiv.c
		___lwdiv       		CODE           	BC0E	0000	116

/Applications/microchip/xc8/v2.46/pic/sources/c99/common/lwdiv.c estimated size: 116

/Applications/microchip/xc8/v2.46/pic/sources/c99/common/sqrtf.c
		_sqrtf         		CODE           	1FC18	0000	996

/Applications/microchip/xc8/v2.46/pic/sources/c99/common/sqrtf.c estimated size: 996

mcc_generated_files/memory.c
		_DATAEE_WriteByte		CODE           	CA0E	0000	78
		_DATAEE_ReadByte		CODE           	DCC4	0000	24

mcc_generated_files/memory.c estimated size: 102

BME280_v2.c
		_compensate_H  		CODE           	1EF90	0000	1072
		_compensate_P  		CODE           	183E6	0000	1746
		_compensate_T  		CODE           	4094	0000	610
		_BME280_disp   		CODE           	1D3FA	0000	1218
		_Trim_Read     		CODE           	62C2	0000	450
		_BME280_initialize		CODE           	A41A	0000	206
		_BME280_frame_disp		CODE           	CBD4	0000	72

BME280_v2.c estimated size: 5374

/Applications/microchip/xc8/v2.46/pic/sources/c99/common/Umul16.c
		___wmul        		CODE           	DA7C	0000	38

/Applications/microchip/xc8/v2.46/pic/sources/c99/common/Umul16.c estimated size: 38

/Applications/microchip/xc8/v2.46/pic/sources/c99/common/awdiv.c
		___awdiv       		CODE           	ABFE	0000	196

/Applications/microchip/xc8/v2.46/pic/sources/c99/common/awdiv.c estimated size: 196

/Applications/microchip/xc8/v2.46/pic/sources/c99/common/fltol.c
		___fltol       		CODE           	93C4	0000	264

/Applications/microchip/xc8/v2.46/pic/sources/c99/common/fltol.c estimated size: 264

mcc_generated_files/adcc.c
		_ADCC_GetConversionResult		CODE           	DD6A	0000	22
		_ADCC_StartConversion		CODE           	DE42	0000	14
		_ADCC_Initialize		CODE           	C2FE	0000	92
		_ADCC_IsConversionDone		CODE           	DD54	0000	22

mcc_generated_files/adcc.c estimated size: 150

mcc_generated_files/clc5.c
		_CLC5_Initialize		CODE           	D5A4	0000	52

mcc_generated_files/clc5.c estimated size: 52

/Applications/microchip/xc8/v2.46/pic/sources/c99/common/aldiv.c
		___aldiv       		CODE           	92B8	0000	268

/Applications/microchip/xc8/v2.46/pic/sources/c99/common/aldiv.c estimated size: 268

main.c
		_input_mmi     		CODE           	9D6E	0000	220
		_sleep_count_reset		CODE           	D740	0000	48
		_power_off     		CODE           	AFA4	0000	172
		_BatV_disp     		CODE           	2660	0000	716
		_detect_SW1    		CODE           	E082	0000	8
		_read_rom_main 		CODE           	DDBA	0000	18
		_main          		CODE           	2EAA	0000	700
		_footer_rewrite		CODE           	83D4	0000	336
		_shut_down     		CODE           	6B66	0000	438
		_power_switch  		CODE           	C87E	0000	82
		_low_battery   		CODE           	59A8	0000	476

main.c estimated size: 3214

mcc_generated_files/clc3.c
		_CLC3_ISR      		CODE           	E09A	0000	8
		_CLC3_Initialize		CODE           	D2B0	0000	56

mcc_generated_files/clc3.c estimated size: 64

mcc_generated_files/sd_spi/sd_spi.c
		_SD_SPI_IsWriteProtected		CODE           	E128	0000	4
		_SD_SPI_IsMediaInitialized		CODE           	DC34	0000	24
		_SD_SPI_DelayMilliseconds		CODE           	C1E4	0000	94
		_SD_SPI_IsMediaPresent		CODE           	E12C	0000	4
		_SD_SPI_SectorWrite		CODE           	8E16	0000	304
		_SD_SPI_MediaInitialize		CODE           	17C96	0000	1872
		_SD_SendCmd    		CODE           	1E6D0	0000	1162
		_SD_SPI_AsyncReadTasks		CODE           	1EB5A	0000	1078
		_SD_SPI_AsyncWriteTasks		CODE           	19142	0000	1666
		_SD_SPI_SectorRead		CODE           	8F46	0000	304

mcc_generated_files/sd_spi/sd_spi.c estimated size: 6512

Vmeasure4.c
		_vmeasure_initialize		CODE           	B24E	0000	164
		_timer1_timeout		CODE           	E04A	0000	8
		_vmeasure_ready		CODE           	B2F2	0000	164
		_print_indicator		CODE           	C4C2	0000	88
		_print_targetmode		CODE           	1A9A6	0000	1476
		_print_target_ctc		CODE           	9076	0000	292
		_target_mode_get		CODE           	E0DA	0000	6
		_print_shot    		CODE           	BA16	0000	128
		_impact_timer_capture		CODE           	E06A	0000	8
		_detect_sensor1		CODE           	D49E	0000	54
		_detect_sensor2		CODE           	E0B2	0000	8
		_detect_sensor3		CODE           	E0A2	0000	8
		_detect_sensor4		CODE           	E092	0000	8
		_print_v0      		CODE           	499E	0000	540
		_print_ve      		CODE           	7548	0000	400
		_v0_data_reset 		CODE           	76D8	0000	390
		_sensor_connect_check		CODE           	7E48	0000	358
		_v0_timer_gate 		CODE           	E052	0000	8
		_set_v0sensor  		CODE           	79E2	0000	384
		_print_i_time  		CODE           	B756	0000	146
		_timer0_timeout		CODE           	E05A	0000	8
		_ve_timer_gate 		CODE           	E042	0000	8
		_print_target_xy		CODE           	55E4	0000	482
		_timer3_timeout		CODE           	E03A	0000	8
		_print_v0_chart		CODE           	18AB8	0000	1674
		_print_impact_time		CODE           	73B4	0000	404
		_vmeasure      		CODE           	10000	0000	4892
		_print_error   		CODE           	C3B6	0000	90
		_smt_timeout   		CODE           	E07A	0000	8

Vmeasure4.c estimated size: 12212

/Applications/microchip/xc8/v2.46/pic/sources/c99/common/nf_fputs.c
		_fputs         		CODE           	CE0A	0000	68

/Applications/microchip/xc8/v2.46/pic/sources/c99/common/nf_fputs.c estimated size: 68

/Applications/microchip/xc8/v2.46/pic/sources/c99/common/printf.c
		_printf        		CODE           	DA2E	0000	40

/Applications/microchip/xc8/v2.46/pic/sources/c99/common/printf.c estimated size: 40

mcc_generated_files/uart4.c
		_UART4_SetRxInterruptHandler		CODE           	DE5E	0000	14
		_UART4_SetTxInterruptHandler		CODE           	DE50	0000	14
		_UART4_Initialize		CODE           	B050	0000	170
		_UART4_SetErrorHandler		CODE           	DE88	0000	14
		_UART4_Transmit_ISR		CODE           	CD3A	0000	70
		_putch         		CODE           	E000	0000	10
		_UART4_Read    		CODE           	C726	0000	86
		_UART4_DefaultFramingErrorHandler		CODE           	E136	0000	2
		_UART4_is_rx_ready		CODE           	DC7C	0000	24
		_UART4_is_tx_ready		CODE           	DC4C	0000	24
		_UART4_DefaultErrorHandler		CODE           	E11C	0000	6
		_UART4_RxDataHandler		CODE           	D888	0000	44
		_UART4_DefaultOverrunErrorHandler		CODE           	E134	0000	2
		_UART4_Write   		CODE           	C622	0000	88
		_getch         		CODE           	DE0A	0000	14
		_UART4_SetFramingErrorHandler		CODE           	DE7A	0000	14
		_UART4_SetOverrunErrorHandler		CODE           	DE6C	0000	14
		_UART4_Receive_ISR		CODE           	A8E4	0000	200

mcc_generated_files/uart4.c estimated size: 810

mcc_generated_files/clc1.c
		_CLC1_ISR      		CODE           	E0BA	0000	8
		_CLC1_Initialize		CODE           	D320	0000	56

mcc_generated_files/clc1.c estimated size: 64

