Microchip MPLAB XC8 Compiler V2.46

Linker command line:

--edf=/Applications/microchip/xc8/v2.46/pic/dat/20240104201356_en.msgs \
  -pivt0x8=08h -cn \
  -h+.ca/dist/Config_1/production/BulletLogger_V9_Q43.X.production.sym \
  --cmf=.ca/dist/Config_1/production/BulletLogger_V9_Q43.X.production.cmf \
  -z -Q18F57Q43 -o/tmp/xcXktp98I/driver_tmp_3.o --defsym=__MPLAB_BUILD=1 \
  --fixupoverflow=error \
  -M.ca/dist/Config_1/production/BulletLogger_V9_Q43.X.production.map \
  --md=/tmp/xcXktp98I/driver_tmp_0.dat -E1 -ver=XC8 Compiler --acfsm=1493 \
  -ACODE=00h-01FFFFh -ACONST=00h-01FFFFh -ASMALLCONST=02500h-025FFhx475 \
  -AMEDIUMCONST=02500h-0FFFFh,012500h-01FFFFh -ACOMRAM=0501h-055Fh \
  -AABS1=0500h-024FFh -ABIGRAM=0501h-024FFh \
  -ARAM=0560h-05FFh,0600h-06FFhx31 -ABANK5=0560h-05FFh -ABANK6=0600h-06FFh \
  -ABANK7=0700h-07FFh -ABANK8=0800h-08FFh -ABANK9=0900h-09FFh \
  -ABANK10=0A00h-0AFFh -ABANK11=0B00h-0BFFh -ABANK12=0C00h-0CFFh \
  -ABANK13=0D00h-0DFFh -ABANK14=0E00h-0EFFh -ABANK15=0F00h-0FFFh \
  -ABANK16=01000h-010FFh -ABANK17=01100h-011FFh -ABANK18=01200h-012FFh \
  -ABANK19=01300h-013FFh -ABANK20=01400h-014FFh -ABANK21=01500h-015FFh \
  -ABANK22=01600h-016FFh -ABANK23=01700h-017FFh -ABANK24=01800h-018FFh \
  -ABANK25=01900h-019FFh -ABANK26=01A00h-01AFFh -ABANK27=01B00h-01BFFh \
  -ABANK28=01C00h-01CFFh -ABANK29=01D00h-01DFFh -ABANK30=01E00h-01EFFh \
  -ABANK31=01F00h-01FFFh -ABANK32=02000h-020FFh -ABANK33=02100h-021FFh \
  -ABANK34=02200h-022FFh -ABANK35=02300h-023FFh -ABANK36=02400h-024FFh \
  -ASFR=00h-0FFhx4,0400h-045Fh,0460h-04FFh,02500h-025FFh \
  -ABIGSFR=00h-04FFh,02500h-025FFh -ACONFIG=0300000h-0300011h \
  -AIDLOC=0200000h-020003Fh -AEEDATA=0380000h-03803FFh -peeprom_data=EEDATA \
  -preset_vec=00h -ppowerup=CODE,init -pramtop=02500h \
  -psmallconst=SMALLCONST -pmediumconst=MEDIUMCONST -pconst=CONST \
  -AFARRAM=00h-00h \
  -prdata=COMRAM,nvrram=COMRAM,nvbit=COMRAM,rbss=COMRAM,rbit=COMRAM \
  -pfarbss=FARRAM,fardata=FARRAM,nvFARRAM=FARRAM \
  -pintsave_regs=BIGRAM,bigbss=BIGRAM,bigdata=BIGRAM -pbss=RAM \
  -pidata=CODE,irdata=CODE,ibigdata=CODE,ifardata=CODE -prparam=COMRAM \
  /tmp/xcXktp98I/driver_tmp_15.o \
  .ca/dist/Config_1/production/BulletLogger_V9_Q43.X.production.o 

Object code version is 3.11

Machine type is 18F57Q43



                Name                               Link     Load   Length Selector   Space Scale
/tmp/xcXktp98I/driver_tmp_15.o
                idloc                            200000   200000       40        0       5
                config                           300000   300000        A        0       4
                init                                 1A       1A        4        4       0
                reset_vec                             0        0        4        0       0
.ca/dist/Config_1/production/BulletLogger_V9_Q43.X.production.o
                eeprom_data                      380000   380000       18   380000       0
                idloc                            200000   200000       40        0       5
                config                           300000   300000        A        0       4
                mediumconst                        EB94     EB94     146C     75CA       0
                ivt0x8                                8        8       12        4       0
                text397                            936E     936E       28        4       0
                text396                            9BFA     9BFA        8     4D8C       0
                text395                            9BF2     9BF2        8     4D8C       0
                text394                            9BEA     9BEA        8     4D8C       0
                text393                            9BE2     9BE2        8     4D8C       0
                text392                            9BDA     9BDA        8     4D8C       0
                text391                            9BD2     9BD2        8     4D8C       0
                text390                            9BCA     9BCA        8     4D8C       0
                text389                            9BC2     9BC2        8     4D8C       0
                text388                            9C8E     9C8E        2     4D8C       0
                text387                            92A4     92A4       2A        4       0
                text386                            8A68     8A68       3C        4       0
                text385                            9C8C     9C8C        2     4D8C       0
                text384                            927A     927A       2A        4       0
                text383                            991E     991E       10        4       0
                text382                            9C8A     9C8A        2     4D8C       0
                text381                            9250     9250       2A        4       0
                text380                            9710     9710       1C        4       0
                text379                            9BBA     9BBA        8     4D8C       0
                text378                            9BB2     9BB2        8     4D8C       0
                text377                            9BAA     9BAA        8     4D8C       0
                text376                            9BA2     9BA2        8     4D8C       0
                text375                            9B9A     9B9A        8     4D8C       0
                text374                            9C88     9C88        2     4D8C       0
                text373                            8F72     8F72       32        4       0
                text372                            9B92     9B92        8     4D8C       0
                text371                            9C86     9C86        2     4D8C       0
                text370                            94A0     94A0       26        4       0
                text369                            9B8A     9B8A        8     4D8C       0
                text368                            9C84     9C84        2     4D8C       0
                text367                            96D6     96D6       1E        4       0
                text366                            8F40     8F40       32        4       0
                text365                            9B82     9B82        8     4D8C       0
                text364                            9C82     9C82        2     4D8C       0
                text363                            947A     947A       26        4       0
                text362                            9B7A     9B7A        8     4D8C       0
                text361                            9C80     9C80        2     4D8C       0
                text360                            96B8     96B8       1E        4       0
                text359                            8F0E     8F0E       32        4       0
                text358                            95FE     95FE       22        4       0
                text357                            9C62     9C62        6     4D8C       0
                text356                            9C7E     9C7E        2     4D8C       0
                text355                            9C7C     9C7C        2     4D8C       0
                text354                            6FE4     6FE4       A0        4       0
                text353                            9064     9064       30        4       0
                text352                            95DC     95DC       22        4       0
                text351                            9C5C     9C5C        6     4D8C       0
                text350                            9C7A     9C7A        2     4D8C       0
                text349                            9C78     9C78        2     4D8C       0
                text348                            6F44     6F44       A0        4       0
                text347                            9034     9034       30        4       0
                text346                            508C     508C      10A        4       0
                text345                            9004     9004       30        4       0
                text344                            91A6     91A6       2C        4       0
                text343                            914C     914C       2E        4       0
                text342                            9454     9454       26        4       0
                text341                            911E     911E       2E        4       0
                text340                            942E     942E       26        4       0
                text339                            9408     9408       26        4       0
                text338                            8412     8412       4C        4       0
                text337                            7E06     7E06       64        4       0
                text336                            2178     2178      1C2        4       0
                text335                            8FD4     8FD4       30        4       0
                text334                            8C64     8C64       38        4       0
                text333                            9B40     9B40        A     4D8C       0
                text332                            6EA4     6EA4       A0        4       0
                text331                            72E4     72E4       92        4       0
                text330                            76BA     76BA       84        4       0
                text329                            7B8A     7B8A       70        4       0
                text328                            9346     9346       28        4       0
                text327                            8C2C     8C2C       38        4       0
                text326                            79B8     79B8       78        4       0
                text325                            4878     4878      13C        4       0
                text324                           1FA58    1FA58      288     8000       0
                text323                            75A8     75A8       8A        4       0
                text322                            5DEA     5DEA       D0        4       0
                text321                           1E27A    1E27A      352     8000       0
                text320                            90F0     90F0       2E        4       0
                text319                           1EC22    1EC22      30C     8000       0
                text318                            85CC     85CC       48        4       0
                text317                            6682     6682       BC        4       0
                text316                            61F0     61F0       CC        4       0
                text315                            2870     2870      1BA        4       0
                text314                            84F2     84F2       4A        4       0
                text313                            86E0     86E0       44        4       0
                text312                            8EDC     8EDC       32        4       0
                text311                           145EA    145EA      8E2     8000       0
                text310                            93E2     93E2       26        4       0
                text309                            673E     673E       B8        4       0
                text308                            4738     4738      140        4       0
                text307                            5C36     5C36       E4        4       0
                text306                           18C36    18C36      510     8000       0
                text305                            84A8     84A8       4A        4       0
                text304                            931E     931E       28        4       0
                text303                            65C2     65C2       C0        4       0
                text302                            9AF6     9AF6        C        4       0
                text301                            988C     988C       12        4       0
                text300                            987A     987A       12        4       0
                text299                            9AC4     9AC4        E        4       0
                text298                            869C     869C       44        4       0
                text297                            9C56     9C56        6     4D8C       0
                text296                            990E     990E       10        4       0
                text295                            6056     6056       CE        4       0
                text294                            97D6     97D6       18        4       0
                text293                            9842     9842       14        4       0
                text292                            98FE     98FE       10        4       0
                text291                            88F2     88F2       42        4       0
                text290                            9B36     9B36        A     4D8C       0
                text289                            96F4     96F4       1C        4       0
                text288                            6380     6380       C2        4       0
                text287                            3B46     3B46      16E        4       0
                text286                            101C     101C      220        4       0
                text285                            97BE     97BE       18        4       0
                text284                           1F51E    1F51E      2B0     8000       0
                text283                            82DC     82DC       50        4       0
                text282                            5F88     5F88       CE        4       0
                text281                            88B0     88B0       42        4       0
                text280                            6E04     6E04       A0        4       0
                text279                            9804     9804       16        4       0
                text278                            9AEA     9AEA        C        4       0
                text277                            98EE     98EE       10        4       0
                text276                            9B2C     9B2C        A     4D8C       0
                text275                            9ADE     9ADE        C        4       0
                text274                            62BC     62BC       C4        4       0
                text273                            9AB6     9AB6        E        4       0
                text272                            123C     123C      1FE        4       0
                text271                            45F8     45F8      140        4       0
                text270                            8E76     8E76       34        4       0
                text269                           1CDBC    1CDBC      39C     8000       0
                text268                             DEA      DEA      232        4       0
                text267                           1B664    1B664      430     8000       0
                text266                           1E906    1E906      31C     8000       0
                text265                            9AA8     9AA8        E        4       0
                text264                            97A6     97A6       18        4       0
                text263                            978E     978E       18        4       0
                text262                            803E     803E       5A        4       0
                text261                            751E     751E       8A        4       0
                text260                             4CC      4CC      252        4       0
                text259                            8D08     8D08       36        4       0
                text258                           1F7CE    1F7CE      28A     8000       0
                text257                            44B4     44B4      144        4       0
                text256                           1F22C    1F22C      2F2     8000       0
                text255                            8974     8974       40        4       0
                text254                            969A     969A       1E        4       0
                text253                            8E42     8E42       34        4       0
                text252                            950E     950E       24        4       0
                text251                            6CB8     6CB8       A8        4       0
                text250                            8658     8658       44        4       0
                text249                            2A2A     2A2A      1B8        4       0
                text248                            5A5E     5A5E       EE        4       0
                text247                            8A2C     8A2C       3C        4       0
                text246                            2F24     2F24      19A        4       0
                text245                           13CB2    13CB2      938     8000       0
                text244                            5878     5878       F6        4       0
                text243                            7F88     7F88       5C        4       0
                text242                            8BF4     8BF4       38        4       0
                text241                            8BBC     8BBC       38        4       0
                text240                            8B84     8B84       38        4       0
                text239                            8B4C     8B4C       38        4       0
                text238                            8E0E     8E0E       34        4       0
                text237                            8DDA     8DDA       34        4       0
                text236                            8DA6     8DA6       34        4       0
                text235                            83C6     83C6       4C        4       0
                text234                            9B72     9B72        8     4D8C       0
                text233                            95BA     95BA       22        4       0
                text232                            9C74     9C74        4     4D8C       0
                text231                            9620     9620       20        4       0
                text230                            9A9A     9A9A        E        4       0
                text229                            436C     436C      148        4       0
                text228                            94EA     94EA       24        4       0
                text227                            9A8C     9A8C        E        4       0
                text226                            9A7E     9A7E        E        4       0
                text225                            9A70     9A70        E        4       0
                text224                            793E     793E       7A        4       0
                text223                            9776     9776       18        4       0
                text222                            93BC     93BC       26        4       0
                text221                            972C     972C       1A        4       0
                text220                            9A62     9A62        E        4       0
                text219                            9A54     9A54        E        4       0
                text218                            8B14     8B14       38        4       0
                text217                            9A46     9A46        E        4       0
                text216                            9A38     9A38        E        4       0
                text215                            7F2A     7F2A       5E        4       0
                text214                            967C     967C       1E        4       0
                text213                            9A2A     9A2A        E        4       0
                text212                            9A1C     9A1C        E        4       0
                text211                            7ECC     7ECC       5E        4       0
                text210                            9A0E     9A0E        E        4       0
                text209                            9A00     9A00        E        4       0
                text208                            99F2     99F2        E        4       0
                text207                            99E4     99E4        E        4       0
                text206                            99D6     99D6        E        4       0
                text205                            6B66     6B66       AA        4       0
                text204                            99C8     99C8        E        4       0
                text203                            99BA     99BA        E        4       0
                text202                            99AC     99AC        E        4       0
                text201                            999E     999E        E        4       0
                text200                            9990     9990        E        4       0
                text199                            6ABC     6ABC       AA        4       0
                text198                            7C66     7C66       6A        4       0
                text197                            7B1A     7B1A       70        4       0
                text196                            8584     8584       48        4       0
                text195                            80F0     80F0       56        4       0
                text194                           1C290    1C290      3DA     8000       0
                text193                            773E     773E       82        4       0
                text192                           16982    16982      656     8000       0
                text191                             BAC      BAC      23E        4       0
                text190                           1ADC6    1ADC6      458     8000       0
                text189                            97EE     97EE       16        4       0
                text188                            9982     9982        E        4       0
                text187                            9974     9974        E        4       0
                text186                             278      278      254        4       0
                text185                             71E      71E      24C        4       0
                text184                            975E     975E       18        4       0
                text183                            9746     9746       18        4       0
                text182                            36E8     36E8      17A        4       0
                text181                            8D72     8D72       34        4       0
                text180                            356C     356C      17C        4       0
                text179                            40CE     40CE      150        4       0
                text178                            1FAC     1FAC      1CC        4       0
                text177                            4C20     4C20      12A        4       0
                text176                           1C66A    1C66A      3B2     8000       0
                text175                           1DF26    1DF26      354     8000       0
                text174                           1964A    1964A      4FC     8000       0
                text173                            7632     7632       88        4       0
                text172                            886E     886E       42        4       0
                text171                            98DE     98DE       10        4       0
                text170                            882C     882C       42        4       0
                text169                            98CE     98CE       10        4       0
                text168                            5782     5782       F6        4       0
                text167                            8D3E     8D3E       34        4       0
                text166                            3E16     3E16      160        4       0
                text165                            8ADC     8ADC       38        4       0
                text164                            98BE     98BE       10        4       0
                text163                            98AE     98AE       10        4       0
                text162                            7376     7376       90        4       0
                text161                            8EAA     8EAA       32        4       0
                text160                            596E     596E       F0        4       0
                text159                           17BD6    17BD6      58E     8000       0
                text158                            2BE2     2BE2      1A4        4       0
                text157                            9C50     9C50        6     4D8C       0
                text156                            4F7E     4F7E      10E        4       0
                text155                            568A     568A       F8        4       0
                text154                            7250     7250       94        4       0
                text153                           1BA94    1BA94      408     8000       0
                text152                            87EA     87EA       42        4       0
                text151                            917A     917A       2C        4       0
                text150                           1D4EA    1D4EA      374     8000       0
                text149                            9B6A     9B6A        8     4D8C       0
                text148                            9B62     9B62        8     4D8C       0
                text147                            9B5A     9B5A        8     4D8C       0
                text146                            9B52     9B52        8     4D8C       0
                text145                            9B4A     9B4A        8     4D8C       0
                text144                            5498     5498       FA        4       0
                text143                            853C     853C       48        4       0
                text142                           186D0    186D0      566     8000       0
                text141                            539E     539E       FA        4       0
                text140                            832C     832C       4E        4       0
                text139                            3862     3862      174        4       0
                text138                            6A0E     6A0E       AE        4       0
                text137                            92F6     92F6       28        4       0
                text136                            87A8     87A8       42        4       0
                text135                            982E     982E       14        4       0
                text134                            92CE     92CE       28        4       0
                text133                            7BFA     7BFA       6C        4       0
                text132                            1A0E     1A0E      1E6        4       0
                text131                            989E     989E       10        4       0
                text130                            9C70     9C70        4     4D8C       0
                text129                            9C6C     9C6C        4     4D8C       0
                text128                            89F0     89F0       3C        4       0
                text127                            6502     6502       C0        4       0
                text126                            1BF4     1BF4      1E0        4       0
                text125                            8766     8766       42        4       0
                text124                            8AA4     8AA4       38        4       0
                text123                            7AA6     7AA6       74        4       0
                text122                            4E70     4E70      10E        4       0
                text121                            828C     828C       50        4       0
                text120                           16FD8    16FD8      624     8000       0
                text119                            90C2     90C2       2E        4       0
                text118                            421E     421E      14E        4       0
                text117                           1FF48    1FF48       B8     8000       0
                text116                           1283C    1283C      A54     8000       0
                text115                            6C10     6C10       A8        4       0
                text114                            9226     9226       2A        4       0
                text113                            8FA4     8FA4       30        4       0
                text112                            8934     8934       40        4       0
                text111                           1D85E    1D85E      372     8000       0
                text110                           1B21E    1B21E      446     8000       0
                text109                           1A4DC    1A4DC      48A     8000       0
                text108                            6442     6442       C0        4       0
                text107                            4D4A     4D4A      126        4       0
                text106                           1DBD0    1DBD0      356     8000       0
                text105                           1EF2E    1EF2E      2FE     8000       0
                text104                            529C     529C      102        4       0
                text103                            89B4     89B4       3C        4       0
                text102                            5EBA     5EBA       CE        4       0
                text101                            8146     8146       54        4       0
                text100                            9B22     9B22        A     4D8C       0
                text99                             9B18     9B18        A     4D8C       0
                text98                            1D158    1D158      392     8000       0
                text97                             49B4     49B4      138        4       0
                text96                             7A30     7A30       76        4       0
                text95                              96A      96A      242        4       0
                text94                             24FA     24FA      1BC        4       0
                text93                            16326    16326      65C     8000       0
                text92                             68AA     68AA       B4        4       0
                text91                            14ECC    14ECC      720     8000       0
                text90                             91FC     91FC       2A        4       0
                text89                             8CD2     8CD2       36        4       0
                text88                             7840     7840       80        4       0
                text87                             67F6     67F6       B4        4       0
                text86                             7D38     7D38       68        4       0
                text85                             7406     7406       8E        4       0
                text84                            11CFE    11CFE      B3E     8000       0
                text83                            13290    13290      A22     8000       0
                text82                            1A036    1A036      4A6     8000       0
                text81                             819A     819A       52        4       0
                text80                             9C68     9C68        4     4D8C       0
                text79                             9C4A     9C4A        6     4D8C       0
                text78                             9C44     9C44        6     4D8C       0
                text77                             9966     9966        E        4       0
                text76                             9C3E     9C3E        6     4D8C       0
                text75                             965E     965E       1E        4       0
                text74                             9958     9958        E        4       0
                text73                             9C38     9C38        6     4D8C       0
                text72                             9C32     9C32        6     4D8C       0
                text71                             9C2C     9C2C        6     4D8C       0
                text70                             9640     9640       1E        4       0
                text69                             994A     994A        E        4       0
                text68                             9C26     9C26        6     4D8C       0
                text67                             9C20     9C20        6     4D8C       0
                text66                             9094     9094       2E        4       0
                text65                             8614     8614       44        4       0
                text64                             837A     837A       4C        4       0
                text63                             9396     9396       26        4       0
                text62                             6D60     6D60       A4        4       0
                text61                             33E2     33E2      18A        4       0
                text60                             9C1A     9C1A        6     4D8C       0
                text59                             2D86     2D86      19E        4       0
                text58                            175FC    175FC      5DA     8000       0
                text57                             3F76     3F76      158        4       0
                text56                             71BC     71BC       94        4       0
                text55                             6124     6124       CC        4       0
                text54                             8C9C     8C9C       36        4       0
                text53                             9868     9868       12        4       0
                text52                             1822     1822      1EC        4       0
                text51                            1CA1C    1CA1C      3A0     8000       0
                text50                             9C14     9C14        6     4D8C       0
                text49                             9598     9598       22        4       0
                text48                             9576     9576       22        4       0
                text47                             9C0E     9C0E        6     4D8C       0
                text46                            155EC    155EC      6C8     8000       0
                text45                            1E5CC    1E5CC      33A     8000       0
                text44                            19B46    19B46      4F0     8000       0
                text43                             3254     3254      18E        4       0
                text42                            1A966    1A966      460     8000       0
                text41                            18164    18164      56C     8000       0
                text40                             30BE     30BE      196        4       0
                text39                             5196     5196      106        4       0
                text38                             9AD2     9AD2        C        4       0
                text37                             993C     993C        E        4       0
                text36                             5B4C     5B4C       EA        4       0
                text35                             7494     7494       8A        4       0
                text34                             1DD4     1DD4      1D8        4       0
                text33                             823C     823C       50        4       0
                text32                             94C6     94C6       24        4       0
                text31                             8724     8724       42        4       0
                text30                             9554     9554       22        4       0
                text29                             9532     9532       22        4       0
                text28                            1104A    1104A      CB4     8000       0
                text27                            1BE9C    1BE9C      3F4     8000       0
                text26                             7084     7084       9E        4       0
                text25                            15CB4    15CB4      672     8000       0
                text24                             695E     695E       B0        4       0
                text23                             81EC     81EC       50        4       0
                text22                             845E     845E       4A        4       0
                text21                             1632     1632      1F0        4       0
                text20                             91D2     91D2       2A        4       0
                text19                             981A     981A       14        4       0
                text18                               1E       1E      25A        4       0
                text17                             7DA0     7DA0       66        4       0
                text16                             78C0     78C0       7E        4       0
                text15                             7E6A     7E6A       62        4       0
                text14                            19146    19146      504     8000       0
                text13                             9C08     9C08        6     4D8C       0
                text12                             7FE4     7FE4       5A        4       0
                text11                             39D6     39D6      170        4       0
                text10                             77C0     77C0       80        4       0
                text9                              5592     5592       F8        4       0
                text8                              233A     233A      1C0        4       0
                text7                              143A     143A      1F8        4       0
                text6                              3CB4     3CB4      162        4       0
                text5                              4AEC     4AEC      134        4       0
                text4                              9C02     9C02        6     4D8C       0
                text3                             10000    10000     104A     8000       0
                text2                              992E     992E        E        4       0
                text1                              7122     7122       9A        4       0
                text0                             1FCE0    1FCE0      268     8000       0
                cstackCOMRAM                        501      501       57      501       1
                cstackBANK5                         560      560       A0      560       1
                cstackBANK6                         600      600       BD      600       1
                cstackBANK7                         700      700       C3      700       1
                cstackBANK8                         800      800       78      800       1
                cstackBANK10                        AD2      AD2        2      A00       1
                bssBIGRAM                          15D0     15D0      EC8     15D0       1
                dataBANK21                         1500     1500       D0     1500       1
                bssBANK20                          1400     1400       A2     1400       1
                dataBANK19                         1300     1300       68     1300       1
                bssBANK18                          1200     1200       A2     1200       1
                bssBANK17                          1100     1100       A2     1100       1
                bssBANK16                          1000     1000      100     1000       1
                bssBANK15                           F00      F00       F0      F00       1
                bssBANK14                           E00      E00       C9      E00       1
                bssBANK13                           D00      D00       F7      D00       1
                bssBANK12                           C00      C00       F6      C00       1
                bssBANK11                           B00      B00      100      B00       1
                dataBANK10                          A7A      A7A       58      A00       1
                bssBANK10                           A00      A00       7A      A00       1
                dataBANK9                           9EC      9EC        A      900       1
                bssBANK9                            900      900       EC      900       1
                dataBANK8                           8EE      8EE       12      800       1
                bssBANK8                            878      878       76      800       1
                dataBANK7                           7FE      7FE        1      700       1
                bssBANK7                            7C3      7C3       3B      700       1
                dataBANK6                           6F5      6F5        B      600       1
                bssBANK6                            6BD      6BD       38      600       1
                bssCOMRAM                           558      558        4      501       1
                cinit                              26B6     26B6      1BA        4       0
                nvBANK9                             9F6      9F6        9      900       1
                idataBANK21                        5D1A     5D1A       D0        4       0
                idataBANK19                        7CD0     7CD0       68        4       0
                idataBANK10                        8098     8098       58        4       0
                idataBANK9                         9B0D     9B0D        A        4       0
                idataBANK8                         9856     9856       12        4       0
                idataBANK7                         9C90     9C90        1     4D8C       0
                idataBANK6                         9B02     9B02        B        4       0

TOTAL           Name                               Link     Load   Length     Space
        CLASS   CODE           
                init                                 1A       1A        4         0
                reset_vec                             0        0        4         0
                ivt0x8                                8        8       12         0
                text397                            936E     936E       28         0
                text396                            9BFA     9BFA        8         0
                text395                            9BF2     9BF2        8         0
                text394                            9BEA     9BEA        8         0
                text393                            9BE2     9BE2        8         0
                text392                            9BDA     9BDA        8         0
                text391                            9BD2     9BD2        8         0
                text390                            9BCA     9BCA        8         0
                text389                            9BC2     9BC2        8         0
                text388                            9C8E     9C8E        2         0
                text387                            92A4     92A4       2A         0
                text386                            8A68     8A68       3C         0
                text385                            9C8C     9C8C        2         0
                text384                            927A     927A       2A         0
                text383                            991E     991E       10         0
                text382                            9C8A     9C8A        2         0
                text381                            9250     9250       2A         0
                text380                            9710     9710       1C         0
                text379                            9BBA     9BBA        8         0
                text378                            9BB2     9BB2        8         0
                text377                            9BAA     9BAA        8         0
                text376                            9BA2     9BA2        8         0
                text375                            9B9A     9B9A        8         0
                text374                            9C88     9C88        2         0
                text373                            8F72     8F72       32         0
                text372                            9B92     9B92        8         0
                text371                            9C86     9C86        2         0
                text370                            94A0     94A0       26         0
                text369                            9B8A     9B8A        8         0
                text368                            9C84     9C84        2         0
                text367                            96D6     96D6       1E         0
                text366                            8F40     8F40       32         0
                text365                            9B82     9B82        8         0
                text364                            9C82     9C82        2         0
                text363                            947A     947A       26         0
                text362                            9B7A     9B7A        8         0
                text361                            9C80     9C80        2         0
                text360                            96B8     96B8       1E         0
                text359                            8F0E     8F0E       32         0
                text358                            95FE     95FE       22         0
                text357                            9C62     9C62        6         0
                text356                            9C7E     9C7E        2         0
                text355                            9C7C     9C7C        2         0
                text354                            6FE4     6FE4       A0         0
                text353                            9064     9064       30         0
                text352                            95DC     95DC       22         0
                text351                            9C5C     9C5C        6         0
                text350                            9C7A     9C7A        2         0
                text349                            9C78     9C78        2         0
                text348                            6F44     6F44       A0         0
                text347                            9034     9034       30         0
                text346                            508C     508C      10A         0
                text345                            9004     9004       30         0
                text344                            91A6     91A6       2C         0
                text343                            914C     914C       2E         0
                text342                            9454     9454       26         0
                text341                            911E     911E       2E         0
                text340                            942E     942E       26         0
                text339                            9408     9408       26         0
                text338                            8412     8412       4C         0
                text337                            7E06     7E06       64         0
                text336                            2178     2178      1C2         0
                text335                            8FD4     8FD4       30         0
                text334                            8C64     8C64       38         0
                text333                            9B40     9B40        A         0
                text332                            6EA4     6EA4       A0         0
                text331                            72E4     72E4       92         0
                text330                            76BA     76BA       84         0
                text329                            7B8A     7B8A       70         0
                text328                            9346     9346       28         0
                text327                            8C2C     8C2C       38         0
                text326                            79B8     79B8       78         0
                text325                            4878     4878      13C         0
                text324                           1FA58    1FA58      288         0
                text323                            75A8     75A8       8A         0
                text322                            5DEA     5DEA       D0         0
                text321                           1E27A    1E27A      352         0
                text320                            90F0     90F0       2E         0
                text319                           1EC22    1EC22      30C         0
                text318                            85CC     85CC       48         0
                text317                            6682     6682       BC         0
                text316                            61F0     61F0       CC         0
                text315                            2870     2870      1BA         0
                text314                            84F2     84F2       4A         0
                text313                            86E0     86E0       44         0
                text312                            8EDC     8EDC       32         0
                text311                           145EA    145EA      8E2         0
                text310                            93E2     93E2       26         0
                text309                            673E     673E       B8         0
                text308                            4738     4738      140         0
                text307                            5C36     5C36       E4         0
                text306                           18C36    18C36      510         0
                text305                            84A8     84A8       4A         0
                text304                            931E     931E       28         0
                text303                            65C2     65C2       C0         0
                text302                            9AF6     9AF6        C         0
                text301                            988C     988C       12         0
                text300                            987A     987A       12         0
                text299                            9AC4     9AC4        E         0
                text298                            869C     869C       44         0
                text297                            9C56     9C56        6         0
                text296                            990E     990E       10         0
                text295                            6056     6056       CE         0
                text294                            97D6     97D6       18         0
                text293                            9842     9842       14         0
                text292                            98FE     98FE       10         0
                text291                            88F2     88F2       42         0
                text290                            9B36     9B36        A         0
                text289                            96F4     96F4       1C         0
                text288                            6380     6380       C2         0
                text287                            3B46     3B46      16E         0
                text286                            101C     101C      220         0
                text285                            97BE     97BE       18         0
                text284                           1F51E    1F51E      2B0         0
                text283                            82DC     82DC       50         0
                text282                            5F88     5F88       CE         0
                text281                            88B0     88B0       42         0
                text280                            6E04     6E04       A0         0
                text279                            9804     9804       16         0
                text278                            9AEA     9AEA        C         0
                text277                            98EE     98EE       10         0
                text276                            9B2C     9B2C        A         0
                text275                            9ADE     9ADE        C         0
                text274                            62BC     62BC       C4         0
                text273                            9AB6     9AB6        E         0
                text272                            123C     123C      1FE         0
                text271                            45F8     45F8      140         0
                text270                            8E76     8E76       34         0
                text269                           1CDBC    1CDBC      39C         0
                text268                             DEA      DEA      232         0
                text267                           1B664    1B664      430         0
                text266                           1E906    1E906      31C         0
                text265                            9AA8     9AA8        E         0
                text264                            97A6     97A6       18         0
                text263                            978E     978E       18         0
                text262                            803E     803E       5A         0
                text261                            751E     751E       8A         0
                text260                             4CC      4CC      252         0
                text259                            8D08     8D08       36         0
                text258                           1F7CE    1F7CE      28A         0
                text257                            44B4     44B4      144         0
                text256                           1F22C    1F22C      2F2         0
                text255                            8974     8974       40         0
                text254                            969A     969A       1E         0
                text253                            8E42     8E42       34         0
                text252                            950E     950E       24         0
                text251                            6CB8     6CB8       A8         0
                text250                            8658     8658       44         0
                text249                            2A2A     2A2A      1B8         0
                text248                            5A5E     5A5E       EE         0
                text247                            8A2C     8A2C       3C         0
                text246                            2F24     2F24      19A         0
                text245                           13CB2    13CB2      938         0
                text244                            5878     5878       F6         0
                text243                            7F88     7F88       5C         0
                text242                            8BF4     8BF4       38         0
                text241                            8BBC     8BBC       38         0
                text240                            8B84     8B84       38         0
                text239                            8B4C     8B4C       38         0
                text238                            8E0E     8E0E       34         0
                text237                            8DDA     8DDA       34         0
                text236                            8DA6     8DA6       34         0
                text235                            83C6     83C6       4C         0
                text234                            9B72     9B72        8         0
                text233                            95BA     95BA       22         0
                text232                            9C74     9C74        4         0
                text231                            9620     9620       20         0
                text230                            9A9A     9A9A        E         0
                text229                            436C     436C      148         0
                text228                            94EA     94EA       24         0
                text227                            9A8C     9A8C        E         0
                text226                            9A7E     9A7E        E         0
                text225                            9A70     9A70        E         0
                text224                            793E     793E       7A         0
                text223                            9776     9776       18         0
                text222                            93BC     93BC       26         0
                text221                            972C     972C       1A         0
                text220                            9A62     9A62        E         0
                text219                            9A54     9A54        E         0
                text218                            8B14     8B14       38         0
                text217                            9A46     9A46        E         0
                text216                            9A38     9A38        E         0
                text215                            7F2A     7F2A       5E         0
                text214                            967C     967C       1E         0
                text213                            9A2A     9A2A        E         0
                text212                            9A1C     9A1C        E         0
                text211                            7ECC     7ECC       5E         0
                text210                            9A0E     9A0E        E         0
                text209                            9A00     9A00        E         0
                text208                            99F2     99F2        E         0
                text207                            99E4     99E4        E         0
                text206                            99D6     99D6        E         0
                text205                            6B66     6B66       AA         0
                text204                            99C8     99C8        E         0
                text203                            99BA     99BA        E         0
                text202                            99AC     99AC        E         0
                text201                            999E     999E        E         0
                text200                            9990     9990        E         0
                text199                            6ABC     6ABC       AA         0
                text198                            7C66     7C66       6A         0
                text197                            7B1A     7B1A       70         0
                text196                            8584     8584       48         0
                text195                            80F0     80F0       56         0
                text194                           1C290    1C290      3DA         0
                text193                            773E     773E       82         0
                text192                           16982    16982      656         0
                text191                             BAC      BAC      23E         0
                text190                           1ADC6    1ADC6      458         0
                text189                            97EE     97EE       16         0
                text188                            9982     9982        E         0
                text187                            9974     9974        E         0
                text186                             278      278      254         0
                text185                             71E      71E      24C         0
                text184                            975E     975E       18         0
                text183                            9746     9746       18         0
                text182                            36E8     36E8      17A         0
                text181                            8D72     8D72       34         0
                text180                            356C     356C      17C         0
                text179                            40CE     40CE      150         0
                text178                            1FAC     1FAC      1CC         0
                text177                            4C20     4C20      12A         0
                text176                           1C66A    1C66A      3B2         0
                text175                           1DF26    1DF26      354         0
                text174                           1964A    1964A      4FC         0
                text173                            7632     7632       88         0
                text172                            886E     886E       42         0
                text171                            98DE     98DE       10         0
                text170                            882C     882C       42         0
                text169                            98CE     98CE       10         0
                text168                            5782     5782       F6         0
                text167                            8D3E     8D3E       34         0
                text166                            3E16     3E16      160         0
                text165                            8ADC     8ADC       38         0
                text164                            98BE     98BE       10         0
                text163                            98AE     98AE       10         0
                text162                            7376     7376       90         0
                text161                            8EAA     8EAA       32         0
                text160                            596E     596E       F0         0
                text159                           17BD6    17BD6      58E         0
                text158                            2BE2     2BE2      1A4         0
                text157                            9C50     9C50        6         0
                text156                            4F7E     4F7E      10E         0
                text155                            568A     568A       F8         0
                text154                            7250     7250       94         0
                text153                           1BA94    1BA94      408         0
                text152                            87EA     87EA       42         0
                text151                            917A     917A       2C         0
                text150                           1D4EA    1D4EA      374         0
                text149                            9B6A     9B6A        8         0
                text148                            9B62     9B62        8         0
                text147                            9B5A     9B5A        8         0
                text146                            9B52     9B52        8         0
                text145                            9B4A     9B4A        8         0
                text144                            5498     5498       FA         0
                text143                            853C     853C       48         0
                text142                           186D0    186D0      566         0
                text141                            539E     539E       FA         0
                text140                            832C     832C       4E         0
                text139                            3862     3862      174         0
                text138                            6A0E     6A0E       AE         0
                text137                            92F6     92F6       28         0
                text136                            87A8     87A8       42         0
                text135                            982E     982E       14         0
                text134                            92CE     92CE       28         0
                text133                            7BFA     7BFA       6C         0
                text132                            1A0E     1A0E      1E6         0
                text131                            989E     989E       10         0
                text130                            9C70     9C70        4         0
                text129                            9C6C     9C6C        4         0
                text128                            89F0     89F0       3C         0
                text127                            6502     6502       C0         0
                text126                            1BF4     1BF4      1E0         0
                text125                            8766     8766       42         0
                text124                            8AA4     8AA4       38         0
                text123                            7AA6     7AA6       74         0
                text122                            4E70     4E70      10E         0
                text121                            828C     828C       50         0
                text120                           16FD8    16FD8      624         0
                text119                            90C2     90C2       2E         0
                text118                            421E     421E      14E         0
                text117                           1FF48    1FF48       B8         0
                text116                           1283C    1283C      A54         0
                text115                            6C10     6C10       A8         0
                text114                            9226     9226       2A         0
                text113                            8FA4     8FA4       30         0
                text112                            8934     8934       40         0
                text111                           1D85E    1D85E      372         0
                text110                           1B21E    1B21E      446         0
                text109                           1A4DC    1A4DC      48A         0
                text108                            6442     6442       C0         0
                text107                            4D4A     4D4A      126         0
                text106                           1DBD0    1DBD0      356         0
                text105                           1EF2E    1EF2E      2FE         0
                text104                            529C     529C      102         0
                text103                            89B4     89B4       3C         0
                text102                            5EBA     5EBA       CE         0
                text101                            8146     8146       54         0
                text100                            9B22     9B22        A         0
                text99                             9B18     9B18        A         0
                text98                            1D158    1D158      392         0
                text97                             49B4     49B4      138         0
                text96                             7A30     7A30       76         0
                text95                              96A      96A      242         0
                text94                             24FA     24FA      1BC         0
                text93                            16326    16326      65C         0
                text92                             68AA     68AA       B4         0
                text91                            14ECC    14ECC      720         0
                text90                             91FC     91FC       2A         0
                text89                             8CD2     8CD2       36         0
                text88                             7840     7840       80         0
                text87                             67F6     67F6       B4         0
                text86                             7D38     7D38       68         0
                text85                             7406     7406       8E         0
                text84                            11CFE    11CFE      B3E         0
                text83                            13290    13290      A22         0
                text82                            1A036    1A036      4A6         0
                text81                             819A     819A       52         0
                text80                             9C68     9C68        4         0
                text79                             9C4A     9C4A        6         0
                text78                             9C44     9C44        6         0
                text77                             9966     9966        E         0
                text76                             9C3E     9C3E        6         0
                text75                             965E     965E       1E         0
                text74                             9958     9958        E         0
                text73                             9C38     9C38        6         0
                text72                             9C32     9C32        6         0
                text71                             9C2C     9C2C        6         0
                text70                             9640     9640       1E         0
                text69                             994A     994A        E         0
                text68                             9C26     9C26        6         0
                text67                             9C20     9C20        6         0
                text66                             9094     9094       2E         0
                text65                             8614     8614       44         0
                text64                             837A     837A       4C         0
                text63                             9396     9396       26         0
                text62                             6D60     6D60       A4         0
                text61                             33E2     33E2      18A         0
                text60                             9C1A     9C1A        6         0
                text59                             2D86     2D86      19E         0
                text58                            175FC    175FC      5DA         0
                text57                             3F76     3F76      158         0
                text56                             71BC     71BC       94         0
                text55                             6124     6124       CC         0
                text54                             8C9C     8C9C       36         0
                text53                             9868     9868       12         0
                text52                             1822     1822      1EC         0
                text51                            1CA1C    1CA1C      3A0         0
                text50                             9C14     9C14        6         0
                text49                             9598     9598       22         0
                text48                             9576     9576       22         0
                text47                             9C0E     9C0E        6         0
                text46                            155EC    155EC      6C8         0
                text45                            1E5CC    1E5CC      33A         0
                text44                            19B46    19B46      4F0         0
                text43                             3254     3254      18E         0
                text42                            1A966    1A966      460         0
                text41                            18164    18164      56C         0
                text40                             30BE     30BE      196         0
                text39                             5196     5196      106         0
                text38                             9AD2     9AD2        C         0
                text37                             993C     993C        E         0
                text36                             5B4C     5B4C       EA         0
                text35                             7494     7494       8A         0
                text34                             1DD4     1DD4      1D8         0
                text33                             823C     823C       50         0
                text32                             94C6     94C6       24         0
                text31                             8724     8724       42         0
                text30                             9554     9554       22         0
                text29                             9532     9532       22         0
                text28                            1104A    1104A      CB4         0
                text27                            1BE9C    1BE9C      3F4         0
                text26                             7084     7084       9E         0
                text25                            15CB4    15CB4      672         0
                text24                             695E     695E       B0         0
                text23                             81EC     81EC       50         0
                text22                             845E     845E       4A         0
                text21                             1632     1632      1F0         0
                text20                             91D2     91D2       2A         0
                text19                             981A     981A       14         0
                text18                               1E       1E      25A         0
                text17                             7DA0     7DA0       66         0
                text16                             78C0     78C0       7E         0
                text15                             7E6A     7E6A       62         0
                text14                            19146    19146      504         0
                text13                             9C08     9C08        6         0
                text12                             7FE4     7FE4       5A         0
                text11                             39D6     39D6      170         0
                text10                             77C0     77C0       80         0
                text9                              5592     5592       F8         0
                text8                              233A     233A      1C0         0
                text7                              143A     143A      1F8         0
                text6                              3CB4     3CB4      162         0
                text5                              4AEC     4AEC      134         0
                text4                              9C02     9C02        6         0
                text3                             10000    10000     104A         0
                text2                              992E     992E        E         0
                text1                              7122     7122       9A         0
                text0                             1FCE0    1FCE0      268         0
                cinit                              26B6     26B6      1BA         0
                idataBANK21                        5D1A     5D1A       D0         0
                idataBANK19                        7CD0     7CD0       68         0
                idataBANK10                        8098     8098       58         0
                idataBANK9                         9B0D     9B0D        A         0
                idataBANK8                         9856     9856       12         0
                idataBANK7                         9C90     9C90        1         0
                idataBANK6                         9B02     9B02        B         0

        CLASS   CONST          

        CLASS   SMALLCONST     

        CLASS   MEDIUMCONST    
                mediumconst                        EB94     EB94     146C         0

        CLASS   COMRAM         
                cstackCOMRAM                        501      501       57         1
                bssCOMRAM                           558      558        4         1

        CLASS   ABS1           

        CLASS   BIGRAM         
                bssBIGRAM                          15D0     15D0      EC8         1

        CLASS   RAM            

        CLASS   BANK5          
                cstackBANK5                         560      560       A0         1

        CLASS   BANK6          
                cstackBANK6                         600      600       BD         1
                dataBANK6                           6F5      6F5        B         1
                bssBANK6                            6BD      6BD       38         1

        CLASS   BANK7          
                cstackBANK7                         700      700       C3         1
                dataBANK7                           7FE      7FE        1         1
                bssBANK7                            7C3      7C3       3B         1

        CLASS   BANK8          
                cstackBANK8                         800      800       78         1
                dataBANK8                           8EE      8EE       12         1
                bssBANK8                            878      878       76         1

        CLASS   BANK9          
                dataBANK9                           9EC      9EC        A         1
                bssBANK9                            900      900       EC         1
                nvBANK9                             9F6      9F6        9         1

        CLASS   BANK10         
                cstackBANK10                        AD2      AD2        2         1
                dataBANK10                          A7A      A7A       58         1
                bssBANK10                           A00      A00       7A         1

        CLASS   BANK11         
                bssBANK11                           B00      B00      100         1

        CLASS   BANK12         
                bssBANK12                           C00      C00       F6         1

        CLASS   BANK13         
                bssBANK13                           D00      D00       F7         1

        CLASS   BANK14         
[...]

/Applications/microchip/xc8/v2.46/pic/sources/c99/common/isdigit.c estimated size: 36

/Applications/microchip/xc8/v2.46/pic/sources/c99/common/abs.c
		_abs           		CODE           	9346	0000	40

/Applications/microchip/xc8/v2.46/pic/sources/c99/common/abs.c estimated size: 40

/Applications/microchip/xc8/v2.46/pic/sources/c99/common/sprcadd.c
		___flsub       		CODE           	85CC	0000	72
		___fladd       		CODE           	1EC22	0000	780

/Applications/microchip/xc8/v2.46/pic/sources/c99/common/sprcadd.c estimated size: 852

mcc_generated_files/clc2.c
		_CLC2_ISR      		CODE           	9BEA	0000	8
		_CLC2_Initialize		CODE           	8BBC	0000	56

mcc_generated_files/clc2.c estimated size: 64

/Applications/microchip/xc8/v2.46/pic/sources/c99/common/awmod.c
		___awmod       		CODE           	7B8A	0000	112

/Applications/microchip/xc8/v2.46/pic/sources/c99/common/awmod.c estimated size: 112

/Applications/microchip/xc8/v2.46/pic/sources/c99/common/doprnt.c
		_read_prec_or_width		CODE           	673E	0000	184
		_vfpfcnvrt     		CODE           	18C36	0000	1296
		_efgtoa        		CODE           	145EA	0000	2274
		_pad           		CODE           	79B8	0000	120
		_ctoa          		CODE           	72E4	0000	146
		_dtoa          		CODE           	4878	0000	316
		_vfprintf      		CODE           	84A8	0000	74
		_stoa          		CODE           	4738	0000	320
		_xtoa          		CODE           	5C36	0000	228

/Applications/microchip/xc8/v2.46/pic/sources/c99/common/doprnt.c estimated size: 4958

mcc_generated_files/dma1.c
		_DMA1_Initialize		CODE           	83C6	0000	76
		_DMA1_StartTransferWithTrigger		CODE           	9B36	0000	10
		_DMA1_SetSourceAddress		CODE           	9842	0000	20
		_DMA1_SetSourceSize		CODE           	98FE	0000	16
		_DMA1_StopTransfer		CODE           	9AF6	0000	12

mcc_generated_files/dma1.c estimated size: 134

mcc_generated_files/fatfs/diskio.c
		_disk_initialize		CODE           	90C2	0000	46
		_disk_write    		CODE           	832C	0000	78
		_disk_status   		CODE           	89F0	0000	60
		_disk_ioctl    		CODE           	982E	0000	20
		_disk_read     		CODE           	853C	0000	72

mcc_generated_files/fatfs/diskio.c estimated size: 276

mcc_generated_files/fatfs/ff_time.c
		_decimalToFatTime		CODE           	568A	0000	248
		_get_fattime   		CODE           	7250	0000	148

mcc_generated_files/fatfs/ff_time.c estimated size: 396

/Applications/microchip/xc8/v2.46/pic/sources/c99/common/isxdigit.c
		_isxdigit      		CODE           	8724	0000	66

/Applications/microchip/xc8/v2.46/pic/sources/c99/common/isxdigit.c estimated size: 66

/Applications/microchip/xc8/v2.46/pic/sources/c99/common/__rem_pio2f.c
		___rem_pio2f   		CODE           	1CDBC	0000	924

/Applications/microchip/xc8/v2.46/pic/sources/c99/common/__rem_pio2f.c estimated size: 924

/Applications/microchip/xc8/v2.46/pic/sources/c99/common/strtof.c
		_strtof        		CODE           	1104A	0000	3252

/Applications/microchip/xc8/v2.46/pic/sources/c99/common/strtof.c estimated size: 3252

mcc_generated_files/pwm1_16bit.c
		_PWM1_16BIT_Disable		CODE           	9C68	0000	4
		_PWM1_16BIT_Period_SetInterruptHandler		CODE           	9A8C	0000	14
		_PWM1_16BIT_Slice1Output1_SetInterruptHandler		CODE           	9A7E	0000	14
		_PWM1_16BIT_Slice1Output2_SetInterruptHandler		CODE           	9A70	0000	14
		_PWM1_16BIT_Initialize		CODE           	793E	0000	122

mcc_generated_files/pwm1_16bit.c estimated size: 168

/Applications/microchip/xc8/v2.46/pic/sources/c99/common/nf_getc.c
		_fgetc         		CODE           	5B4C	0000	234
		_ungetc        		CODE           	7494	0000	138

/Applications/microchip/xc8/v2.46/pic/sources/c99/common/nf_getc.c estimated size: 372

motion.c
		_motion_data_read		CODE           	7DA0	0000	102
		_motion_initialize		CODE           	8C9C	0000	54
		_motion_print_gyro		CODE           	18164	0000	1388
		_motion_data_interrupt		CODE           	8A68	0000	60
		_motion_print_accel		CODE           	1E5CC	0000	826
		_angle_level_disp_average_v2		CODE           	30BE	0000	406
		_angle_level_tilt_disp_init		CODE           	7B1A	0000	112
		_angle_level_disp		CODE           	9AD2	0000	12
		_motion_print_error		CODE           	7E6A	0000	98
		_motion_data_remain_check		CODE           	78C0	0000	126
		_angle_level_tilt_print		CODE           	19B46	0000	1264
		_motion_save   		CODE           	9C08	0000	6
		_angle_level_tiltLED		CODE           	5196	0000	262
		_motion_clear  		CODE           	8614	0000	68

motion.c estimated size: 4784

colorLCD.c
		_LCD_spi_open  		CODE           	9B2C	0000	10
		_LCD_spi_sendByte		CODE           	9ADE	0000	12
		_LCD_DrawBox   		CODE           	751E	0000	138
		_LCD_spi_close 		CODE           	98EE	0000	16
		_LCD_DrawLine  		CODE           	3254	0000	398
		_LCD_ClearScreen		CODE           	6E04	0000	160
		_LCD_PutCHR    		CODE           	101C	0000	544
		_LCD_SetPixel  		CODE           	803E	0000	90
		_LCD_SetColor  		CODE           	97BE	0000	24
		_LCD_DrawCircle		CODE           	1FAC	0000	460
		_LCD_Title_Clear		CODE           	88B0	0000	66
		_LCD_FontData_Generate		CODE           	3B46	0000	366
		_LCD_DrawFillCircle		CODE           	4C20	0000	298
		_LCD_Printf    		CODE           	1F51E	0000	688
		_LCD_DrawFillBox		CODE           	6380	0000	194
		_LCD_Title     		CODE           	5F88	0000	206
		_LCD_spi_sendCommand		CODE           	9AEA	0000	12
		_LCD_initialize		CODE           	62BC	0000	196

colorLCD.c estimated size: 3878

/Applications/microchip/xc8/v2.46/pic/sources/c99/common/sinf.c
		_sinf          		CODE           	1B664	0000	1072

/Applications/microchip/xc8/v2.46/pic/sources/c99/common/sinf.c estimated size: 1072

/Applications/microchip/xc8/v2.46/pic/sources/c99/common/labs.c
		_labs          		CODE           	84F2	0000	74

/Applications/microchip/xc8/v2.46/pic/sources/c99/common/labs.c estimated size: 74

mcc_generated_files/drivers/spi_master.c
		_LCDDMA_open   		CODE           	9B62	0000	8
		_SDSLOW_open   		CODE           	9B4A	0000	8
		_LCD_open      		CODE           	9B52	0000	8
		_TOUCH_open    		CODE           	9B6A	0000	8
		_SDFAST_open   		CODE           	9B5A	0000	8

mcc_generated_files/drivers/spi_master.c estimated size: 40

shared
		_S1            		MEDIUMCONST    	0000	0000	0
		_aT1           		MEDIUMCONST    	0000	0000	0
		_S2            		MEDIUMCONST    	0000	0000	0
		_S3            		MEDIUMCONST    	0000	0000	0
		_aT2           		MEDIUMCONST    	0000	0000	0
		_S4            		MEDIUMCONST    	0000	0000	0
		_clear_shot_data		MEDIUMCONST    	EED7	0000	51
		_aT3           		MEDIUMCONST    	0000	0000	0
		RTC8900_time_set@F18971		MEDIUMCONST    	EDE6	0000	104
		_aT4           		MEDIUMCONST    	0000	0000	0
		_title         		MEDIUMCONST    	F5C8	0000	17
		_version       		MEDIUMCONST    	F5FA	0000	5
		_atanhi        		MEDIUMCONST    	EF38	0000	16
		_str_com_target_id		MEDIUMCONST    	F5D9	0000	10
		i2_TMR3_WriteTimer		CODE           	96B8	0000	30
		_str_com_aimpoint		MEDIUMCONST    	F5E3	0000	9
		_bu_text_setup 		MEDIUMCONST    	F4BE	0000	154
		_str_com_bright		MEDIUMCONST    	F5EC	0000	7
		_str_com_offset		MEDIUMCONST    	F5F3	0000	7
		_ExCvt         		MEDIUMCONST    	ECEE	0000	128
		_target_mode_mes		MEDIUMCONST    	F369	0000	176
		_font5x7       		MEDIUMCONST    	EFA9	0000	960
		_s1pio2        		MEDIUMCONST    	0000	0000	0
		__initialization		CODE           	26B6	0000	436
		_s2pio2        		MEDIUMCONST    	0000	0000	0
		_s3pio2        		MEDIUMCONST    	0000	0000	0
		target_menu@F19035		MEDIUMCONST    	ED6E	0000	120
		_s4pio2        		MEDIUMCONST    	0000	0000	0
		i2_TMR1_WriteTimer		CODE           	96D6	0000	30
		target_menu@F19039		MEDIUMCONST    	EB95	0000	195
		_pio2_1t       		MEDIUMCONST    	0000	0000	0
		_sdmmc_cmdtable		MEDIUMCONST    	EE4E	0000	80
		_clear_status  		MEDIUMCONST    	EF48	0000	13
		_i2c1_fsmStateTable		MEDIUMCONST    	EE9E	0000	57
		_half          		MEDIUMCONST    	0000	0000	0
		_pio2_1        		MEDIUMCONST    	0000	0000	0
		_C0            		MEDIUMCONST    	0000	0000	0
		_C1            		MEDIUMCONST    	0000	0000	0
		_C2            		MEDIUMCONST    	0000	0000	0
		_C3            		MEDIUMCONST    	0000	0000	0
		_spiMaster     		MEDIUMCONST    	EC58	0000	150
		_invpio2       		MEDIUMCONST    	0000	0000	0
		_spi1_configuration		MEDIUMCONST    	EF0A	0000	30
		_button_setup  		MEDIUMCONST    	F558	0000	112
		_aT0           		MEDIUMCONST    	0000	0000	0
		_vmeasure_err_mes		MEDIUMCONST    	F419	0000	165
		_atanlo        		MEDIUMCONST    	EF28	0000	16

shared estimated size: 3078

mcc_generated_files/smt1.c
		_SMT1_SetPeriod		CODE           	992E	0000	14
		_SMT1_Initialize		CODE           	93BC	0000	38
		_SMT1_PR_ACQ_ISR		CODE           	9BA2	0000	8
		_SMT1_DataAcquisitionEnable		CODE           	9C44	0000	6
		_SMT1_DataAcquisitionDisable		CODE           	9C4A	0000	6
		_SMT1_Overflow_ISR		CODE           	9BB2	0000	8

mcc_generated_files/smt1.c estimated size: 80

mcc_generated_files/mcc.c
		_SystemArbiter_Initialize		CODE           	9A62	0000	14
		_PMD_Initialize		CODE           	94EA	0000	36
		_OSCILLATOR_Initialize		CODE           	9620	0000	32
		_SYSTEM_Initialize		CODE           	7C66	0000	106

mcc_generated_files/mcc.c estimated size: 188

spiDMA.c
		_LCD_spi_Txonly_open		CODE           	97D6	0000	24
		_LCD_spi_Txonly_close		CODE           	990E	0000	16
		_LCD_spi_Txonly_sendCommand		CODE           	988C	0000	18
		_LCD_spi_dma_onceagain		CODE           	96F4	0000	28
		_LCD_spi_Txonly_sendWord		CODE           	9AC4	0000	14
		_LCD_spi_Txonly_address_set		CODE           	869C	0000	68
		_LCD_spi_Txonly_sendByte		CODE           	987A	0000	18
		_LCD_spi_dma   		CODE           	88F2	0000	66

spiDMA.c estimated size: 252

mcc_generated_files/tmr3.c
		_TMR3_ISR      		CODE           	8F0E	0000	50
		_TMR3_GATE_ISR 		CODE           	947A	0000	38
		_TMR3_DefaultGateInterruptHandler		CODE           	9C82	0000	2
		_TMR3_Initialize		CODE           	7ECC	0000	94
		_TMR3_StartSinglePulseAcquisition		CODE           	9C0E	0000	6
		_TMR3_SetInterruptHandler		CODE           	9A1C	0000	14
		_TMR3_StopTimer		CODE           	9C20	0000	6
		_TMR3_Reload   		CODE           	994A	0000	14
		_TMR3_DefaultInterruptHandler		CODE           	9C80	0000	2
		_TMR3_WriteTimer		CODE           	9640	0000	30
		_TMR3_StartTimer		CODE           	9C26	0000	6
		_TMR3_ReadTimer		CODE           	9576	0000	34
		_TMR3_SetGateInterruptHandler		CODE           	9A2A	0000	14

mcc_generated_files/tmr3.c estimated size: 310

SDcard.c
		_motion_log_sd_write		CODE           	19146	0000	1284
		_generate_filename_date		CODE           	36E8	0000	378
		_SDcard_open   		CODE           	68AA	0000	180
		_shot_log_sd_write		CODE           	4AEC	0000	308
		_SDcard_false  		CODE           	8FA4	0000	48
		_SDcard_close  		CODE           	9226	0000	42
		_SDcard_write  		CODE           	8CD2	0000	54
		_shotheader_sd_write		CODE           	7840	0000	128
		_SDcard_false_erase		CODE           	8934	0000	64

SDcard.c estimated size: 2486

mcc_generated_files/pwm3.c
		_PWM3_Initialize		CODE           	9776	0000	24
		_PWM3_LoadDutyValue		CODE           	950E	0000	36

mcc_generated_files/pwm3.c estimated size: 60

/Applications/microchip/xc8/v2.46/pic/sources/c99/common/memcpy.c
		_memcpy        		CODE           	86E0	0000	68

/Applications/microchip/xc8/v2.46/pic/sources/c99/common/memcpy.c estimated size: 68

mcc_generated_files/tmr1.c
		_TMR1_Initialize		CODE           	7F2A	0000	94
		_TMR1_StartSinglePulseAcquisition		CODE           	9C38	0000	6
		_TMR1_SetInterruptHandler		CODE           	9A38	0000	14
		_TMR1_StopTimer		CODE           	9C2C	0000	6
		_TMR1_Reload   		CODE           	9958	0000	14
		_TMR1_DefaultInterruptHandler		CODE           	9C84	0000	2
		_TMR1_WriteTimer		CODE           	965E	0000	30
		_TMR1_StartTimer		CODE           	9C32	0000	6
		_TMR1_ReadTimer		CODE           	9598	0000	34
		_TMR1_SetGateInterruptHandler		CODE           	9A46	0000	14
		_TMR1_ISR      		CODE           	8F40	0000	50
		_TMR1_GATE_ISR 		CODE           	94A0	0000	38
		_TMR1_DefaultGateInterruptHandler		CODE           	9C86	0000	2

mcc_generated_files/tmr1.c estimated size: 310

/Applications/microchip/xc8/v2.46/pic/sources/c99/common/flge.c
		___flge        		CODE           	5DEA	0000	208

/Applications/microchip/xc8/v2.46/pic/sources/c99/common/flge.c estimated size: 208

menu.c
		_target_id_read		CODE           	9C50	0000	6
		_menu_clear_screen		CODE           	8E42	0000	52
		_target_set_up_command		CODE           	596E	0000	240
		_target_offset_h		CODE           	9C02	0000	6
		_target_num_send		CODE           	7406	0000	142
		_write_rom_setup		CODE           	5A5E	0000	238
		_read_rom_setup		CODE           	1822	0000	492
		_setup_menu    		CODE           	1A036	0000	1190
		_touch_menu    		CODE           	13290	0000	2594
		_target_menu   		CODE           	11CFE	0000	2878
		_set_setup     		CODE           	2A2A	0000	440

menu.c estimated size: 8278

/Applications/microchip/xc8/v2.46/pic/sources/c99/common/doscan.c
		_atoaefg       		CODE           	1BE9C	0000	1012
		_is_inf_nan    		CODE           	1DD4	0000	472
		_vfsfcnvrt     		CODE           	15CB4	0000	1650
		_vfscanf       		CODE           	695E	0000	176
		_skipws        		CODE           	823C	0000	80

/Applications/microchip/xc8/v2.46/pic/sources/c99/common/doscan.c estimated size: 3390

/Applications/microchip/xc8/v2.46/pic/sources/c99/common/lwdiv.c
		___lwdiv       		CODE           	819A	0000	82

/Applications/microchip/xc8/v2.46/pic/sources/c99/common/lwdiv.c estimated size: 82

/Applications/microchip/xc8/v2.46/pic/sources/c99/common/sqrtf.c
		_sqrtf         		CODE           	1DF26	0000	852

/Applications/microchip/xc8/v2.46/pic/sources/c99/common/sqrtf.c estimated size: 852

mcc_generated_files/memory.c
		_DATAEE_WriteByte		CODE           	8658	0000	68
		_DATAEE_ReadByte		CODE           	975E	0000	24

mcc_generated_files/memory.c estimated size: 92

BME280_v2.c
		_compensate_H  		CODE           	1C290	0000	986
		_compensate_P  		CODE           	16982	0000	1622
		_compensate_T  		CODE           	0BAC	0000	574
		_BME280_disp   		CODE           	1ADC6	0000	1112
		_Trim_Read     		CODE           	2178	0000	450
		_BME280_initialize		CODE           	65C2	0000	192
		_BME280_frame_disp		CODE           	8584	0000	72

BME280_v2.c estimated size: 5008

/Applications/microchip/xc8/v2.46/pic/sources/c99/common/Umul16.c
		___wmul        		CODE           	93E2	0000	38

/Applications/microchip/xc8/v2.46/pic/sources/c99/common/Umul16.c estimated size: 38

/Applications/microchip/xc8/v2.46/pic/sources/c99/common/awdiv.c
		___awdiv       		CODE           	76BA	0000	132

/Applications/microchip/xc8/v2.46/pic/sources/c99/common/awdiv.c estimated size: 132

/Applications/microchip/xc8/v2.46/pic/sources/c99/common/fltol.c
		___fltol       		CODE           	6682	0000	188

/Applications/microchip/xc8/v2.46/pic/sources/c99/common/fltol.c estimated size: 188

mcc_generated_files/adcc.c
		_ADCC_GetConversionResult		CODE           	97EE	0000	22
		_ADCC_StartConversion		CODE           	9974	0000	14
		_ADCC_Initialize		CODE           	7F88	0000	92
		_ADCC_IsConversionDone		CODE           	9982	0000	14

mcc_generated_files/adcc.c estimated size: 142

mcc_generated_files/clc5.c
		_CLC5_Initialize		CODE           	8E0E	0000	52

mcc_generated_files/clc5.c estimated size: 52

/Applications/microchip/xc8/v2.46/pic/sources/c99/common/aldiv.c
		___aldiv       		CODE           	6124	0000	204

/Applications/microchip/xc8/v2.46/pic/sources/c99/common/aldiv.c estimated size: 204

main.c
		_input_mmi     		CODE           	71BC	0000	148
		_sleep_count_reset		CODE           	9396	0000	38
		_power_off     		CODE           	6CB8	0000	168
		_BatV_disp     		CODE           	0278	0000	596
		_detect_SW1    		CODE           	9BC2	0000	8
		_read_rom_main 		CODE           	9868	0000	18
		_main          		CODE           	1FCE0	0000	616
		_footer_rewrite		CODE           	67F6	0000	180
		_shut_down     		CODE           	33E2	0000	394
		_power_switch  		CODE           	8A2C	0000	60
		_low_battery   		CODE           	2BE2	0000	420

main.c estimated size: 2646

mcc_generated_files/clc3.c
		_CLC3_ISR      		CODE           	9BDA	0000	8
		_CLC3_Initialize		CODE           	8B84	0000	56

mcc_generated_files/clc3.c estimated size: 64

mcc_generated_files/sd_spi/sd_spi.c
		_SD_SPI_IsWriteProtected		CODE           	9C6C	0000	4
		_SD_SPI_IsMediaInitialized		CODE           	989E	0000	16
		_SD_SPI_DelayMilliseconds		CODE           	828C	0000	80
		_SD_SPI_IsMediaPresent		CODE           	9C70	0000	4
		_SD_SPI_SectorWrite		CODE           	539E	0000	250
		_SD_SPI_MediaInitialize		CODE           	16FD8	0000	1572
		_SD_SendCmd    		CODE           	1BA94	0000	1032
		_SD_SPI_AsyncReadTasks		CODE           	1D4EA	0000	884
		_SD_SPI_AsyncWriteTasks		CODE           	186D0	0000	1382
		_SD_SPI_SectorRead		CODE           	5498	0000	250

mcc_generated_files/sd_spi/sd_spi.c estimated size: 5474

Vmeasure4.c
		_vmeasure_initialize		CODE           	7122	0000	154
		_timer1_timeout		CODE           	9B8A	0000	8
		_vmeasure_ready		CODE           	6D60	0000	164
		_print_indicator		CODE           	837A	0000	76
		_print_targetmode		CODE           	17BD6	0000	1422
		_print_target_ctc		CODE           	5592	0000	248
		_target_mode_get		CODE           	9C1A	0000	6
		_print_shot    		CODE           	77C0	0000	128
		_impact_timer_capture		CODE           	9BAA	0000	8
		_detect_sensor1		CODE           	936E	0000	40
		_detect_sensor2		CODE           	9BF2	0000	8
		_detect_sensor3		CODE           	9BE2	0000	8
		_detect_sensor4		CODE           	9BD2	0000	8
		_print_v0      		CODE           	143A	0000	504
		_print_ve      		CODE           	3CB4	0000	354
		_v0_data_reset 		CODE           	3F76	0000	344
		_sensor_connect_check		CODE           	4F7E	0000	270
		_v0_timer_gate 		CODE           	9B92	0000	8
		_set_v0sensor  		CODE           	40CE	0000	336
		_print_i_time  		CODE           	7632	0000	136
		_timer0_timeout		CODE           	9B9A	0000	8
		_ve_timer_gate 		CODE           	9B82	0000	8
		_print_target_xy		CODE           	233A	0000	448
		_timer3_timeout		CODE           	9B7A	0000	8
		_print_v0_chart		CODE           	175FC	0000	1498
		_print_impact_time		CODE           	39D6	0000	368
		_vmeasure      		CODE           	10000	0000	4170
		_print_error   		CODE           	7FE4	0000	90
		_smt_timeout   		CODE           	9BBA	0000	8

Vmeasure4.c estimated size: 10836

/Applications/microchip/xc8/v2.46/pic/sources/c99/common/nf_fputs.c
		_fputs         		CODE           	8C2C	0000	56

/Applications/microchip/xc8/v2.46/pic/sources/c99/common/nf_fputs.c estimated size: 56

/Applications/microchip/xc8/v2.46/pic/sources/c99/common/printf.c
		_printf        		CODE           	931E	0000	40

/Applications/microchip/xc8/v2.46/pic/sources/c99/common/printf.c estimated size: 40

mcc_generated_files/uart4.c
		_UART4_SetRxInterruptHandler		CODE           	999E	0000	14
		_UART4_SetTxInterruptHandler		CODE           	9990	0000	14
		_UART4_Initialize		CODE           	6ABC	0000	170
		_UART4_SetErrorHandler		CODE           	99C8	0000	14
		_UART4_Transmit_ISR		CODE           	9034	0000	48
		_putch         		CODE           	9B40	0000	10
		_UART4_Read    		CODE           	882C	0000	66
		_UART4_DefaultFramingErrorHandler		CODE           	9C7A	0000	2
		_UART4_is_rx_ready		CODE           	98CE	0000	16
		_UART4_is_tx_ready		CODE           	98AE	0000	16
		_UART4_DefaultErrorHandler		CODE           	9C5C	0000	6
		_UART4_RxDataHandler		CODE           	95DC	0000	34
		_UART4_DefaultOverrunErrorHandler		CODE           	9C78	0000	2
		_UART4_Write   		CODE           	8C64	0000	56
		_getch         		CODE           	993C	0000	14
		_UART4_SetFramingErrorHandler		CODE           	99BA	0000	14
		_UART4_SetOverrunErrorHandler		CODE           	99AC	0000	14
		_UART4_Receive_ISR		CODE           	6F44	0000	160

mcc_generated_files/uart4.c estimated size: 670

mcc_generated_files/clc1.c
		_CLC1_ISR      		CODE           	9BFA	0000	8
		_CLC1_Initialize		CODE           	8BF4	0000	56

mcc_generated_files/clc1.c estimated size: 64

