Microchip MPLAB XC8 Compiler V2.46

Linker command line:

--edf=/Applications/microchip/xc8/v2.46/pic/dat/20240104201356_en.msgs \
  -pivt0x8=08h -cn \
  -h+.ca/dist/Config_2/production/BulletLogger_V9_Q43.X.production.sym \
  --cmf=.ca/dist/Config_2/production/BulletLogger_V9_Q43.X.production.cmf \
  -z -Q18F57Q43 -o/tmp/xc1GGmZEu/driver_tmp_3.o --defsym=__MPLAB_BUILD=1 \
  --fixupoverflow=error \
  -M.ca/dist/Config_2/production/BulletLogger_V9_Q43.X.production.map \
  --md=/tmp/xc1GGmZEu/driver_tmp_0.dat -E1 -ver=XC8 Compiler --acfsm=1493 \
  -ACODE=00h-01FFFFh -ACONST=00h-01FFFFh -ASMALLCONST=02500h-025FFhx475 \
  -AMEDIUMCONST=02500h-0FFFFh,012500h-01FFFFh -ACOMRAM=0501h-055Fh \
  -AABS1=0500h-024FFh -ABIGRAM=0501h-024FFh \
  -ARAM=0560h-05FFh,0600h-06FFhx31 -ABANK5=0560h-05FFh -ABANK6=0600h-06FFh \
  -ABANK7=0700h-07FFh -ABANK8=0800h-08FFh -ABANK9=0900h-09FFh \
  -ABANK10=0A00h-0AFFh -ABANK11=0B00h-0BFFh -ABANK12=0C00h-0CFFh \
  -ABANK13=0D00h-0DFFh -ABANK14=0E00h-0EFFh -ABANK15=0F00h-0FFFh \
  -ABANK16=01000h-010FFh -ABANK17=01100h-011FFh -ABANK18=01200h-012FFh \
  -ABANK19=01300h-013FFh -ABANK20=01400h-014FFh -ABANK21=01500h-015FFh \
  -ABANK22=01600h-016FFh -ABANK23=01700h-017FFh -ABANK24=01800h-018FFh \
  -ABANK25=01900h-019FFh -ABANK26=01A00h-01AFFh -ABANK27=01B00h-01BFFh \
  -ABANK28=01C00h-01CFFh -ABANK29=01D00h-01DFFh -ABANK30=01E00h-01EFFh \
  -ABANK31=01F00h-01FFFh -ABANK32=02000h-020FFh -ABANK33=02100h-021FFh \
  -ABANK34=02200h-022FFh -ABANK35=02300h-023FFh -ABANK36=02400h-024FFh \
  -ASFR=00h-0FFhx4,0400h-045Fh,0460h-04FFh,02500h-025FFh \
  -ABIGSFR=00h-04FFh,02500h-025FFh -ACONFIG=0300000h-0300011h \
  -AIDLOC=0200000h-020003Fh -AEEDATA=0380000h-03803FFh -peeprom_data=EEDATA \
  -preset_vec=00h -ppowerup=CODE,init -pramtop=02500h \
  -psmallconst=SMALLCONST -pmediumconst=MEDIUMCONST -pconst=CONST \
  -AFARRAM=00h-00h \
  -prdata=COMRAM,nvrram=COMRAM,nvbit=COMRAM,rbss=COMRAM,rbit=COMRAM \
  -pfarbss=FARRAM,fardata=FARRAM,nvFARRAM=FARRAM \
  -pintsave_regs=BIGRAM,bigbss=BIGRAM,bigdata=BIGRAM -pbss=RAM \
  -pidata=CODE,irdata=CODE,ibigdata=CODE,ifardata=CODE -prparam=COMRAM \
  /tmp/xc1GGmZEu/driver_tmp_15.o \
  .ca/dist/Config_2/production/BulletLogger_V9_Q43.X.production.o 

Object code version is 3.11

Machine type is 18F57Q43



                Name                               Link     Load   Length Selector   Space Scale
/tmp/xc1GGmZEu/driver_tmp_15.o
                idloc                            200000   200000       40        0       5
                config                           300000   300000        A        0       4
                init                                 1A       1A        4        4       0
                reset_vec                             0        0        4        0       0
.ca/dist/Config_2/production/BulletLogger_V9_Q43.X.production.o
                eeprom_data                      380000   380000       18   380000       0
                idloc                            200000   200000       40        0       5
                config                           300000   300000        A        0       4
                mediumconst                        EB94     EB94     146C     75CA       0
                ivt0x8                                8        8       12        4       0
                text398                            9164     9164       28        4       0
                text397                            99BE     99BE        8     4C65       0
                text396                            99B6     99B6        8     4C65       0
                text395                            99AE     99AE        8     4C65       0
                text394                            99A6     99A6        8     4C65       0
                text393                            999E     999E        8     4C65       0
                text392                            9996     9996        8     4C65       0
                text391                            998E     998E        8     4C65       0
                text390                            9986     9986        8     4C65       0
                text389                            9A44     9A44        2     4C65       0
                text388                            909A     909A       2A        4       0
                text387                            8702     8702       40        4       0
                text386                            9A42     9A42        2     4C65       0
                text385                            9070     9070       2A        4       0
                text384                            96EA     96EA       10        4       0
                text383                            9A40     9A40        2     4C65       0
                text382                            9046     9046       2A        4       0
                text381                            958C     958C       18        4       0
                text380                            997E     997E        8     4C65       0
                text379                            9976     9976        8     4C65       0
                text378                            996E     996E        8     4C65       0
                text377                            9966     9966        8     4C65       0
                text376                            995E     995E        8     4C65       0
                text375                            9A3E     9A3E        2     4C65       0
                text374                            8F40     8F40       2E        4       0
                text373                            9956     9956        8     4C65       0
                text372                            9A3C     9A3C        2     4C65       0
                text371                            9296     9296       26        4       0
                text370                            994E     994E        8     4C65       0
                text369                            9A3A     9A3A        2     4C65       0
                text368                            9472     9472       1E        4       0
                text367                            8D38     8D38       32        4       0
                text366                            9946     9946        8     4C65       0
                text365                            9A38     9A38        2     4C65       0
                text364                            9270     9270       26        4       0
                text363                            993E     993E        8     4C65       0
                text362                            9A36     9A36        2     4C65       0
                text361                            9454     9454       1E        4       0
                text360                            8D06     8D06       32        4       0
                text359                            93F4     93F4       22        4       0
                text358                            99FC     99FC        6     4C65       0
                text357                            9A34     9A34        2     4C65       0
                text356                            9A32     9A32        2     4C65       0
                text355                            6DD0     6DD0       A0        4       0
                text354                            8E2A     8E2A       30        4       0
                text353                            93D2     93D2       22        4       0
                text352                            99F6     99F6        6     4C65       0
                text351                            9A30     9A30        2     4C65       0
                text350                            9A2E     9A2E        2     4C65       0
                text349                            6D30     6D30       A0        4       0
                text348                            8DFA     8DFA       30        4       0
                text347                            4DDE     4DDE      10A        4       0
                text346                            8DCA     8DCA       30        4       0
                text345                            8FC6     8FC6       2C        4       0
                text344                            8F12     8F12       2E        4       0
                text343                            924A     924A       26        4       0
                text342                            8EE4     8EE4       2E        4       0
                text341                            9224     9224       26        4       0
                text340                            91FE     91FE       26        4       0
                text339                            81E4     81E4       4C        4       0
                text338                            7BE0     7BE0       64        4       0
                text337                            1F32     1F32      1C2        4       0
                text336                            8D9A     8D9A       30        4       0
                text335                            89C2     89C2       38        4       0
                text334                            98FC     98FC        A     4C65       0
                text333                            6C90     6C90       A0        4       0
                text332                            703C     703C       92        4       0
                text331                            74A0     74A0       84        4       0
                text330                            7966     7966       70        4       0
                text329                            913C     913C       28        4       0
                text328                            898A     898A       38        4       0
                text327                            7794     7794       78        4       0
                text326                            45DC     45DC      13C        4       0
                text325                           1F8F4    1F8F4      288     8000       0
                text324                            738E     738E       8A        4       0
                text323                            5B2E     5B2E       D0        4       0
                text322                           1E4A4    1E4A4      32C     8000       0
                text321                            8EB6     8EB6       2E        4       0
                text320                           1EAE6    1EAE6      30C     8000       0
                text319                            839E     839E       48        4       0
                text318                            63BC     63BC       BC        4       0
                text317                            5E66     5E66       CC        4       0
                text316                            27C2     27C2      1AC        4       0
                text315                            82C4     82C4       4A        4       0
                text314                            84B2     84B2       44        4       0
                text313                            8CD4     8CD4       32        4       0
                text312                           1457C    1457C      8DA     8000       0
                text311                            91D8     91D8       26        4       0
                text310                            6530     6530       B8        4       0
                text309                            449C     449C      140        4       0
                text308                            597A     597A       E4        4       0
                text307                           18BA2    18BA2      510     8000       0
                text306                            827A     827A       4A        4       0
                text305                            91B2     91B2       26        4       0
                text304                            62FC     62FC       C0        4       0
                text303                            98F2     98F2        A     4C65       0
                text302                            9668     9668       12        4       0
                text301                            9656     9656       12        4       0
                text300                            9882     9882        E        4       0
                text299                            846E     846E       44        4       0
                text298                            99F0     99F0        6     4C65       0
                text297                            96DA     96DA       10        4       0
                text296                            5CCC     5CCC       CE        4       0
                text295                            95BA     95BA       16        4       0
                text294                            9644     9644       12        4       0
                text293                            9874     9874        E        4       0
                text292                            8834     8834       3C        4       0
                text291                            9936     9936        8     4C65       0
                text290                            94E2     94E2       1A        4       0
                text289                            60BA     60BA       C2        4       0
                text288                            374A     374A      16E        4       0
                text287                           1FDD4    1FDD4      220     8000       0
                text286                            9574     9574       18        4       0
                text285                           1F3BE    1F3BE      2AE     8000       0
                text284                            80B2     80B2       4E        4       0
                text283                            5BFE     5BFE       CE        4       0
                text282                            8640     8640       42        4       0
                text281                            6BF0     6BF0       A0        4       0
                text280                            95A4     95A4       16        4       0
                text279                            98A8     98A8        C        4       0
                text278                            96CA     96CA       10        4       0
                text277                            98E8     98E8        A     4C65       0
                text276                            989C     989C        C        4       0
                text275                            5FF6     5FF6       C4        4       0
                text274                            9866     9866        E        4       0
                text273                            1012     1012      1FE        4       0
                text272                            435C     435C      140        4       0
                text271                            8BD8     8BD8       34        4       0
                text270                           1CCD0    1CCD0      39A     8000       0
                text269                             DE0      DE0      232        4       0
                text268                           1B16A    1B16A      42C     8000       0
                text267                           1E7D0    1E7D0      316     8000       0
                text266                            9858     9858        E        4       0
                text265                            955C     955C       18        4       0
                text264                            9544     9544       18        4       0
                text263                            7E16     7E16       5A        4       0
                text262                            7304     7304       8A        4       0
                text261                             4C8      4C8      252        4       0
                text260                            8AD2     8AD2       36        4       0
                text259                           1F66C    1F66C      288     8000       0
                text258                            4218     4218      144        4       0
                text257                           1EDF2    1EDF2      2EA     8000       0
                text256                            8742     8742       3E        4       0
                text255                            8870     8870       3A        4       0
                text254                            960C     960C       14        4       0
                text253                            8BA4     8BA4       34        4       0
                text252                            8E88     8E88       2E        4       0
                text251                            6AA4     6AA4       A8        4       0
                text250                            842A     842A       44        4       0
                text249                            2612     2612      1B0        4       0
                text248                            57A2     57A2       EE        4       0
                text247                            87F8     87F8       3C        4       0
                text246                            2FD0     2FD0      18E        4       0
                text245                           13C4A    13C4A      932     8000       0
                text244                            54CA     54CA       F6        4       0
                text243                            7D60     7D60       5C        4       0
                text242                            8952     8952       38        4       0
                text241                            8A9C     8A9C       36        4       0
                text240                            891A     891A       38        4       0
                text239                            8A66     8A66       36        4       0
                text238                            8B70     8B70       34        4       0
                text237                            8CA2     8CA2       32        4       0
                text236                            8C70     8C70       32        4       0
                text235                            8198     8198       4C        4       0
                text234                            992E     992E        8     4C65       0
                text233                            93B0     93B0       22        4       0
                text232                            9A2A     9A2A        4     4C65       0
                text231                            9416     9416       20        4       0
                text230                            984A     984A        E        4       0
                text229                            40D0     40D0      148        4       0
                text228                            9304     9304       24        4       0
                text227                            983C     983C        E        4       0
                text226                            982E     982E        E        4       0
                text225                            9820     9820        E        4       0
                text224                            771A     771A       7A        4       0
                text223                            952C     952C       18        4       0
                text222                            918C     918C       26        4       0
                text221                            94C8     94C8       1A        4       0
                text220                            9890     9890        C        4       0
                text219                            9812     9812        E        4       0
                text218                            8A30     8A30       36        4       0
                text217                            9804     9804        E        4       0
                text216                            97F6     97F6        E        4       0
                text215                            7D04     7D04       5C        4       0
                text214                            94AC     94AC       1C        4       0
                text213                            97E8     97E8        E        4       0
                text212                            97DA     97DA        E        4       0
                text211                            7CA6     7CA6       5E        4       0
                text210                            97CC     97CC        E        4       0
                text209                            97BE     97BE        E        4       0
                text208                            97B0     97B0        E        4       0
                text207                            97A2     97A2        E        4       0
                text206                            9794     9794        E        4       0
                text205                            6952     6952       AA        4       0
                text204                            9786     9786        E        4       0
                text203                            9778     9778        E        4       0
                text202                            976A     976A        E        4       0
                text201                            975C     975C        E        4       0
                text200                            974E     974E        E        4       0
                text199                            68A8     68A8       AA        4       0
                text198                            7A42     7A42       6A        4       0
                text197                            78F6     78F6       70        4       0
                text196                            8356     8356       48        4       0
                text195                            7EC8     7EC8       56        4       0
                text194                           1C1A4    1C1A4      3DA     8000       0
                text193                            7524     7524       82        4       0
                text192                           168F8    168F8      656     8000       0
                text191                             BA2      BA2      23E        4       0
                text190                           1AD16    1AD16      454     8000       0
                text189                            95F8     95F8       14        4       0
                text188                            9740     9740        E        4       0
                text187                            9732     9732        E        4       0
                text186                             274      274      254        4       0
                text185                             71A      71A      24A        4       0
                text184                            9514     9514       18        4       0
                text183                            94FC     94FC       18        4       0
                text182                            3464     3464      176        4       0
                text181                            8B3C     8B3C       34        4       0
                text180                            32E8     32E8      17C        4       0
                text179                            3E3C     3E3C      14C        4       0
                text178                            1D66     1D66      1CC        4       0
                text177                            497C     497C      12A        4       0
                text176                           1C57E    1C57E      3B2     8000       0
                text175                           1DACA    1DACA      354     8000       0
                text174                           190B2    190B2      4FC     8000       0
                text173                            7418     7418       88        4       0
                text172                            85FE     85FE       42        4       0
                text171                            96BA     96BA       10        4       0
                text170                            85BC     85BC       42        4       0
                text169                            96AA     96AA       10        4       0
                text168                            55C0     55C0       F2        4       0
                text167                            8B08     8B08       34        4       0
                text166                            3B84     3B84      160        4       0
                text165                            88E2     88E2       38        4       0
                text164                            969A     969A       10        4       0
                text163                            968A     968A       10        4       0
                text162                            71EC     71EC       8E        4       0
                text161                            8C3E     8C3E       32        4       0
                text160                            56B2     56B2       F0        4       0
                text159                           17B4C    17B4C      58E     8000       0
                text158                            296E     296E      1A4        4       0
                text157                            99EA     99EA        6     4C65       0
                text156                            4BC6     4BC6      10E        4       0
                text155                            52DC     52DC       F8        4       0
                text154                            6FA8     6FA8       94        4       0
                text153                           1B9A8    1B9A8      408     8000       0
                text152                            857A     857A       42        4       0
                text151                            8F9A     8F9A       2C        4       0
                text150                           1D3FC    1D3FC      374     8000       0
                text149                            9926     9926        8     4C65       0
                text148                            991E     991E        8     4C65       0
                text147                            9916     9916        8     4C65       0
                text146                            990E     990E        8     4C65       0
                text145                            9906     9906        8     4C65       0
                text144                            51E2     51E2       FA        4       0
                text143                            830E     830E       48        4       0
                text142                           180DA    180DA      566     8000       0
                text141                            50E8     50E8       FA        4       0
                text140                            814C     814C       4C        4       0
                text139                            35DA     35DA      170        4       0
                text138                            67FC     67FC       AC        4       0
                text137                            9114     9114       28        4       0
                text136                            8538     8538       42        4       0
                text135                            95E4     95E4       14        4       0
                text134                            90EC     90EC       28        4       0
                text133                            79D6     79D6       6C        4       0
                text132                            17D4     17D4      1E0        4       0
                text131                            967A     967A       10        4       0
                text130                            9A26     9A26        4     4C65       0
                text129                            9A22     9A22        4     4C65       0
                text128                            87BC     87BC       3C        4       0
                text127                            623C     623C       C0        4       0
                text126                            19B4     19B4      1DA        4       0
                text125                            86C2     86C2       40        4       0
                text124                            88AA     88AA       38        4       0
                text123                            7882     7882       74        4       0
                text122                            4CD4     4CD4      10A        4       0
                text121                            8014     8014       50        4       0
                text120                           16F4E    16F4E      624     8000       0
                text119                            8F6E     8F6E       2C        4       0
                text118                            3F88     3F88      148        4       0
                text117                            6478     6478       B8        4       0
                text116                           127E6    127E6      A44     8000       0
                text115                            69FC     69FC       A8        4       0
                text114                            90C4     90C4       28        4       0
                text113                            8D6A     8D6A       30        4       0
                text112                            8682     8682       40        4       0
                text111                           1D770    1D770      35A     8000       0
                text110                           1B596    1B596      412     8000       0
                text109                           1A438    1A438      47E     8000       0
                text108                            617C     617C       C0        4       0
                text107                            4AA6     4AA6      120        4       0
                text106                           1DE1E    1DE1E      34E     8000       0
                text105                           1F0DC    1F0DC      2E2     8000       0
                text104                            4FEE     4FEE       FA        4       0
                text103                            8780     8780       3C        4       0
                text102                            5F32     5F32       C4        4       0
                text101                            7F1E     7F1E       54        4       0
                text100                            98DE     98DE        A     4C65       0
                text99                             98D4     98D4        A     4C65       0
                text98                            1D06A    1D06A      392     8000       0
                text97                             484C     484C      130        4       0
                text96                             780C     780C       76        4       0
                text95                              964      964      23E        4       0
                text94                             22AC     22AC      1B4        4       0
                text93                            162A0    162A0      658     8000       0
                text92                             674C     674C       B0        4       0
                text91                            14E56    14E56      712     8000       0
                text90                             901C     901C       2A        4       0
                text89                             8C0C     8C0C       32        4       0
                text88                             76A0     76A0       7A        4       0
                text87                             65E8     65E8       B4        4       0
                text86                             7B7A     7B7A       66        4       0
                text85                             715E     715E       8E        4       0
                text84                            11CB2    11CB2      B34     8000       0
                text83                            1322A    1322A      A20     8000       0
                text82                            19F92    19F92      4A6     8000       0
                text81                             7F72     7F72       52        4       0
                text80                             9A1E     9A1E        4     4C65       0
                text79                             9A1A     9A1A        4     4C65       0
                text78                             9A16     9A16        4     4C65       0
                text77                             98CA     98CA        A     4C65       0
                text76                             99E4     99E4        6     4C65       0
                text75                             9436     9436       1E        4       0
                text74                             9724     9724        E        4       0
                text73                             9A12     9A12        4     4C65       0
                text72                             9A0E     9A0E        4     4C65       0
                text71                             99DE     99DE        6     4C65       0
                text70                             9490     9490       1C        4       0
                text69                             9716     9716        E        4       0
                text68                             9A0A     9A0A        4     4C65       0
                text67                             9A06     9A06        4     4C65       0
                text66                             8E5A     8E5A       2E        4       0
                text65                             83E6     83E6       44        4       0
                text64                             8100     8100       4C        4       0
                text63                             92E0     92E0       24        4       0
                text62                             6B4C     6B4C       A4        4       0
                text61                             315E     315E      18A        4       0
                text60                             99D8     99D8        6     4C65       0
                text59                             2B12     2B12      19A        4       0
                text58                            17572    17572      5DA     8000       0
                text57                             3CE4     3CE4      158        4       0
                text56                             70CE     70CE       90        4       0
                text55                             5D9A     5D9A       CC        4       0
                text54                             89FA     89FA       36        4       0
                text53                             9632     9632       12        4       0
                text52                             1400     1400      1EC        4       0
                text51                            1C930    1C930      3A0     8000       0
                text50                             99D2     99D2        6     4C65       0
                text49                             938E     938E       22        4       0
                text48                             936C     936C       22        4       0
                text47                             9A02     9A02        4     4C65       0
                text46                            15568    15568      6C6     8000       0
                text45                            1E16C    1E16C      338     8000       0
                text44                            19AA6    19AA6      4EC     8000       0
                text43                             2E42     2E42      18E        4       0
                text42                            1A8B6    1A8B6      460     8000       0
                text41                            18640    18640      562     8000       0
                text40                             2CAC     2CAC      196        4       0
                text39                             4EE8     4EE8      106        4       0
                text38                            1FFF4    1FFF4        C     8000       0
                text37                             9708     9708        E        4       0
                text36                             5890     5890       EA        4       0
                text35                             727A     727A       8A        4       0
                text34                             1B8E     1B8E      1D8        4       0
                text33                             7FC4     7FC4       50        4       0
                text32                             92BC     92BC       24        4       0
                text31                             84F6     84F6       42        4       0
                text30                             934A     934A       22        4       0
                text29                             9328     9328       22        4       0
                text28                            1104A    1104A      C68     8000       0
                text27                            1BDB0    1BDB0      3F4     8000       0
                text26                             6E70     6E70       9E        4       0
                text25                            15C2E    15C2E      672     8000       0
                text24                             669C     669C       B0        4       0
                text23                             8064     8064       4E        4       0
                text22                             8230     8230       4A        4       0
                text21                             15EC     15EC      1E8        4       0
                text20                             8FF2     8FF2       2A        4       0
                text19                             95D0     95D0       14        4       0
                text18                            1FB7C    1FB7C      258     8000       0
                text17                             7B14     7B14       66        4       0
                text16                             7626     7626       7A        4       0
                text15                             7C44     7C44       62        4       0
                text14                            195AE    195AE      4F8     8000       0
                text13                             99CC     99CC        6     4C65       0
                text12                             7DBC     7DBC       5A        4       0
                text11                             38B8     38B8      16C        4       0
                text10                             75A6     75A6       80        4       0
                text9                              53D4     53D4       F6        4       0
                text8                              20F4     20F4      1B8        4       0
                text7                              1210     1210      1F0        4       0
                text6                              3A24     3A24      160        4       0
                text5                              4718     4718      134        4       0
                text4                              99C6     99C6        6     4C65       0
                text3                             10000    10000     104A     8000       0
                text2                              96FA     96FA        E        4       0
                text1                              6F0E     6F0E       9A        4       0
                text0                                1E       1E      256        4       0
                cstackCOMRAM                        501      501       57      501       1
                cstackBANK5                         560      560       A0      560       1
                cstackBANK6                         600      600       BF      600       1
                cstackBANK7                         700      700       C3      700       1
                cstackBANK8                         800      800       78      800       1
                cstackBANK10                        AD2      AD2        2      A00       1
                bssBIGRAM                          15D0     15D0      EC8     15D0       1
                dataBANK21                         1500     1500       D0     1500       1
                bssBANK20                          1400     1400       A2     1400       1
                dataBANK19                         1300     1300       68     1300       1
                bssBANK18                          1200     1200       A2     1200       1
                bssBANK17                          1100     1100       E2     1100       1
                bssBANK16                          1000     1000       F0     1000       1
                bssBANK15                           F00      F00       E6      F00       1
                bssBANK14                           E00      E00       F6      E00       1
                bssBANK13                           D00      D00       CA      D00       1
                bssBANK12                           C00      C00       D0      C00       1
                bssBANK11                           B00      B00      100      B00       1
                dataBANK10                          A7A      A7A       58      A00       1
                bssBANK10                           A00      A00       7A      A00       1
                dataBANK9                           9ED      9ED        A      900       1
                bssBANK9                            900      900       ED      900       1
                dataBANK8                           8EE      8EE       12      800       1
                bssBANK8                            878      878       76      800       1
                dataBANK7                           7FF      7FF        1      700       1
                bssBANK7                            7C3      7C3       3C      700       1
                dataBANK6                           6F5      6F5        B      600       1
                bssBANK6                            6BF      6BF       36      600       1
                bssCOMRAM                           558      558        4      501       1
                cinit                              2460     2460      1B2        4       0
                nvBANK9                             9F7      9F7        9      900       1
                idataBANK21                        5A5E     5A5E       D0        4       0
                idataBANK19                        7AAC     7AAC       68        4       0
                idataBANK10                        7E70     7E70       58        4       0
                idataBANK9                         98BF     98BF        A        4       0
                idataBANK8                         9620     9620       12        4       0
                idataBANK7                         9A46     9A46        1     4C65       0
                idataBANK6                         98B4     98B4        B        4       0

TOTAL           Name                               Link     Load   Length     Space
        CLASS   CODE           
                init                                 1A       1A        4         0
                reset_vec                             0        0        4         0
                ivt0x8                                8        8       12         0
                text398                            9164     9164       28         0
                text397                            99BE     99BE        8         0
                text396                            99B6     99B6        8         0
                text395                            99AE     99AE        8         0
                text394                            99A6     99A6        8         0
                text393                            999E     999E        8         0
                text392                            9996     9996        8         0
                text391                            998E     998E        8         0
                text390                            9986     9986        8         0
                text389                            9A44     9A44        2         0
                text388                            909A     909A       2A         0
                text387                            8702     8702       40         0
                text386                            9A42     9A42        2         0
                text385                            9070     9070       2A         0
                text384                            96EA     96EA       10         0
                text383                            9A40     9A40        2         0
                text382                            9046     9046       2A         0
                text381                            958C     958C       18         0
                text380                            997E     997E        8         0
                text379                            9976     9976        8         0
                text378                            996E     996E        8         0
                text377                            9966     9966        8         0
                text376                            995E     995E        8         0
                text375                            9A3E     9A3E        2         0
                text374                            8F40     8F40       2E         0
                text373                            9956     9956        8         0
                text372                            9A3C     9A3C        2         0
                text371                            9296     9296       26         0
                text370                            994E     994E        8         0
                text369                            9A3A     9A3A        2         0
                text368                            9472     9472       1E         0
                text367                            8D38     8D38       32         0
                text366                            9946     9946        8         0
                text365                            9A38     9A38        2         0
                text364                            9270     9270       26         0
                text363                            993E     993E        8         0
                text362                            9A36     9A36        2         0
                text361                            9454     9454       1E         0
                text360                            8D06     8D06       32         0
                text359                            93F4     93F4       22         0
                text358                            99FC     99FC        6         0
                text357                            9A34     9A34        2         0
                text356                            9A32     9A32        2         0
                text355                            6DD0     6DD0       A0         0
                text354                            8E2A     8E2A       30         0
                text353                            93D2     93D2       22         0
                text352                            99F6     99F6        6         0
                text351                            9A30     9A30        2         0
                text350                            9A2E     9A2E        2         0
                text349                            6D30     6D30       A0         0
                text348                            8DFA     8DFA       30         0
                text347                            4DDE     4DDE      10A         0
                text346                            8DCA     8DCA       30         0
                text345                            8FC6     8FC6       2C         0
                text344                            8F12     8F12       2E         0
                text343                            924A     924A       26         0
                text342                            8EE4     8EE4       2E         0
                text341                            9224     9224       26         0
                text340                            91FE     91FE       26         0
                text339                            81E4     81E4       4C         0
                text338                            7BE0     7BE0       64         0
                text337                            1F32     1F32      1C2         0
                text336                            8D9A     8D9A       30         0
                text335                            89C2     89C2       38         0
                text334                            98FC     98FC        A         0
                text333                            6C90     6C90       A0         0
                text332                            703C     703C       92         0
                text331                            74A0     74A0       84         0
                text330                            7966     7966       70         0
                text329                            913C     913C       28         0
                text328                            898A     898A       38         0
                text327                            7794     7794       78         0
                text326                            45DC     45DC      13C         0
                text325                           1F8F4    1F8F4      288         0
                text324                            738E     738E       8A         0
                text323                            5B2E     5B2E       D0         0
                text322                           1E4A4    1E4A4      32C         0
                text321                            8EB6     8EB6       2E         0
                text320                           1EAE6    1EAE6      30C         0
                text319                            839E     839E       48         0
                text318                            63BC     63BC       BC         0
                text317                            5E66     5E66       CC         0
                text316                            27C2     27C2      1AC         0
                text315                            82C4     82C4       4A         0
                text314                            84B2     84B2       44         0
                text313                            8CD4     8CD4       32         0
                text312                           1457C    1457C      8DA         0
                text311                            91D8     91D8       26         0
                text310                            6530     6530       B8         0
                text309                            449C     449C      140         0
                text308                            597A     597A       E4         0
                text307                           18BA2    18BA2      510         0
                text306                            827A     827A       4A         0
                text305                            91B2     91B2       26         0
                text304                            62FC     62FC       C0         0
                text303                            98F2     98F2        A         0
                text302                            9668     9668       12         0
                text301                            9656     9656       12         0
                text300                            9882     9882        E         0
                text299                            846E     846E       44         0
                text298                            99F0     99F0        6         0
                text297                            96DA     96DA       10         0
                text296                            5CCC     5CCC       CE         0
                text295                            95BA     95BA       16         0
                text294                            9644     9644       12         0
                text293                            9874     9874        E         0
                text292                            8834     8834       3C         0
                text291                            9936     9936        8         0
                text290                            94E2     94E2       1A         0
                text289                            60BA     60BA       C2         0
                text288                            374A     374A      16E         0
                text287                           1FDD4    1FDD4      220         0
                text286                            9574     9574       18         0
                text285                           1F3BE    1F3BE      2AE         0
                text284                            80B2     80B2       4E         0
                text283                            5BFE     5BFE       CE         0
                text282                            8640     8640       42         0
                text281                            6BF0     6BF0       A0         0
                text280                            95A4     95A4       16         0
                text279                            98A8     98A8        C         0
                text278                            96CA     96CA       10         0
                text277                            98E8     98E8        A         0
                text276                            989C     989C        C         0
                text275                            5FF6     5FF6       C4         0
                text274                            9866     9866        E         0
                text273                            1012     1012      1FE         0
                text272                            435C     435C      140         0
                text271                            8BD8     8BD8       34         0
                text270                           1CCD0    1CCD0      39A         0
                text269                             DE0      DE0      232         0
                text268                           1B16A    1B16A      42C         0
                text267                           1E7D0    1E7D0      316         0
                text266                            9858     9858        E         0
                text265                            955C     955C       18         0
                text264                            9544     9544       18         0
                text263                            7E16     7E16       5A         0
                text262                            7304     7304       8A         0
                text261                             4C8      4C8      252         0
                text260                            8AD2     8AD2       36         0
                text259                           1F66C    1F66C      288         0
                text258                            4218     4218      144         0
                text257                           1EDF2    1EDF2      2EA         0
                text256                            8742     8742       3E         0
                text255                            8870     8870       3A         0
                text254                            960C     960C       14         0
                text253                            8BA4     8BA4       34         0
                text252                            8E88     8E88       2E         0
                text251                            6AA4     6AA4       A8         0
                text250                            842A     842A       44         0
                text249                            2612     2612      1B0         0
                text248                            57A2     57A2       EE         0
                text247                            87F8     87F8       3C         0
                text246                            2FD0     2FD0      18E         0
                text245                           13C4A    13C4A      932         0
                text244                            54CA     54CA       F6         0
                text243                            7D60     7D60       5C         0
                text242                            8952     8952       38         0
                text241                            8A9C     8A9C       36         0
                text240                            891A     891A       38         0
                text239                            8A66     8A66       36         0
                text238                            8B70     8B70       34         0
                text237                            8CA2     8CA2       32         0
                text236                            8C70     8C70       32         0
                text235                            8198     8198       4C         0
                text234                            992E     992E        8         0
                text233                            93B0     93B0       22         0
                text232                            9A2A     9A2A        4         0
                text231                            9416     9416       20         0
                text230                            984A     984A        E         0
                text229                            40D0     40D0      148         0
                text228                            9304     9304       24         0
                text227                            983C     983C        E         0
                text226                            982E     982E        E         0
                text225                            9820     9820        E         0
                text224                            771A     771A       7A         0
                text223                            952C     952C       18         0
                text222                            918C     918C       26         0
                text221                            94C8     94C8       1A         0
                text220                            9890     9890        C         0
                text219                            9812     9812        E         0
                text218                            8A30     8A30       36         0
                text217                            9804     9804        E         0
                text216                            97F6     97F6        E         0
                text215                            7D04     7D04       5C         0
                text214                            94AC     94AC       1C         0
                text213                            97E8     97E8        E         0
                text212                            97DA     97DA        E         0
                text211                            7CA6     7CA6       5E         0
                text210                            97CC     97CC        E         0
                text209                            97BE     97BE        E         0
                text208                            97B0     97B0        E         0
                text207                            97A2     97A2        E         0
                text206                            9794     9794        E         0
                text205                            6952     6952       AA         0
                text204                            9786     9786        E         0
                text203                            9778     9778        E         0
                text202                            976A     976A        E         0
                text201                            975C     975C        E         0
                text200                            974E     974E        E         0
                text199                            68A8     68A8       AA         0
                text198                            7A42     7A42       6A         0
                text197                            78F6     78F6       70         0
                text196                            8356     8356       48         0
                text195                            7EC8     7EC8       56         0
                text194                           1C1A4    1C1A4      3DA         0
                text193                            7524     7524       82         0
                text192                           168F8    168F8      656         0
                text191                             BA2      BA2      23E         0
                text190                           1AD16    1AD16      454         0
                text189                            95F8     95F8       14         0
                text188                            9740     9740        E         0
                text187                            9732     9732        E         0
                text186                             274      274      254         0
                text185                             71A      71A      24A         0
                text184                            9514     9514       18         0
                text183                            94FC     94FC       18         0
                text182                            3464     3464      176         0
                text181                            8B3C     8B3C       34         0
                text180                            32E8     32E8      17C         0
                text179                            3E3C     3E3C      14C         0
                text178                            1D66     1D66      1CC         0
                text177                            497C     497C      12A         0
                text176                           1C57E    1C57E      3B2         0
                text175                           1DACA    1DACA      354         0
                text174                           190B2    190B2      4FC         0
                text173                            7418     7418       88         0
                text172                            85FE     85FE       42         0
                text171                            96BA     96BA       10         0
                text170                            85BC     85BC       42         0
                text169                            96AA     96AA       10         0
                text168                            55C0     55C0       F2         0
                text167                            8B08     8B08       34         0
                text166                            3B84     3B84      160         0
                text165                            88E2     88E2       38         0
                text164                            969A     969A       10         0
                text163                            968A     968A       10         0
                text162                            71EC     71EC       8E         0
                text161                            8C3E     8C3E       32         0
                text160                            56B2     56B2       F0         0
                text159                           17B4C    17B4C      58E         0
                text158                            296E     296E      1A4         0
                text157                            99EA     99EA        6         0
                text156                            4BC6     4BC6      10E         0
                text155                            52DC     52DC       F8         0
                text154                            6FA8     6FA8       94         0
                text153                           1B9A8    1B9A8      408         0
                text152                            857A     857A       42         0
                text151                            8F9A     8F9A       2C         0
                text150                           1D3FC    1D3FC      374         0
                text149                            9926     9926        8         0
                text148                            991E     991E        8         0
                text147                            9916     9916        8         0
                text146                            990E     990E        8         0
                text145                            9906     9906        8         0
                text144                            51E2     51E2       FA         0
                text143                            830E     830E       48         0
                text142                           180DA    180DA      566         0
                text141                            50E8     50E8       FA         0
                text140                            814C     814C       4C         0
                text139                            35DA     35DA      170         0
                text138                            67FC     67FC       AC         0
                text137                            9114     9114       28         0
                text136                            8538     8538       42         0
                text135                            95E4     95E4       14         0
                text134                            90EC     90EC       28         0
                text133                            79D6     79D6       6C         0
                text132                            17D4     17D4      1E0         0
                text131                            967A     967A       10         0
                text130                            9A26     9A26        4         0
                text129                            9A22     9A22        4         0
                text128                            87BC     87BC       3C         0
                text127                            623C     623C       C0         0
                text126                            19B4     19B4      1DA         0
                text125                            86C2     86C2       40         0
                text124                            88AA     88AA       38         0
                text123                            7882     7882       74         0
                text122                            4CD4     4CD4      10A         0
                text121                            8014     8014       50         0
                text120                           16F4E    16F4E      624         0
                text119                            8F6E     8F6E       2C         0
                text118                            3F88     3F88      148         0
                text117                            6478     6478       B8         0
                text116                           127E6    127E6      A44         0
                text115                            69FC     69FC       A8         0
                text114                            90C4     90C4       28         0
                text113                            8D6A     8D6A       30         0
                text112                            8682     8682       40         0
                text111                           1D770    1D770      35A         0
                text110                           1B596    1B596      412         0
                text109                           1A438    1A438      47E         0
                text108                            617C     617C       C0         0
                text107                            4AA6     4AA6      120         0
                text106                           1DE1E    1DE1E      34E         0
                text105                           1F0DC    1F0DC      2E2         0
                text104                            4FEE     4FEE       FA         0
                text103                            8780     8780       3C         0
                text102                            5F32     5F32       C4         0
                text101                            7F1E     7F1E       54         0
                text100                            98DE     98DE        A         0
                text99                             98D4     98D4        A         0
                text98                            1D06A    1D06A      392         0
                text97                             484C     484C      130         0
                text96                             780C     780C       76         0
                text95                              964      964      23E         0
                text94                             22AC     22AC      1B4         0
                text93                            162A0    162A0      658         0
                text92                             674C     674C       B0         0
                text91                            14E56    14E56      712         0
                text90                             901C     901C       2A         0
                text89                             8C0C     8C0C       32         0
                text88                             76A0     76A0       7A         0
                text87                             65E8     65E8       B4         0
                text86                             7B7A     7B7A       66         0
                text85                             715E     715E       8E         0
                text84                            11CB2    11CB2      B34         0
                text83                            1322A    1322A      A20         0
                text82                            19F92    19F92      4A6         0
                text81                             7F72     7F72       52         0
                text80                             9A1E     9A1E        4         0
                text79                             9A1A     9A1A        4         0
                text78                             9A16     9A16        4         0
                text77                             98CA     98CA        A         0
                text76                             99E4     99E4        6         0
                text75                             9436     9436       1E         0
                text74                             9724     9724        E         0
                text73                             9A12     9A12        4         0
                text72                             9A0E     9A0E        4         0
                text71                             99DE     99DE        6         0
                text70                             9490     9490       1C         0
                text69                             9716     9716        E         0
                text68                             9A0A     9A0A        4         0
                text67                             9A06     9A06        4         0
                text66                             8E5A     8E5A       2E         0
                text65                             83E6     83E6       44         0
                text64                             8100     8100       4C         0
                text63                             92E0     92E0       24         0
                text62                             6B4C     6B4C       A4         0
                text61                             315E     315E      18A         0
                text60                             99D8     99D8        6         0
                text59                             2B12     2B12      19A         0
                text58                            17572    17572      5DA         0
                text57                             3CE4     3CE4      158         0
                text56                             70CE     70CE       90         0
                text55                             5D9A     5D9A       CC         0
                text54                             89FA     89FA       36         0
                text53                             9632     9632       12         0
                text52                             1400     1400      1EC         0
                text51                            1C930    1C930      3A0         0
                text50                             99D2     99D2        6         0
                text49                             938E     938E       22         0
                text48                             936C     936C       22         0
                text47                             9A02     9A02        4         0
                text46                            15568    15568      6C6         0
                text45                            1E16C    1E16C      338         0
                text44                            19AA6    19AA6      4EC         0
                text43                             2E42     2E42      18E         0
                text42                            1A8B6    1A8B6      460         0
                text41                            18640    18640      562         0
                text40                             2CAC     2CAC      196         0
                text39                             4EE8     4EE8      106         0
                text38                            1FFF4    1FFF4        C         0
                text37                             9708     9708        E         0
                text36                             5890     5890       EA         0
                text35                             727A     727A       8A         0
                text34                             1B8E     1B8E      1D8         0
                text33                             7FC4     7FC4       50         0
                text32                             92BC     92BC       24         0
                text31                             84F6     84F6       42         0
                text30                             934A     934A       22         0
                text29                             9328     9328       22         0
                text28                            1104A    1104A      C68         0
                text27                            1BDB0    1BDB0      3F4         0
                text26                             6E70     6E70       9E         0
                text25                            15C2E    15C2E      672         0
                text24                             669C     669C       B0         0
                text23                             8064     8064       4E         0
                text22                             8230     8230       4A         0
                text21                             15EC     15EC      1E8         0
                text20                             8FF2     8FF2       2A         0
                text19                             95D0     95D0       14         0
                text18                            1FB7C    1FB7C      258         0
                text17                             7B14     7B14       66         0
                text16                             7626     7626       7A         0
                text15                             7C44     7C44       62         0
                text14                            195AE    195AE      4F8         0
                text13                             99CC     99CC        6         0
                text12                             7DBC     7DBC       5A         0
                text11                             38B8     38B8      16C         0
                text10                             75A6     75A6       80         0
                text9                              53D4     53D4       F6         0
                text8                              20F4     20F4      1B8         0
                text7                              1210     1210      1F0         0
                text6                              3A24     3A24      160         0
                text5                              4718     4718      134         0
                text4                              99C6     99C6        6         0
                text3                             10000    10000     104A         0
                text2                              96FA     96FA        E         0
                text1                              6F0E     6F0E       9A         0
                text0                                1E       1E      256         0
                cinit                              2460     2460      1B2         0
                idataBANK21                        5A5E     5A5E       D0         0
                idataBANK19                        7AAC     7AAC       68         0
                idataBANK10                        7E70     7E70       58         0
                idataBANK9                         98BF     98BF        A         0
                idataBANK8                         9620     9620       12         0
                idataBANK7                         9A46     9A46        1         0
                idataBANK6                         98B4     98B4        B         0

        CLASS   CONST          

        CLASS   SMALLCONST     

        CLASS   MEDIUMCONST    
                mediumconst                        EB94     EB94     146C         0

        CLASS   COMRAM         
                cstackCOMRAM                        501      501       57         1
                bssCOMRAM                           558      558        4         1

        CLASS   ABS1           

        CLASS   BIGRAM         
                bssBIGRAM                          15D0     15D0      EC8         1

        CLASS   RAM            

        CLASS   BANK5          
                cstackBANK5                         560      560       A0         1

        CLASS   BANK6          
                cstackBANK6                         600      600       BF         1
                dataBANK6                           6F5      6F5        B         1
                bssBANK6                            6BF      6BF       36         1

        CLASS   BANK7          
                cstackBANK7                         700      700       C3         1
                dataBANK7                           7FF      7FF        1         1
                bssBANK7                            7C3      7C3       3C         1

        CLASS   BANK8          
                cstackBANK8                         800      800       78         1
                dataBANK8                           8EE      8EE       12         1
                bssBANK8                            878      878       76         1

        CLASS   BANK9          
                dataBANK9                           9ED      9ED        A         1
                bssBANK9                            900      900       ED         1
                nvBANK9                             9F7      9F7        9         1

        CLASS   BANK10         
                cstackBANK10                        AD2      AD2        2         1
                dataBANK10                          A7A      A7A       58         1
                bssBANK10                           A00      A00       7A         1

        CLASS   BANK11         
                bssBANK11                           B00      B00      100         1

        CLASS   BANK12         
                bssBANK12                           C00      C00       D0         1

[...]

/Applications/microchip/xc8/v2.46/pic/sources/c99/common/isdigit.c estimated size: 36

/Applications/microchip/xc8/v2.46/pic/sources/c99/common/abs.c
		_abs           		CODE           	913C	0000	40

/Applications/microchip/xc8/v2.46/pic/sources/c99/common/abs.c estimated size: 40

/Applications/microchip/xc8/v2.46/pic/sources/c99/common/sprcadd.c
		___flsub       		CODE           	839E	0000	72
		___fladd       		CODE           	1EAE6	0000	780

/Applications/microchip/xc8/v2.46/pic/sources/c99/common/sprcadd.c estimated size: 852

mcc_generated_files/clc2.c
		_CLC2_ISR      		CODE           	99AE	0000	8
		_CLC2_Initialize		CODE           	8A9C	0000	54

mcc_generated_files/clc2.c estimated size: 62

/Applications/microchip/xc8/v2.46/pic/sources/c99/common/awmod.c
		___awmod       		CODE           	7966	0000	112

/Applications/microchip/xc8/v2.46/pic/sources/c99/common/awmod.c estimated size: 112

/Applications/microchip/xc8/v2.46/pic/sources/c99/common/doprnt.c
		_read_prec_or_width		CODE           	6530	0000	184
		_vfpfcnvrt     		CODE           	18BA2	0000	1296
		_efgtoa        		CODE           	1457C	0000	2266
		_pad           		CODE           	7794	0000	120
		_ctoa          		CODE           	703C	0000	146
		_dtoa          		CODE           	45DC	0000	316
		_vfprintf      		CODE           	827A	0000	74
		_stoa          		CODE           	449C	0000	320
		_xtoa          		CODE           	597A	0000	228

/Applications/microchip/xc8/v2.46/pic/sources/c99/common/doprnt.c estimated size: 4950

mcc_generated_files/dma1.c
		_DMA1_Initialize		CODE           	8198	0000	76
		_DMA1_StartTransferWithTrigger		CODE           	9936	0000	8
		_DMA1_SetSourceAddress		CODE           	9644	0000	18
		_DMA1_SetSourceSize		CODE           	9874	0000	14
		_DMA1_StopTransfer		CODE           	98F2	0000	10

mcc_generated_files/dma1.c estimated size: 126

mcc_generated_files/fatfs/diskio.c
		_disk_initialize		CODE           	8F6E	0000	44
		_disk_write    		CODE           	814C	0000	76
		_disk_status   		CODE           	87BC	0000	60
		_disk_ioctl    		CODE           	95E4	0000	20
		_disk_read     		CODE           	830E	0000	72

mcc_generated_files/fatfs/diskio.c estimated size: 272

mcc_generated_files/fatfs/ff_time.c
		_decimalToFatTime		CODE           	52DC	0000	248
		_get_fattime   		CODE           	6FA8	0000	148

mcc_generated_files/fatfs/ff_time.c estimated size: 396

/Applications/microchip/xc8/v2.46/pic/sources/c99/common/isxdigit.c
		_isxdigit      		CODE           	84F6	0000	66

/Applications/microchip/xc8/v2.46/pic/sources/c99/common/isxdigit.c estimated size: 66

/Applications/microchip/xc8/v2.46/pic/sources/c99/common/__rem_pio2f.c
		___rem_pio2f   		CODE           	1CCD0	0000	922

/Applications/microchip/xc8/v2.46/pic/sources/c99/common/__rem_pio2f.c estimated size: 922

/Applications/microchip/xc8/v2.46/pic/sources/c99/common/strtof.c
		_strtof        		CODE           	1104A	0000	3176

/Applications/microchip/xc8/v2.46/pic/sources/c99/common/strtof.c estimated size: 3176

mcc_generated_files/pwm1_16bit.c
		_PWM1_16BIT_Disable		CODE           	9A1E	0000	4
		_PWM1_16BIT_Period_SetInterruptHandler		CODE           	983C	0000	14
		_PWM1_16BIT_Slice1Output1_SetInterruptHandler		CODE           	982E	0000	14
		_PWM1_16BIT_Slice1Output2_SetInterruptHandler		CODE           	9820	0000	14
		_PWM1_16BIT_Initialize		CODE           	771A	0000	122

mcc_generated_files/pwm1_16bit.c estimated size: 168

/Applications/microchip/xc8/v2.46/pic/sources/c99/common/nf_getc.c
		_fgetc         		CODE           	5890	0000	234
		_ungetc        		CODE           	727A	0000	138

/Applications/microchip/xc8/v2.46/pic/sources/c99/common/nf_getc.c estimated size: 372

motion.c
		_motion_data_read		CODE           	7B14	0000	102
		_motion_initialize		CODE           	89FA	0000	54
		_motion_print_gyro		CODE           	18640	0000	1378
		_motion_data_interrupt		CODE           	8702	0000	64
		_motion_print_accel		CODE           	1E16C	0000	824
		_angle_level_disp_average_v2		CODE           	2CAC	0000	406
		_angle_level_tilt_disp_init		CODE           	78F6	0000	112
		_angle_level_disp		CODE           	1FFF4	0000	12
		_motion_print_error		CODE           	7C44	0000	98
		_motion_data_remain_check		CODE           	7626	0000	122
		_angle_level_tilt_print		CODE           	19AA6	0000	1260
		_motion_save   		CODE           	99CC	0000	6
		_angle_level_tiltLED		CODE           	4EE8	0000	262
		_motion_clear  		CODE           	83E6	0000	68

motion.c estimated size: 4768

colorLCD.c
		_LCD_spi_open  		CODE           	98E8	0000	10
		_LCD_spi_sendByte		CODE           	989C	0000	12
		_LCD_DrawBox   		CODE           	7304	0000	138
		_LCD_spi_close 		CODE           	96CA	0000	16
		_LCD_DrawLine  		CODE           	2E42	0000	398
		_LCD_ClearScreen		CODE           	6BF0	0000	160
		_LCD_PutCHR    		CODE           	1FDD4	0000	544
		_LCD_SetPixel  		CODE           	7E16	0000	90
		_LCD_SetColor  		CODE           	9574	0000	24
		_LCD_DrawCircle		CODE           	1D66	0000	460
		_LCD_Title_Clear		CODE           	8640	0000	66
		_LCD_FontData_Generate		CODE           	374A	0000	366
		_LCD_DrawFillCircle		CODE           	497C	0000	298
		_LCD_Printf    		CODE           	1F3BE	0000	686
		_LCD_DrawFillBox		CODE           	60BA	0000	194
		_LCD_Title     		CODE           	5BFE	0000	206
		_LCD_spi_sendCommand		CODE           	98A8	0000	12
		_LCD_initialize		CODE           	5FF6	0000	196

colorLCD.c estimated size: 3876

/Applications/microchip/xc8/v2.46/pic/sources/c99/common/sinf.c
		_sinf          		CODE           	1B16A	0000	1068

/Applications/microchip/xc8/v2.46/pic/sources/c99/common/sinf.c estimated size: 1068

/Applications/microchip/xc8/v2.46/pic/sources/c99/common/labs.c
		_labs          		CODE           	82C4	0000	74

/Applications/microchip/xc8/v2.46/pic/sources/c99/common/labs.c estimated size: 74

mcc_generated_files/drivers/spi_master.c
		_LCDDMA_open   		CODE           	991E	0000	8
		_SDSLOW_open   		CODE           	9906	0000	8
		_LCD_open      		CODE           	990E	0000	8
		_TOUCH_open    		CODE           	9926	0000	8
		_SDFAST_open   		CODE           	9916	0000	8

mcc_generated_files/drivers/spi_master.c estimated size: 40

shared
		_S1            		MEDIUMCONST    	0000	0000	0
		_aT1           		MEDIUMCONST    	0000	0000	0
		_S2            		MEDIUMCONST    	0000	0000	0
		_S3            		MEDIUMCONST    	0000	0000	0
		_aT2           		MEDIUMCONST    	0000	0000	0
		_S4            		MEDIUMCONST    	0000	0000	0
		_clear_shot_data		MEDIUMCONST    	EED7	0000	51
		_aT3           		MEDIUMCONST    	0000	0000	0
		RTC8900_time_set@F18971		MEDIUMCONST    	EDE6	0000	104
		_aT4           		MEDIUMCONST    	0000	0000	0
		_title         		MEDIUMCONST    	F5C8	0000	17
		_version       		MEDIUMCONST    	F5FA	0000	5
		_atanhi        		MEDIUMCONST    	EF38	0000	16
		_str_com_target_id		MEDIUMCONST    	F5D9	0000	10
		i2_TMR3_WriteTimer		CODE           	9454	0000	30
		_str_com_aimpoint		MEDIUMCONST    	F5E3	0000	9
		_bu_text_setup 		MEDIUMCONST    	F4BE	0000	154
		_str_com_bright		MEDIUMCONST    	F5EC	0000	7
		_str_com_offset		MEDIUMCONST    	F5F3	0000	7
		_ExCvt         		MEDIUMCONST    	ECEE	0000	128
		_target_mode_mes		MEDIUMCONST    	F369	0000	176
		_font5x7       		MEDIUMCONST    	EFA9	0000	960
		_s1pio2        		MEDIUMCONST    	0000	0000	0
		__initialization		CODE           	2460	0000	428
		_s2pio2        		MEDIUMCONST    	0000	0000	0
		_s3pio2        		MEDIUMCONST    	0000	0000	0
		target_menu@F19035		MEDIUMCONST    	ED6E	0000	120
		_s4pio2        		MEDIUMCONST    	0000	0000	0
		i2_TMR1_WriteTimer		CODE           	9472	0000	30
		target_menu@F19039		MEDIUMCONST    	EB95	0000	195
		_pio2_1t       		MEDIUMCONST    	0000	0000	0
		_sdmmc_cmdtable		MEDIUMCONST    	EE4E	0000	80
		_clear_status  		MEDIUMCONST    	EF48	0000	13
		_i2c1_fsmStateTable		MEDIUMCONST    	0000	0000	0
		_half          		MEDIUMCONST    	0000	0000	0
		_pio2_1        		MEDIUMCONST    	0000	0000	0
		_C0            		MEDIUMCONST    	0000	0000	0
		_C1            		MEDIUMCONST    	0000	0000	0
		_C2            		MEDIUMCONST    	0000	0000	0
		_C3            		MEDIUMCONST    	0000	0000	0
		_spiMaster     		MEDIUMCONST    	EC58	0000	150
		_invpio2       		MEDIUMCONST    	0000	0000	0
		_spi1_configuration		MEDIUMCONST    	EF0A	0000	30
		_button_setup  		MEDIUMCONST    	F558	0000	112
		_aT0           		MEDIUMCONST    	0000	0000	0
		_vmeasure_err_mes		MEDIUMCONST    	F419	0000	165
		_atanlo        		MEDIUMCONST    	EF28	0000	16

shared estimated size: 3013

mcc_generated_files/smt1.c
		_SMT1_SetPeriod		CODE           	96FA	0000	14
		_SMT1_Initialize		CODE           	918C	0000	38
		_SMT1_PR_ACQ_ISR		CODE           	9966	0000	8
		_SMT1_DataAcquisitionEnable		CODE           	9A16	0000	4
		_SMT1_DataAcquisitionDisable		CODE           	9A1A	0000	4
		_SMT1_Overflow_ISR		CODE           	9976	0000	8

mcc_generated_files/smt1.c estimated size: 76

mcc_generated_files/mcc.c
		_SystemArbiter_Initialize		CODE           	9890	0000	12
		_PMD_Initialize		CODE           	9304	0000	36
		_OSCILLATOR_Initialize		CODE           	9416	0000	32
		_SYSTEM_Initialize		CODE           	7A42	0000	106

mcc_generated_files/mcc.c estimated size: 186

spiDMA.c
		_LCD_spi_Txonly_open		CODE           	95BA	0000	22
		_LCD_spi_Txonly_close		CODE           	96DA	0000	16
		_LCD_spi_Txonly_sendCommand		CODE           	9668	0000	18
		_LCD_spi_dma_onceagain		CODE           	94E2	0000	26
		_LCD_spi_Txonly_sendWord		CODE           	9882	0000	14
		_LCD_spi_Txonly_address_set		CODE           	846E	0000	68
		_LCD_spi_Txonly_sendByte		CODE           	9656	0000	18
		_LCD_spi_dma   		CODE           	8834	0000	60

spiDMA.c estimated size: 242

mcc_generated_files/tmr3.c
		_TMR3_ISR      		CODE           	8D06	0000	50
		_TMR3_GATE_ISR 		CODE           	9270	0000	38
		_TMR3_DefaultGateInterruptHandler		CODE           	9A38	0000	2
		_TMR3_Initialize		CODE           	7CA6	0000	94
		_TMR3_StartSinglePulseAcquisition		CODE           	9A02	0000	4
		_TMR3_SetInterruptHandler		CODE           	97DA	0000	14
		_TMR3_StopTimer		CODE           	9A06	0000	4
		_TMR3_Reload   		CODE           	9716	0000	14
		_TMR3_DefaultInterruptHandler		CODE           	9A36	0000	2
		_TMR3_WriteTimer		CODE           	9490	0000	28
		_TMR3_StartTimer		CODE           	9A0A	0000	4
		_TMR3_ReadTimer		CODE           	936C	0000	34
		_TMR3_SetGateInterruptHandler		CODE           	97E8	0000	14

mcc_generated_files/tmr3.c estimated size: 302

SDcard.c
		_motion_log_sd_write		CODE           	195AE	0000	1272
		_generate_filename_date		CODE           	3464	0000	374
		_SDcard_open   		CODE           	674C	0000	176
		_shot_log_sd_write		CODE           	4718	0000	308
		_SDcard_false  		CODE           	8D6A	0000	48
		_SDcard_close  		CODE           	90C4	0000	40
		_SDcard_write  		CODE           	8C0C	0000	50
		_shotheader_sd_write		CODE           	76A0	0000	122
		_SDcard_false_erase		CODE           	8682	0000	64

SDcard.c estimated size: 2454

mcc_generated_files/pwm3.c
		_PWM3_Initialize		CODE           	952C	0000	24
		_PWM3_LoadDutyValue		CODE           	8E88	0000	46

mcc_generated_files/pwm3.c estimated size: 70

/Applications/microchip/xc8/v2.46/pic/sources/c99/common/memcpy.c
		_memcpy        		CODE           	84B2	0000	68

/Applications/microchip/xc8/v2.46/pic/sources/c99/common/memcpy.c estimated size: 68

mcc_generated_files/tmr1.c
		_TMR1_Initialize		CODE           	7D04	0000	92
		_TMR1_StartSinglePulseAcquisition		CODE           	9A12	0000	4
		_TMR1_SetInterruptHandler		CODE           	97F6	0000	14
		_TMR1_StopTimer		CODE           	99DE	0000	6
		_TMR1_Reload   		CODE           	9724	0000	14
		_TMR1_DefaultInterruptHandler		CODE           	9A3A	0000	2
		_TMR1_WriteTimer		CODE           	9436	0000	30
		_TMR1_StartTimer		CODE           	9A0E	0000	4
		_TMR1_ReadTimer		CODE           	938E	0000	34
		_TMR1_SetGateInterruptHandler		CODE           	9804	0000	14
		_TMR1_ISR      		CODE           	8D38	0000	50
		_TMR1_GATE_ISR 		CODE           	9296	0000	38
		_TMR1_DefaultGateInterruptHandler		CODE           	9A3C	0000	2

mcc_generated_files/tmr1.c estimated size: 304

/Applications/microchip/xc8/v2.46/pic/sources/c99/common/flge.c
		___flge        		CODE           	5B2E	0000	208

/Applications/microchip/xc8/v2.46/pic/sources/c99/common/flge.c estimated size: 208

menu.c
		_target_id_read		CODE           	99EA	0000	6
		_menu_clear_screen		CODE           	8BA4	0000	52
		_target_set_up_command		CODE           	56B2	0000	240
		_target_offset_h		CODE           	99C6	0000	6
		_target_num_send		CODE           	715E	0000	142
		_write_rom_setup		CODE           	57A2	0000	238
		_read_rom_setup		CODE           	1400	0000	492
		_setup_menu    		CODE           	19F92	0000	1190
		_touch_menu    		CODE           	1322A	0000	2592
		_target_menu   		CODE           	11CB2	0000	2868
		_set_setup     		CODE           	2612	0000	432

menu.c estimated size: 8258

/Applications/microchip/xc8/v2.46/pic/sources/c99/common/doscan.c
		_atoaefg       		CODE           	1BDB0	0000	1012
		_is_inf_nan    		CODE           	1B8E	0000	472
		_vfsfcnvrt     		CODE           	15C2E	0000	1650
		_vfscanf       		CODE           	669C	0000	176
		_skipws        		CODE           	7FC4	0000	80

/Applications/microchip/xc8/v2.46/pic/sources/c99/common/doscan.c estimated size: 3390

/Applications/microchip/xc8/v2.46/pic/sources/c99/common/lwdiv.c
		___lwdiv       		CODE           	7F72	0000	82

/Applications/microchip/xc8/v2.46/pic/sources/c99/common/lwdiv.c estimated size: 82

/Applications/microchip/xc8/v2.46/pic/sources/c99/common/sqrtf.c
		_sqrtf         		CODE           	1DACA	0000	852

/Applications/microchip/xc8/v2.46/pic/sources/c99/common/sqrtf.c estimated size: 852

mcc_generated_files/memory.c
		_DATAEE_WriteByte		CODE           	842A	0000	68
		_DATAEE_ReadByte		CODE           	9514	0000	24

mcc_generated_files/memory.c estimated size: 92

BME280_v2.c
		_compensate_H  		CODE           	1C1A4	0000	986
		_compensate_P  		CODE           	168F8	0000	1622
		_compensate_T  		CODE           	0BA2	0000	574
		_BME280_disp   		CODE           	1AD16	0000	1108
		_Trim_Read     		CODE           	1F32	0000	450
		_BME280_initialize		CODE           	62FC	0000	192
		_BME280_frame_disp		CODE           	8356	0000	72

BME280_v2.c estimated size: 5004

/Applications/microchip/xc8/v2.46/pic/sources/c99/common/Umul16.c
		___wmul        		CODE           	91D8	0000	38

/Applications/microchip/xc8/v2.46/pic/sources/c99/common/Umul16.c estimated size: 38

/Applications/microchip/xc8/v2.46/pic/sources/c99/common/awdiv.c
		___awdiv       		CODE           	74A0	0000	132

/Applications/microchip/xc8/v2.46/pic/sources/c99/common/awdiv.c estimated size: 132

/Applications/microchip/xc8/v2.46/pic/sources/c99/common/fltol.c
		___fltol       		CODE           	63BC	0000	188

/Applications/microchip/xc8/v2.46/pic/sources/c99/common/fltol.c estimated size: 188

mcc_generated_files/adcc.c
		_ADCC_GetConversionResult		CODE           	95F8	0000	20
		_ADCC_StartConversion		CODE           	9732	0000	14
		_ADCC_Initialize		CODE           	7D60	0000	92
		_ADCC_IsConversionDone		CODE           	9740	0000	14

mcc_generated_files/adcc.c estimated size: 140

mcc_generated_files/clc5.c
		_CLC5_Initialize		CODE           	8B70	0000	52

mcc_generated_files/clc5.c estimated size: 52

/Applications/microchip/xc8/v2.46/pic/sources/c99/common/aldiv.c
		___aldiv       		CODE           	5D9A	0000	204

/Applications/microchip/xc8/v2.46/pic/sources/c99/common/aldiv.c estimated size: 204

main.c
		_input_mmi     		CODE           	70CE	0000	144
		_sleep_count_reset		CODE           	92E0	0000	36
		_power_off     		CODE           	6AA4	0000	168
		_BatV_disp     		CODE           	0274	0000	596
		_detect_SW1    		CODE           	9986	0000	8
		_read_rom_main 		CODE           	9632	0000	18
		_main          		CODE           	001E	0000	598
		_footer_rewrite		CODE           	65E8	0000	180
		_shut_down     		CODE           	315E	0000	394
		_power_switch  		CODE           	87F8	0000	60
		_low_battery   		CODE           	296E	0000	420

main.c estimated size: 2622

mcc_generated_files/clc3.c
		_CLC3_ISR      		CODE           	999E	0000	8
		_CLC3_Initialize		CODE           	891A	0000	56

mcc_generated_files/clc3.c estimated size: 64

mcc_generated_files/sd_spi/sd_spi.c
		_SD_SPI_IsWriteProtected		CODE           	9A22	0000	4
		_SD_SPI_IsMediaInitialized		CODE           	967A	0000	16
		_SD_SPI_DelayMilliseconds		CODE           	8014	0000	80
		_SD_SPI_IsMediaPresent		CODE           	9A26	0000	4
		_SD_SPI_SectorWrite		CODE           	50E8	0000	250
		_SD_SPI_MediaInitialize		CODE           	16F4E	0000	1572
		_SD_SendCmd    		CODE           	1B9A8	0000	1032
		_SD_SPI_AsyncReadTasks		CODE           	1D3FC	0000	884
		_SD_SPI_AsyncWriteTasks		CODE           	180DA	0000	1382
		_SD_SPI_SectorRead		CODE           	51E2	0000	250

mcc_generated_files/sd_spi/sd_spi.c estimated size: 5474

Vmeasure4.c
		_vmeasure_initialize		CODE           	6F0E	0000	154
		_timer1_timeout		CODE           	994E	0000	8
		_vmeasure_ready		CODE           	6B4C	0000	164
		_print_indicator		CODE           	8100	0000	76
		_print_targetmode		CODE           	17B4C	0000	1422
		_print_target_ctc		CODE           	53D4	0000	246
		_target_mode_get		CODE           	99D8	0000	6
		_print_shot    		CODE           	75A6	0000	128
		_impact_timer_capture		CODE           	996E	0000	8
		_detect_sensor1		CODE           	9164	0000	40
		_detect_sensor2		CODE           	99B6	0000	8
		_detect_sensor3		CODE           	99A6	0000	8
		_detect_sensor4		CODE           	9996	0000	8
		_print_v0      		CODE           	1210	0000	496
		_print_ve      		CODE           	3A24	0000	352
		_v0_data_reset 		CODE           	3CE4	0000	344
		_sensor_connect_check		CODE           	4BC6	0000	270
		_v0_timer_gate 		CODE           	9956	0000	8
		_set_v0sensor  		CODE           	3E3C	0000	332
		_print_i_time  		CODE           	7418	0000	136
		_timer0_timeout		CODE           	995E	0000	8
		_ve_timer_gate 		CODE           	9946	0000	8
		_print_target_xy		CODE           	20F4	0000	440
		_timer3_timeout		CODE           	993E	0000	8
		_print_v0_chart		CODE           	17572	0000	1498
		_print_impact_time		CODE           	38B8	0000	364
		_vmeasure      		CODE           	10000	0000	4170
		_print_error   		CODE           	7DBC	0000	90
		_smt_timeout   		CODE           	997E	0000	8

Vmeasure4.c estimated size: 10808

/Applications/microchip/xc8/v2.46/pic/sources/c99/common/nf_fputs.c
		_fputs         		CODE           	898A	0000	56

/Applications/microchip/xc8/v2.46/pic/sources/c99/common/nf_fputs.c estimated size: 56

/Applications/microchip/xc8/v2.46/pic/sources/c99/common/printf.c
		_printf        		CODE           	91B2	0000	38

/Applications/microchip/xc8/v2.46/pic/sources/c99/common/printf.c estimated size: 38

mcc_generated_files/uart4.c
		_UART4_SetRxInterruptHandler		CODE           	975C	0000	14
		_UART4_SetTxInterruptHandler		CODE           	974E	0000	14
		_UART4_Initialize		CODE           	68A8	0000	170
		_UART4_SetErrorHandler		CODE           	9786	0000	14
		_UART4_Transmit_ISR		CODE           	8DFA	0000	48
		_putch         		CODE           	98FC	0000	10
		_UART4_Read    		CODE           	85BC	0000	66
		_UART4_DefaultFramingErrorHandler		CODE           	9A30	0000	2
		_UART4_is_rx_ready		CODE           	96AA	0000	16
		_UART4_is_tx_ready		CODE           	968A	0000	16
		_UART4_DefaultErrorHandler		CODE           	99F6	0000	6
		_UART4_RxDataHandler		CODE           	93D2	0000	34
		_UART4_DefaultOverrunErrorHandler		CODE           	9A2E	0000	2
		_UART4_Write   		CODE           	89C2	0000	56
		_getch         		CODE           	9708	0000	14
		_UART4_SetFramingErrorHandler		CODE           	9778	0000	14
		_UART4_SetOverrunErrorHandler		CODE           	976A	0000	14
		_UART4_Receive_ISR		CODE           	6D30	0000	160

mcc_generated_files/uart4.c estimated size: 670

mcc_generated_files/clc1.c
		_CLC1_ISR      		CODE           	99BE	0000	8
		_CLC1_Initialize		CODE           	8952	0000	56

mcc_generated_files/clc1.c estimated size: 64

